Archive member included because of file (symbol)

C:\Users\hp\AppData\Local\Temp\arduino\cores\a9119d465712ab722e1faba262e6ea75\core.a(HardwareSerial.cpp.o)
                              C:\Users\hp\AppData\Local\Temp\arduino\sketches\63B866908D82D2984701EB2CBB8A8C10\core\board.cpp.o (HardwareSerial::HardwareSerial(usart_dev*, unsigned char, unsigned char))
C:\Users\hp\AppData\Local\Temp\arduino\cores\a9119d465712ab722e1faba262e6ea75\core.a(Print.cpp.o)
                              C:\Users\hp\AppData\Local\Temp\arduino\sketches\63B866908D82D2984701EB2CBB8A8C10\libraries\USBComposite\Keyboard.cpp.o (Print::write(void const*, unsigned long))
C:\Users\hp\AppData\Local\Temp\arduino\cores\a9119d465712ab722e1faba262e6ea75\core.a(cxxabi-compat.cpp.o)
                              C:\Users\hp\AppData\Local\Temp\arduino\sketches\63B866908D82D2984701EB2CBB8A8C10\libraries\USBComposite\USBHID.cpp.o (__cxa_pure_virtual)
C:\Users\hp\AppData\Local\Temp\arduino\cores\a9119d465712ab722e1faba262e6ea75\core.a(adc.c.o)
                              C:\Users\hp\AppData\Local\Temp\arduino\sketches\63B866908D82D2984701EB2CBB8A8C10\core\wirish\boards.cpp.o (adc_set_sample_rate)
C:\Users\hp\AppData\Local\Temp\arduino\cores\a9119d465712ab722e1faba262e6ea75\core.a(adc_f1.c.o)
                              (__irq_adc)
C:\Users\hp\AppData\Local\Temp\arduino\cores\a9119d465712ab722e1faba262e6ea75\core.a(dma_f1.c.o)
                              (__irq_dma1_channel1)
C:\Users\hp\AppData\Local\Temp\arduino\cores\a9119d465712ab722e1faba262e6ea75\core.a(exc.S.o)
                              (__exc_nmi)
C:\Users\hp\AppData\Local\Temp\arduino\cores\a9119d465712ab722e1faba262e6ea75\core.a(exti.c.o)
                              (__irq_exti0)
C:\Users\hp\AppData\Local\Temp\arduino\cores\a9119d465712ab722e1faba262e6ea75\core.a(exti_f1.c.o)
                              C:\Users\hp\AppData\Local\Temp\arduino\cores\a9119d465712ab722e1faba262e6ea75\core.a(exti.c.o) (exti_select)
C:\Users\hp\AppData\Local\Temp\arduino\cores\a9119d465712ab722e1faba262e6ea75\core.a(flash.c.o)
                              C:\Users\hp\AppData\Local\Temp\arduino\sketches\63B866908D82D2984701EB2CBB8A8C10\core\wirish\boards.cpp.o (flash_set_latency)
C:\Users\hp\AppData\Local\Temp\arduino\cores\a9119d465712ab722e1faba262e6ea75\core.a(gpio_f1.c.o)
                              C:\Users\hp\AppData\Local\Temp\arduino\sketches\63B866908D82D2984701EB2CBB8A8C10\core\wirish\boards_setup.cpp.o (gpio_init_all)
C:\Users\hp\AppData\Local\Temp\arduino\cores\a9119d465712ab722e1faba262e6ea75\core.a(i2c_f1.c.o)
                              (__irq_i2c1_ev)
C:\Users\hp\AppData\Local\Temp\arduino\cores\a9119d465712ab722e1faba262e6ea75\core.a(iwdg.c.o)
                              C:\Users\hp\AppData\Local\Temp\arduino\sketches\63B866908D82D2984701EB2CBB8A8C10\libraries\USBComposite\USBCompositeSerial.cpp.o (iwdg_init)
C:\Users\hp\AppData\Local\Temp\arduino\cores\a9119d465712ab722e1faba262e6ea75\core.a(nvic.c.o)
                              C:\Users\hp\AppData\Local\Temp\arduino\cores\a9119d465712ab722e1faba262e6ea75\core.a(i2c_f1.c.o) (nvic_irq_set_priority)
C:\Users\hp\AppData\Local\Temp\arduino\cores\a9119d465712ab722e1faba262e6ea75\core.a(rcc.c.o)
                              C:\Users\hp\AppData\Local\Temp\arduino\sketches\63B866908D82D2984701EB2CBB8A8C10\core\wirish\boards.cpp.o (rcc_switch_sysclk)
C:\Users\hp\AppData\Local\Temp\arduino\cores\a9119d465712ab722e1faba262e6ea75\core.a(rcc_f1.c.o)
                              C:\Users\hp\AppData\Local\Temp\arduino\sketches\63B866908D82D2984701EB2CBB8A8C10\core\wirish\boards.cpp.o (rcc_configure_pll)
C:\Users\hp\AppData\Local\Temp\arduino\cores\a9119d465712ab722e1faba262e6ea75\core.a(isrs.S.o)
                              (__stm32reservedexception7)
C:\Users\hp\AppData\Local\Temp\arduino\cores\a9119d465712ab722e1faba262e6ea75\core.a(vector_table.S.o)
                              (__stm32_vector_table)
C:\Users\hp\AppData\Local\Temp\arduino\cores\a9119d465712ab722e1faba262e6ea75\core.a(systick.c.o)
                              C:\Users\hp\AppData\Local\Temp\arduino\sketches\63B866908D82D2984701EB2CBB8A8C10\core\wirish\boards.cpp.o (systick_init)
C:\Users\hp\AppData\Local\Temp\arduino\cores\a9119d465712ab722e1faba262e6ea75\core.a(timer.c.o)
                              C:\Users\hp\AppData\Local\Temp\arduino\sketches\63B866908D82D2984701EB2CBB8A8C10\core\wirish\boards.cpp.o (timer_foreach)
C:\Users\hp\AppData\Local\Temp\arduino\cores\a9119d465712ab722e1faba262e6ea75\core.a(usart.c.o)
                              C:\Users\hp\AppData\Local\Temp\arduino\cores\a9119d465712ab722e1faba262e6ea75\core.a(HardwareSerial.cpp.o) (usart_init)
C:\Users\hp\AppData\Local\Temp\arduino\cores\a9119d465712ab722e1faba262e6ea75\core.a(usart_f1.c.o)
[...]
Memory Configuration

Name             Origin             Length             Attributes
ram              0x20000000         0x00005000         xrw
rom              0x08000000         0x00020000         xr
*default*        0x00000000         0xffffffff

Linker script and memory map

LOAD c:/users/hp/appdata/local/arduino15/packages/arduino/tools/arm-none-eabi-gcc/4.8.3-2014q1/bin/../lib/gcc/arm-none-eabi/4.8.3/armv7-m/crti.o
LOAD c:/users/hp/appdata/local/arduino15/packages/arduino/tools/arm-none-eabi-gcc/4.8.3-2014q1/bin/../lib/gcc/arm-none-eabi/4.8.3/armv7-m/crtbegin.o
LOAD c:/users/hp/appdata/local/arduino15/packages/arduino/tools/arm-none-eabi-gcc/4.8.3-2014q1/bin/../lib/gcc/arm-none-eabi/4.8.3/../../../../arm-none-eabi/lib/armv7-m/crt0.o
LOAD c:/users/hp/appdata/local/arduino15/packages/arduino/tools/arm-none-eabi-gcc/4.8.3-2014q1/bin/../lib/gcc/arm-none-eabi/4.8.3/armv7-m\libgcc.a
START GROUP
LOAD C:\Users\hp\AppData\Local\Temp\arduino\sketches\63B866908D82D2984701EB2CBB8A8C10\sketch\usb_keyboard_v0.5.ino.cpp.o
LOAD C:\Users\hp\AppData\Local\Temp\arduino\sketches\63B866908D82D2984701EB2CBB8A8C10\libraries\USBComposite\AbsMouse.cpp.o
LOAD C:\Users\hp\AppData\Local\Temp\arduino\sketches\63B866908D82D2984701EB2CBB8A8C10\libraries\USBComposite\Consumer.cpp.o
LOAD C:\Users\hp\AppData\Local\Temp\arduino\sketches\63B866908D82D2984701EB2CBB8A8C10\libraries\USBComposite\Digitizer.cpp.o
LOAD C:\Users\hp\AppData\Local\Temp\arduino\sketches\63B866908D82D2984701EB2CBB8A8C10\libraries\USBComposite\HIDReports.cpp.o
LOAD C:\Users\hp\AppData\Local\Temp\arduino\sketches\63B866908D82D2984701EB2CBB8A8C10\libraries\USBComposite\Joystick.cpp.o
LOAD C:\Users\hp\AppData\Local\Temp\arduino\sketches\63B866908D82D2984701EB2CBB8A8C10\libraries\USBComposite\Keyboard.cpp.o
LOAD C:\Users\hp\AppData\Local\Temp\arduino\sketches\63B866908D82D2984701EB2CBB8A8C10\libraries\USBComposite\MinSysex.c.o
LOAD C:\Users\hp\AppData\Local\Temp\arduino\sketches\63B866908D82D2984701EB2CBB8A8C10\libraries\USBComposite\Mouse.cpp.o
LOAD C:\Users\hp\AppData\Local\Temp\arduino\sketches\63B866908D82D2984701EB2CBB8A8C10\libraries\USBComposite\USBAudio.cpp.o
LOAD C:\Users\hp\AppData\Local\Temp\arduino\sketches\63B866908D82D2984701EB2CBB8A8C10\libraries\USBComposite\USBComposite.cpp.o
LOAD C:\Users\hp\AppData\Local\Temp\arduino\sketches\63B866908D82D2984701EB2CBB8A8C10\libraries\USBComposite\USBCompositeSerial.cpp.o
LOAD C:\Users\hp\AppData\Local\Temp\arduino\sketches\63B866908D82D2984701EB2CBB8A8C10\libraries\USBComposite\USBHID.cpp.o
LOAD C:\Users\hp\AppData\Local\Temp\arduino\sketches\63B866908D82D2984701EB2CBB8A8C10\libraries\USBComposite\USBMIDI.cpp.o
LOAD C:\Users\hp\AppData\Local\Temp\arduino\sketches\63B866908D82D2984701EB2CBB8A8C10\libraries\USBComposite\USBMassStorage.cpp.o
LOAD C:\Users\hp\AppData\Local\Temp\arduino\sketches\63B866908D82D2984701EB2CBB8A8C10\libraries\USBComposite\USBMultiSerial.cpp.o
LOAD C:\Users\hp\AppData\Local\Temp\arduino\sketches\63B866908D82D2984701EB2CBB8A8C10\libraries\USBComposite\USBMultiXBox360.cpp.o
LOAD C:\Users\hp\AppData\Local\Temp\arduino\sketches\63B866908D82D2984701EB2CBB8A8C10\libraries\USBComposite\USBXBox360Reporter.cpp.o
LOAD C:\Users\hp\AppData\Local\Temp\arduino\sketches\63B866908D82D2984701EB2CBB8A8C10\libraries\USBComposite\USBXBox360W.cpp.o
LOAD C:\Users\hp\AppData\Local\Temp\arduino\sketches\63B866908D82D2984701EB2CBB8A8C10\libraries\USBComposite\usb_audio.c.o
LOAD C:\Users\hp\AppData\Local\Temp\arduino\sketches\63B866908D82D2984701EB2CBB8A8C10\libraries\USBComposite\usb_composite_serial.c.o
LOAD C:\Users\hp\AppData\Local\Temp\arduino\sketches\63B866908D82D2984701EB2CBB8A8C10\libraries\USBComposite\usb_generic.c.o
LOAD C:\Users\hp\AppData\Local\Temp\arduino\sketches\63B866908D82D2984701EB2CBB8A8C10\libraries\USBComposite\usb_hid.c.o
LOAD C:\Users\hp\AppData\Local\Temp\arduino\sketches\63B866908D82D2984701EB2CBB8A8C10\libraries\USBComposite\usb_mass.c.o
LOAD C:\Users\hp\AppData\Local\Temp\arduino\sketches\63B866908D82D2984701EB2CBB8A8C10\libraries\USBComposite\usb_mass_mal.c.o
LOAD C:\Users\hp\AppData\Local\Temp\arduino\sketches\63B866908D82D2984701EB2CBB8A8C10\libraries\USBComposite\usb_midi_device.c.o
LOAD C:\Users\hp\AppData\Local\Temp\arduino\sketches\63B866908D82D2984701EB2CBB8A8C10\libraries\USBComposite\usb_multi_serial.c.o
LOAD C:\Users\hp\AppData\Local\Temp\arduino\sketches\63B866908D82D2984701EB2CBB8A8C10\libraries\USBComposite\usb_multi_x360.c.o
LOAD C:\Users\hp\AppData\Local\Temp\arduino\sketches\63B866908D82D2984701EB2CBB8A8C10\libraries\USBComposite\usb_scsi.c.o
LOAD C:\Users\hp\AppData\Local\Temp\arduino\sketches\63B866908D82D2984701EB2CBB8A8C10\libraries\USBComposite\usb_scsi_data.c.o
LOAD C:\Users\hp\AppData\Local\Temp\arduino\sketches\63B866908D82D2984701EB2CBB8A8C10\libraries\USBComposite\usb_setup.cpp.o
LOAD C:\Users\hp\AppData\Local\Temp\arduino\sketches\63B866908D82D2984701EB2CBB8A8C10\libraries\USBComposite\usb_x360_generic.c.o
LOAD C:\Users\hp\AppData\Local\Temp\arduino\sketches\63B866908D82D2984701EB2CBB8A8C10\libraries\USBComposite\usb_x360w.c.o
LOAD C:\Users\hp\AppData\Local\Temp\arduino\sketches\63B866908D82D2984701EB2CBB8A8C10\core\board.cpp.o
LOAD C:\Users\hp\AppData\Local\Temp\arduino\sketches\63B866908D82D2984701EB2CBB8A8C10\core\wirish\boards.cpp.o
LOAD C:\Users\hp\AppData\Local\Temp\arduino\sketches\63B866908D82D2984701EB2CBB8A8C10\core\wirish\boards_setup.cpp.o
LOAD C:\Users\hp\AppData\Local\Temp\arduino\sketches\63B866908D82D2984701EB2CBB8A8C10\core\wirish\start.S.o
LOAD C:\Users\hp\AppData\Local\Temp\arduino\sketches\63B866908D82D2984701EB2CBB8A8C10\core\wirish\start_c.c.o
LOAD C:\Users\hp\AppData\Local\Temp\arduino\sketches\63B866908D82D2984701EB2CBB8A8C10\core\wirish\syscalls.c.o
LOAD C:\Users\hp\AppData\Local\Temp\arduino\cores\a9119d465712ab722e1faba262e6ea75\core.a
END GROUP
LOAD c:/users/hp/appdata/local/arduino15/packages/arduino/tools/arm-none-eabi-gcc/4.8.3-2014q1/bin/../lib/gcc/arm-none-eabi/4.8.3/../../../../arm-none-eabi/lib/armv7-m\libstdc++.a
LOAD c:/users/hp/appdata/local/arduino15/packages/arduino/tools/arm-none-eabi-gcc/4.8.3-2014q1/bin/../lib/gcc/arm-none-eabi/4.8.3/../../../../arm-none-eabi/lib/armv7-m\libm.a
START GROUP
LOAD c:/users/hp/appdata/local/arduino15/packages/arduino/tools/arm-none-eabi-gcc/4.8.3-2014q1/bin/../lib/gcc/arm-none-eabi/4.8.3/armv7-m\libgcc.a
LOAD c:/users/hp/appdata/local/arduino15/packages/arduino/tools/arm-none-eabi-gcc/4.8.3-2014q1/bin/../lib/gcc/arm-none-eabi/4.8.3/../../../../arm-none-eabi/lib/armv7-m\libc.a
END GROUP
LOAD c:/users/hp/appdata/local/arduino15/packages/arduino/tools/arm-none-eabi-gcc/4.8.3-2014q1/bin/../lib/gcc/arm-none-eabi/4.8.3/armv7-m/crtend.o
LOAD c:/users/hp/appdata/local/arduino15/packages/arduino/tools/arm-none-eabi-gcc/4.8.3-2014q1/bin/../lib/gcc/arm-none-eabi/4.8.3/armv7-m/crtn.o
START GROUP
LOAD c:/users/hp/appdata/local/arduino15/packages/arduino/tools/arm-none-eabi-gcc/4.8.3-2014q1/bin/../lib/gcc/arm-none-eabi/4.8.3/armv7-m\libgcc.a
LOAD c:/users/hp/appdata/local/arduino15/packages/arduino/tools/arm-none-eabi-gcc/4.8.3-2014q1/bin/../lib/gcc/arm-none-eabi/4.8.3/../../../../arm-none-eabi/lib/armv7-m\libc.a
LOAD c:/users/hp/appdata/local/arduino15/packages/arduino/tools/arm-none-eabi-gcc/4.8.3-2014q1/bin/../lib/gcc/arm-none-eabi/4.8.3/../../../../arm-none-eabi/lib/armv7-m\libm.a
END GROUP
START GROUP
LOAD c:/users/hp/appdata/local/arduino15/packages/arduino/tools/arm-none-eabi-gcc/4.8.3-2014q1/bin/../lib/gcc/arm-none-eabi/4.8.3/../../../../arm-none-eabi/lib/armv7-m\libnosys.a
END GROUP
                0x20005000                PROVIDE (__msp_init, (ORIGIN (ram) + 0x5000))
                0x08002088                PROVIDE (__exc_reset, __start__)

.text           0x08000000     0x518c
                0x08000000                __text_start__ = .
 *(.stm32.interrupt_vector)
 .stm32.interrupt_vector
                0x08000000       0xec C:\Users\hp\AppData\Local\Temp\arduino\cores\a9119d465712ab722e1faba262e6ea75\core.a(vector_table.S.o)
                0x08000000                __stm32_vector_table
 *(.text .text.* .gnu.linkonce.t.*)
 .text          0x080000ec       0x54 c:/users/hp/appdata/local/arduino15/packages/arduino/tools/arm-none-eabi-gcc/4.8.3-2014q1/bin/../lib/gcc/arm-none-eabi/4.8.3/armv7-m/crtbegin.o
 .text._Z41__static_initialization_and_destruction_0ii
                0x08000140       0xb0 C:\Users\hp\AppData\Local\Temp\arduino\sketches\63B866908D82D2984701EB2CBB8A8C10\sketch\usb_keyboard_v0.5.ino.cpp.o
 .text._Z4go_zi
                0x080001f0       0x18 C:\Users\hp\AppData\Local\Temp\arduino\sketches\63B866908D82D2984701EB2CBB8A8C10\sketch\usb_keyboard_v0.5.ino.cpp.o
                0x080001f0                go_z(int)
 .text._Z5go_pui
                0x08000208       0x18 C:\Users\hp\AppData\Local\Temp\arduino\sketches\63B866908D82D2984701EB2CBB8A8C10\sketch\usb_keyboard_v0.5.ino.cpp.o
                0x08000208                go_pu(int)
 .text._Z4go_0i
                0x08000220       0x18 C:\Users\hp\AppData\Local\Temp\arduino\sketches\63B866908D82D2984701EB2CBB8A8C10\sketch\usb_keyboard_v0.5.ino.cpp.o
                0x08000220                go_0(int)
 .text._Z4go_1i
                0x08000238       0x18 C:\Users\hp\AppData\Local\Temp\arduino\sketches\63B866908D82D2984701EB2CBB8A8C10\sketch\usb_keyboard_v0.5.ino.cpp.o
                0x08000238                go_1(int)
 .text._Z5setupv
                0x08000250       0xb8 C:\Users\hp\AppData\Local\Temp\arduino\sketches\63B866908D82D2984701EB2CBB8A8C10\sketch\usb_keyboard_v0.5.ino.cpp.o
                0x08000250                setup()
 .text._Z8load_modi
                0x08000308       0xa4 C:\Users\hp\AppData\Local\Temp\arduino\sketches\63B866908D82D2984701EB2CBB8A8C10\sketch\usb_keyboard_v0.5.ino.cpp.o
                0x08000308                load_mod(int)
 .text._Z9clear_modi
                0x080003ac       0xb0 C:\Users\hp\AppData\Local\Temp\arduino\sketches\63B866908D82D2984701EB2CBB8A8C10\sketch\usb_keyboard_v0.5.ino.cpp.o
                0x080003ac                clear_mod(int)
 .text._Z9load_sloti
                0x0800045c       0xd0 C:\Users\hp\AppData\Local\Temp\arduino\sketches\63B866908D82D2984701EB2CBB8A8C10\sketch\usb_keyboard_v0.5.ino.cpp.o
                0x0800045c                load_slot(int)
 .text._Z10clear_sloti
                0x0800052c       0xe8 C:\Users\hp\AppData\Local\Temp\arduino\sketches\63B866908D82D2984701EB2CBB8A8C10\sketch\usb_keyboard_v0.5.ino.cpp.o
                0x0800052c                clear_slot(int)
 .text._Z4loopv
                0x08000614      0x3e8 C:\Users\hp\AppData\Local\Temp\arduino\sketches\63B866908D82D2984701EB2CBB8A8C10\sketch\usb_keyboard_v0.5.ino.cpp.o
                0x08000614                loop()
 .text._GLOBAL__sub_I_modifiers
                0x080009fc       0x10 C:\Users\hp\AppData\Local\Temp\arduino\sketches\63B866908D82D2984701EB2CBB8A8C10\sketch\usb_keyboard_v0.5.ino.cpp.o
 .text._ZN11HIDConsumer5pressEt
                0x08000a0c        0xc C:\Users\hp\AppData\Local\Temp\arduino\sketches\63B866908D82D2984701EB2CBB8A8C10\libraries\USBComposite\Consumer.cpp.o
                0x08000a0c                HIDConsumer::press(unsigned short)
 .text._ZN11HIDConsumer7releaseEv
                0x08000a18       0x10 C:\Users\hp\AppData\Local\Temp\arduino\sketches\63B866908D82D2984701EB2CBB8A8C10\libraries\USBComposite\Consumer.cpp.o
                0x08000a18                HIDConsumer::release()
 .text._ZN11HIDKeyboard5writeEh
                0x08000a28       0x20 C:\Users\hp\AppData\Local\Temp\arduino\sketches\63B866908D82D2984701EB2CBB8A8C10\libraries\USBComposite\Keyboard.cpp.o
                0x08000a28                HIDKeyboard::write(unsigned char)
 .text._ZN11HIDKeyboard10releaseAllEv
                0x08000a48       0x28 C:\Users\hp\AppData\Local\Temp\arduino\sketches\63B866908D82D2984701EB2CBB8A8C10\libraries\USBComposite\Keyboard.cpp.o
                0x08000a48                HIDKeyboard::releaseAll()
 .text._ZN11HIDKeyboard10getKeyCodeEhPh
                0x08000a70       0x80 C:\Users\hp\AppData\Local\Temp\arduino\sketches\63B866908D82D2984701EB2CBB8A8C10\libraries\USBComposite\Keyboard.cpp.o
                0x08000a70                HIDKeyboard::getKeyCode(unsigned char, unsigned char*)
 .text._ZN11HIDKeyboard5pressEh
                0x08000af0       0x6c C:\Users\hp\AppData\Local\Temp\arduino\sketches\63B866908D82D2984701EB2CBB8A8C10\libraries\USBComposite\Keyboard.cpp.o
                0x08000af0                HIDKeyboard::press(unsigned char)
 .text._ZN11HIDKeyboard7releaseEh
                0x08000b5c       0x5c C:\Users\hp\AppData\Local\Temp\arduino\sketches\63B866908D82D2984701EB2CBB8A8C10\libraries\USBComposite\Keyboard.cpp.o
                0x08000b5c                HIDKeyboard::release(unsigned char)
 .text._ZN18USBCompositeDevice21setManufacturerStringEPKc
                0x08000bb8        0x4 C:\Users\hp\AppData\Local\Temp\arduino\sketches\63B866908D82D2984701EB2CBB8A8C10\libraries\USBComposite\USBComposite.cpp.o
                0x08000bb8                USBCompositeDevice::setManufacturerString(char const*)
 .text._ZN18USBCompositeDevice16setProductStringEPKc
                0x08000bbc        0x4 C:\Users\hp\AppData\Local\Temp\arduino\sketches\63B866908D82D2984701EB2CBB8A8C10\libraries\USBComposite\USBComposite.cpp.o
                0x08000bbc                USBCompositeDevice::setProductString(char const*)
 .text._ZN18USBCompositeDevice15setSerialStringEPKc
                0x08000bc0        0x4 C:\Users\hp\AppData\Local\Temp\arduino\sketches\63B866908D82D2984701EB2CBB8A8C10\libraries\USBComposite\USBComposite.cpp.o
                0x08000bc0                USBCompositeDevice::setSerialString(char const*)
 .text._ZN18USBCompositeDeviceC2Ev
                0x08000bc4       0x30 C:\Users\hp\AppData\Local\Temp\arduino\sketches\63B866908D82D2984701EB2CBB8A8C10\libraries\USBComposite\USBComposite.cpp.o
                0x08000bc4                USBCompositeDevice::USBCompositeDevice()
                0x08000bc4                USBCompositeDevice::USBCompositeDevice()
 .text._Z41__static_initialization_and_destruction_0ii
                0x08000bf4       0x1c C:\Users\hp\AppData\Local\Temp\arduino\sketches\63B866908D82D2984701EB2CBB8A8C10\libraries\USBComposite\USBComposite.cpp.o
 .text._ZN18USBCompositeDevice5beginEv
                0x08000c10       0x68 C:\Users\hp\AppData\Local\Temp\arduino\sketches\63B866908D82D2984701EB2CBB8A8C10\libraries\USBComposite\USBComposite.cpp.o
                0x08000c10                USBCompositeDevice::begin()
 .text._ZN18USBCompositeDevice5clearEv
                0x08000c78        0x8 C:\Users\hp\AppData\Local\Temp\arduino\sketches\63B866908D82D2984701EB2CBB8A8C10\libraries\USBComposite\USBComposite.cpp.o
                0x08000c78                USBCompositeDevice::clear()
 .text._ZN18USBCompositeDevice3addEP16USBCompositePartPvPFbS2_EPFvS2_E
                0x08000c80       0x60 C:\Users\hp\AppData\Local\Temp\arduino\sketches\63B866908D82D2984701EB2CBB8A8C10\libraries\USBComposite\USBComposite.cpp.o
                0x08000c80                USBCompositeDevice::add(USBCompositePart*, void*, bool (*)(void*), void (*)(void*))
 .text._GLOBAL__sub_I__Z17getDeviceIDStringv
                0x08000ce0       0x10 C:\Users\hp\AppData\Local\Temp\arduino\sketches\63B866908D82D2984701EB2CBB8A8C10\libraries\USBComposite\USBComposite.cpp.o
 .text._ZN6USBHID4initEPS_
                0x08000cf0       0x58 C:\Users\hp\AppData\Local\Temp\arduino\sketches\63B866908D82D2984701EB2CBB8A8C10\libraries\USBComposite\USBHID.cpp.o
                0x08000cf0                USBHID::init(USBHID*)
 .text._ZN6USBHID17registerComponentEv
                0x08000d48       0x28 C:\Users\hp\AppData\Local\Temp\arduino\sketches\63B866908D82D2984701EB2CBB8A8C10\libraries\USBComposite\USBHID.cpp.o
                0x08000d48                USBHID::registerComponent()
 .text._ZN6USBHID19setReportDescriptorEPKht
                0x08000d70        0xc C:\Users\hp\AppData\Local\Temp\arduino\sketches\63B866908D82D2984701EB2CBB8A8C10\libraries\USBComposite\USBHID.cpp.o
                0x08000d70                USBHID::setReportDescriptor(unsigned char const*, unsigned short)
 .text._ZN6USBHID9addReportEP11HIDReporterb
                0x08000d7c       0x5c C:\Users\hp\AppData\Local\Temp\arduino\sketches\63B866908D82D2984701EB2CBB8A8C10\libraries\USBComposite\USBHID.cpp.o
                0x08000d7c                USBHID::addReport(HIDReporter*, bool)
 .text._ZN6USBHID5beginEPKht
                0x08000dd8       0x2c C:\Users\hp\AppData\Local\Temp\arduino\sketches\63B866908D82D2984701EB2CBB8A8C10\libraries\USBComposite\USBHID.cpp.o
                0x08000dd8                USBHID::begin(unsigned char const*, unsigned short)
 .text._ZN11HIDReporter10sendReportEv
                0x08000e04       0x24 C:\Users\hp\AppData\Local\Temp\arduino\sketches\63B866908D82D2984701EB2CBB8A8C10\libraries\USBComposite\USBHID.cpp.o
                0x08000e04                HIDReporter::sendReport()
 .text._ZN11HIDReporter15registerProfileEb
                0x08000e28       0x94 C:\Users\hp\AppData\Local\Temp\arduino\sketches\63B866908D82D2984701EB2CBB8A8C10\libraries\USBComposite\USBHID.cpp.o
                0x08000e28                HIDReporter::registerProfile(bool)
 .text._ZN11HIDReporterC2ER6USBHIDPK19HIDReportDescriptorPhjhb
                0x08000ebc       0x60 C:\Users\hp\AppData\Local\Temp\arduino\sketches\63B866908D82D2984701EB2CBB8A8C10\libraries\USBComposite\USBHID.cpp.o
                0x08000ebc                HIDReporter::HIDReporter(USBHID&, HIDReportDescriptor const*, unsigned char*, unsigned int, unsigned char, bool)
                0x08000ebc                HIDReporter::HIDReporter(USBHID&, HIDReportDescriptor const*, unsigned char*, unsigned int, unsigned char, bool)
 .text.acceptable_endpoint_number
                0x08000f1c       0xa4 C:\Users\hp\AppData\Local\Temp\arduino\sketches\63B866908D82D2984701EB2CBB8A8C10\libraries\USBComposite\usb_generic.c.o
 .text.allocate_endpoint_address
                0x08000fc0       0x30 C:\Users\hp\AppData\Local\Temp\arduino\sketches\63B866908D82D2984701EB2CBB8A8C10\libraries\USBComposite\usb_generic.c.o
 .text.usbInit  0x08000ff0       0x7c C:\Users\hp\AppData\Local\Temp\arduino\sketches\63B866908D82D2984701EB2CBB8A8C10\libraries\USBComposite\usb_generic.c.o
 .text.control_data_tx
                0x0800106c       0x44 C:\Users\hp\AppData\Local\Temp\arduino\sketches\63B866908D82D2984701EB2CBB8A8C10\libraries\USBComposite\usb_generic.c.o
 .text.control_data_rx
                0x080010b0       0x58 C:\Users\hp\AppData\Local\Temp\arduino\sketches\63B866908D82D2984701EB2CBB8A8C10\libraries\USBComposite\usb_generic.c.o
 .text.usbDataSetup
                0x08001108       0x7c C:\Users\hp\AppData\Local\Temp\arduino\sketches\63B866908D82D2984701EB2CBB8A8C10\libraries\USBComposite\usb_generic.c.o
 .text.usbNoDataSetup
                0x08001184       0x78 C:\Users\hp\AppData\Local\Temp\arduino\sketches\63B866908D82D2984701EB2CBB8A8C10\libraries\USBComposite\usb_generic.c.o
 .text.usbSetConfiguration
                0x080011fc       0x40 C:\Users\hp\AppData\Local\Temp\arduino\sketches\63B866908D82D2984701EB2CBB8A8C10\libraries\USBComposite\usb_generic.c.o
 .text.usbClearFeature
                0x0800123c       0x28 C:\Users\hp\AppData\Local\Temp\arduino\sketches\63B866908D82D2984701EB2CBB8A8C10\libraries\USBComposite\usb_generic.c.o
 .text.usbSetDeviceAddress
                0x08001264       0x10 C:\Users\hp\AppData\Local\Temp\arduino\sketches\63B866908D82D2984701EB2CBB8A8C10\libraries\USBComposite\usb_generic.c.o
 .text.usbGetInterfaceSetting
                0x08001274       0x1c C:\Users\hp\AppData\Local\Temp\arduino\sketches\63B866908D82D2984701EB2CBB8A8C10\libraries\USBComposite\usb_generic.c.o
 .text.usbGetStringDescriptor
                0x08001290       0x70 C:\Users\hp\AppData\Local\Temp\arduino\sketches\63B866908D82D2984701EB2CBB8A8C10\libraries\USBComposite\usb_generic.c.o
 .text.usbGetConfigDescriptor
                0x08001300       0x10 C:\Users\hp\AppData\Local\Temp\arduino\sketches\63B866908D82D2984701EB2CBB8A8C10\libraries\USBComposite\usb_generic.c.o
 .text.usbGetDeviceDescriptor
                0x08001310       0x10 C:\Users\hp\AppData\Local\Temp\arduino\sketches\63B866908D82D2984701EB2CBB8A8C10\libraries\USBComposite\usb_generic.c.o
 .text.usbReset
                0x08001320      0x298 C:\Users\hp\AppData\Local\Temp\arduino\sketches\63B866908D82D2984701EB2CBB8A8C10\libraries\USBComposite\usb_generic.c.o
 .text.usb_generic_set_parts
                0x080015b8      0x1b0 C:\Users\hp\AppData\Local\Temp\arduino\sketches\63B866908D82D2984701EB2CBB8A8C10\libraries\USBComposite\usb_generic.c.o
                0x080015b8                usb_generic_set_parts
 .text.usb_generic_set_info
                0x08001768       0x80 C:\Users\hp\AppData\Local\Temp\arduino\sketches\63B866908D82D2984701EB2CBB8A8C10\libraries\USBComposite\usb_generic.c.o
                0x08001768                usb_generic_set_info
 .text.usb_generic_enable
                0x080017e8       0xd8 C:\Users\hp\AppData\Local\Temp\arduino\sketches\63B866908D82D2984701EB2CBB8A8C10\libraries\USBComposite\usb_generic.c.o
                0x080017e8                usb_generic_enable
 .text.usb_generic_control_tx_setup
                0x080018c0       0x34 C:\Users\hp\AppData\Local\Temp\arduino\sketches\63B866908D82D2984701EB2CBB8A8C10\libraries\USBComposite\usb_generic.c.o
                0x080018c0                usb_generic_control_tx_setup
 .text.usb_generic_chunks_length
                0x080018f4       0x14 C:\Users\hp\AppData\Local\Temp\arduino\sketches\63B866908D82D2984701EB2CBB8A8C10\libraries\USBComposite\usb_generic.c.o
                0x080018f4                usb_generic_chunks_length
 .text.control_data_chunk_tx
                0x08001908       0x94 C:\Users\hp\AppData\Local\Temp\arduino\sketches\63B866908D82D2984701EB2CBB8A8C10\libraries\USBComposite\usb_generic.c.o
 .text.usb_generic_control_tx_chunk_setup
                0x0800199c       0x24 C:\Users\hp\AppData\Local\Temp\arduino\sketches\63B866908D82D2984701EB2CBB8A8C10\libraries\USBComposite\usb_generic.c.o
                0x0800199c                usb_generic_control_tx_chunk_setup
 .text.usb_generic_control_rx_setup
                0x080019c0       0x34 C:\Users\hp\AppData\Local\Temp\arduino\sketches\63B866908D82D2984701EB2CBB8A8C10\libraries\USBComposite\usb_generic.c.o
                0x080019c0                usb_generic_control_rx_setup
 .text.usb_generic_control_descriptor_tx
                0x080019f4       0x10 C:\Users\hp\AppData\Local\Temp\arduino\sketches\63B866908D82D2984701EB2CBB8A8C10\libraries\USBComposite\usb_generic.c.o
                0x080019f4                usb_generic_control_descriptor_tx
 .text.usb_generic_send_from_circular_buffer
                0x08001a04       0xcc C:\Users\hp\AppData\Local\Temp\arduino\sketches\63B866908D82D2984701EB2CBB8A8C10\libraries\USBComposite\usb_generic.c.o
                0x08001a04                usb_generic_send_from_circular_buffer
 .text.usb_hid_find_buffer
                0x08001ad0       0x5c C:\Users\hp\AppData\Local\Temp\arduino\sketches\63B866908D82D2984701EB2CBB8A8C10\libraries\USBComposite\usb_hid.c.o
 .text.hidUSBReset
                0x08001b2c       0x20 C:\Users\hp\AppData\Local\Temp\arduino\sketches\63B866908D82D2984701EB2CBB8A8C10\libraries\USBComposite\usb_hid.c.o
 .text.hidUSBNoDataSetup
                0x08001b4c       0x20 C:\Users\hp\AppData\Local\Temp\arduino\sketches\63B866908D82D2984701EB2CBB8A8C10\libraries\USBComposite\usb_hid.c.o
 .text.hidDataTxCb
                0x08001b6c       0x38 C:\Users\hp\AppData\Local\Temp\arduino\sketches\63B866908D82D2984701EB2CBB8A8C10\libraries\USBComposite\usb_hid.c.o
 .text.hidUSBDataSetup
                0x08001ba4       0xdc C:\Users\hp\AppData\Local\Temp\arduino\sketches\63B866908D82D2984701EB2CBB8A8C10\libraries\USBComposite\usb_hid.c.o
 .text.getHIDPartDescriptor
                0x08001c80       0x5c C:\Users\hp\AppData\Local\Temp\arduino\sketches\63B866908D82D2984701EB2CBB8A8C10\libraries\USBComposite\usb_hid.c.o
 .text.usb_hid_setTXEPSize
                0x08001cdc       0x1c C:\Users\hp\AppData\Local\Temp\arduino\sketches\63B866908D82D2984701EB2CBB8A8C10\libraries\USBComposite\usb_hid.c.o
                0x08001cdc                usb_hid_setTXEPSize
 .text.usb_hid_set_report_descriptor
                0x08001cf8        0xc C:\Users\hp\AppData\Local\Temp\arduino\sketches\63B866908D82D2984701EB2CBB8A8C10\libraries\USBComposite\usb_hid.c.o
                0x08001cf8                usb_hid_set_report_descriptor
 .text.usb_hid_clear_buffers
                0x08001d04       0x40 C:\Users\hp\AppData\Local\Temp\arduino\sketches\63B866908D82D2984701EB2CBB8A8C10\libraries\USBComposite\usb_hid.c.o
                0x08001d04                usb_hid_clear_buffers
 .text.usb_hid_clear
                0x08001d44       0x1c C:\Users\hp\AppData\Local\Temp\arduino\sketches\63B866908D82D2984701EB2CBB8A8C10\libraries\USBComposite\usb_hid.c.o
 .text.usb_hid_tx
                0x08001d60       0x6c C:\Users\hp\AppData\Local\Temp\arduino\sketches\63B866908D82D2984701EB2CBB8A8C10\libraries\USBComposite\usb_hid.c.o
                0x08001d60                usb_hid_tx
 .text._ZN6wirish4priv15board_setup_usbEv
                0x08001dcc       0x54 C:\Users\hp\AppData\Local\Temp\arduino\sketches\63B866908D82D2984701EB2CBB8A8C10\libraries\USBComposite\usb_setup.cpp.o
                0x08001dcc                wirish::priv::board_setup_usb()
 .text._Z41__static_initialization_and_destruction_0ii
                0x08001e20       0x54 C:\Users\hp\AppData\Local\Temp\arduino\sketches\63B866908D82D2984701EB2CBB8A8C10\core\board.cpp.o
 .text._Z9boardInitv
                0x08001e74        0x4 C:\Users\hp\AppData\Local\Temp\arduino\sketches\63B866908D82D2984701EB2CBB8A8C10\core\board.cpp.o
                0x08001e74                boardInit()
 .text._GLOBAL__sub_I__Z9boardInitv
                0x08001e78       0x10 C:\Users\hp\AppData\Local\Temp\arduino\sketches\63B866908D82D2984701EB2CBB8A8C10\core\board.cpp.o
 .text._ZL11setup_flashv
                0x08001e88       0x18 C:\Users\hp\AppData\Local\Temp\arduino\sketches\63B866908D82D2984701EB2CBB8A8C10\core\wirish\boards.cpp.o
 .text._ZL12setup_clocksv
                0x08001ea0       0x68 C:\Users\hp\AppData\Local\Temp\arduino\sketches\63B866908D82D2984701EB2CBB8A8C10\core\wirish\boards.cpp.o
 .text._ZL10setup_nvicv
                0x08001f08       0x10 C:\Users\hp\AppData\Local\Temp\arduino\sketches\63B866908D82D2984701EB2CBB8A8C10\core\wirish\boards.cpp.o
 .text._ZL10setup_adcsv
                0x08001f18       0x1c C:\Users\hp\AppData\Local\Temp\arduino\sketches\63B866908D82D2984701EB2CBB8A8C10\core\wirish\boards.cpp.o
 .text._ZL18adc_default_configP7adc_dev
                0x08001f34       0x18 C:\Users\hp\AppData\Local\Temp\arduino\sketches\63B866908D82D2984701EB2CBB8A8C10\core\wirish\boards.cpp.o
 .text._ZL12setup_timersv
                0x08001f4c       0x10 C:\Users\hp\AppData\Local\Temp\arduino\sketches\63B866908D82D2984701EB2CBB8A8C10\core\wirish\boards.cpp.o
 .text._ZL20timer_default_configP9timer_dev
                0x08001f5c       0xb8 C:\Users\hp\AppData\Local\Temp\arduino\sketches\63B866908D82D2984701EB2CBB8A8C10\core\wirish\boards.cpp.o
 .text._Z4initv
                0x08002014       0x30 C:\Users\hp\AppData\Local\Temp\arduino\sketches\63B866908D82D2984701EB2CBB8A8C10\core\wirish\boards.cpp.o
                0x08002014                init()
 .text._ZN6wirish4priv15board_reset_pllEv
                0x08002044        0x4 C:\Users\hp\AppData\Local\Temp\arduino\sketches\63B866908D82D2984701EB2CBB8A8C10\core\wirish\boards_setup.cpp.o
                0x08002044                wirish::priv::board_reset_pll()
 .text._ZN6wirish4priv28board_setup_clock_prescalersEv
                0x08002048       0x30 C:\Users\hp\AppData\Local\Temp\arduino\sketches\63B866908D82D2984701EB2CBB8A8C10\core\wirish\boards_setup.cpp.o
                0x08002048                wirish::priv::board_setup_clock_prescalers()
 .text._ZN6wirish4priv16board_setup_gpioEv
                0x08002078        0x8 C:\Users\hp\AppData\Local\Temp\arduino\sketches\63B866908D82D2984701EB2CBB8A8C10\core\wirish\boards_setup.cpp.o
                0x08002078                wirish::priv::board_setup_gpio()
 .text._ZN6wirish4priv11series_initEv
                0x08002080        0x8 C:\Users\hp\AppData\Local\Temp\arduino\sketches\63B866908D82D2984701EB2CBB8A8C10\core\wirish\boards_setup.cpp.o
                0x08002080                wirish::priv::series_init()
 .text          0x08002088       0x10 C:\Users\hp\AppData\Local\Temp\arduino\sketches\63B866908D82D2984701EB2CBB8A8C10\core\wirish\start.S.o
                0x08002088                __start__
 .text.start_c  0x08002098       0x60 C:\Users\hp\AppData\Local\Temp\arduino\sketches\63B866908D82D2984701EB2CBB8A8C10\core\wirish\start_c.c.o
                0x08002098                start_c
 .text._exit    0x080020f8        0x4 C:\Users\hp\AppData\Local\Temp\arduino\sketches\63B866908D82D2984701EB2CBB8A8C10\core\wirish\syscalls.c.o
                0x080020f8                _exit
 .text._ZN14HardwareSerial4readEv
                0x080020fc       0x50 C:\Users\hp\AppData\Local\Temp\arduino\cores\a9119d465712ab722e1faba262e6ea75\core.a(HardwareSerial.cpp.o)
                0x080020fc                HardwareSerial::read()
 .text._ZN14HardwareSerial9availableEv
                0x0800214c       0x28 C:\Users\hp\AppData\Local\Temp\arduino\cores\a9119d465712ab722e1faba262e6ea75\core.a(HardwareSerial.cpp.o)
                0x0800214c                HardwareSerial::available()
 .text._ZN14HardwareSerial4peekEv
                0x08002174       0x24 C:\Users\hp\AppData\Local\Temp\arduino\cores\a9119d465712ab722e1faba262e6ea75\core.a(HardwareSerial.cpp.o)
                0x08002174                HardwareSerial::peek()
 .text._ZN14HardwareSerial5flushEv
                0x08002198       0x1c C:\Users\hp\AppData\Local\Temp\arduino\cores\a9119d465712ab722e1faba262e6ea75\core.a(HardwareSerial.cpp.o)
                0x08002198                HardwareSerial::flush()
 .text._ZN14HardwareSerial5writeEh
                0x080021b4       0x24 C:\Users\hp\AppData\Local\Temp\arduino\cores\a9119d465712ab722e1faba262e6ea75\core.a(HardwareSerial.cpp.o)
                0x080021b4                HardwareSerial::write(unsigned char)
 .text._ZN14HardwareSerialC2EP9usart_devhh
                0x080021d8       0x20 C:\Users\hp\AppData\Local\Temp\arduino\cores\a9119d465712ab722e1faba262e6ea75\core.a(HardwareSerial.cpp.o)
                0x080021d8                HardwareSerial::HardwareSerial(usart_dev*, unsigned char, unsigned char)
                0x080021d8                HardwareSerial::HardwareSerial(usart_dev*, unsigned char, unsigned char)
 .text._ZN5Print5writeEPKvm
                0x080021f8       0x24 C:\Users\hp\AppData\Local\Temp\arduino\cores\a9119d465712ab722e1faba262e6ea75\core.a(Print.cpp.o)
                0x080021f8                Print::write(void const*, unsigned long)
 .text._ZN5Print5writeEPKc
                0x0800221c       0x20 C:\Users\hp\AppData\Local\Temp\arduino\cores\a9119d465712ab722e1faba262e6ea75\core.a(Print.cpp.o)
                0x0800221c                Print::write(char const*)
 .text.__cxa_pure_virtual
                0x0800223c        0x4 C:\Users\hp\AppData\Local\Temp\arduino\cores\a9119d465712ab722e1faba262e6ea75\core.a(cxxabi-compat.cpp.o)
                0x0800223c                __cxa_pure_virtual
 .text.adc_init
                0x08002240       0x14 C:\Users\hp\AppData\Local\Temp\arduino\cores\a9119d465712ab722e1faba262e6ea75\core.a(adc.c.o)
                0x08002240                adc_init
 .text.adc_set_extsel
                0x08002254       0x14 C:\Users\hp\AppData\Local\Temp\arduino\cores\a9119d465712ab722e1faba262e6ea75\core.a(adc.c.o)
                0x08002254                adc_set_extsel
 .text.adc_set_sample_rate
                0x08002268       0x34 C:\Users\hp\AppData\Local\Temp\arduino\cores\a9119d465712ab722e1faba262e6ea75\core.a(adc.c.o)
                0x08002268                adc_set_sample_rate
 .text.__irq_adc
                0x0800229c       0x60 C:\Users\hp\AppData\Local\Temp\arduino\cores\a9119d465712ab722e1faba262e6ea75\core.a(adc_f1.c.o)
                0x0800229c                __irq_adc
 .text.adc_calibrate
                0x080022fc       0x30 C:\Users\hp\AppData\Local\Temp\arduino\cores\a9119d465712ab722e1faba262e6ea75\core.a(adc_f1.c.o)
                0x080022fc                adc_calibrate
 .text.adc_set_prescaler
                0x0800232c        0xc C:\Users\hp\AppData\Local\Temp\arduino\cores\a9119d465712ab722e1faba262e6ea75\core.a(adc_f1.c.o)
                0x0800232c                adc_set_prescaler
 .text.adc_foreach
                0x08002338       0x1c C:\Users\hp\AppData\Local\Temp\arduino\cores\a9119d465712ab722e1faba262e6ea75\core.a(adc_f1.c.o)
                0x08002338                adc_foreach
 .text.adc_enable_single_swstart
                0x08002354       0x34 C:\Users\hp\AppData\Local\Temp\arduino\cores\a9119d465712ab722e1faba262e6ea75\core.a(adc_f1.c.o)
                0x08002354                adc_enable_single_swstart
 .text.__irq_dma1_channel1
                0x08002388       0x18 C:\Users\hp\AppData\Local\Temp\arduino\cores\a9119d465712ab722e1faba262e6ea75\core.a(dma_f1.c.o)
                0x08002388                __irq_dma1_channel1
 .text.__irq_dma1_channel2
                0x080023a0       0x18 C:\Users\hp\AppData\Local\Temp\arduino\cores\a9119d465712ab722e1faba262e6ea75\core.a(dma_f1.c.o)
                0x080023a0                __irq_dma1_channel2
 .text.__irq_dma1_channel3
                0x080023b8       0x1c C:\Users\hp\AppData\Local\Temp\arduino\cores\a9119d465712ab722e1faba262e6ea75\core.a(dma_f1.c.o)
                0x080023b8                __irq_dma1_channel3
 .text.__irq_dma1_channel4
                0x080023d4       0x1c C:\Users\hp\AppData\Local\Temp\arduino\cores\a9119d465712ab722e1faba262e6ea75\core.a(dma_f1.c.o)
                0x080023d4                __irq_dma1_channel4
 .text.__irq_dma1_channel5
                0x080023f0       0x1c C:\Users\hp\AppData\Local\Temp\arduino\cores\a9119d465712ab722e1faba262e6ea75\core.a(dma_f1.c.o)
                0x080023f0                __irq_dma1_channel5
 .text.__irq_dma1_channel6
                0x0800240c       0x1c C:\Users\hp\AppData\Local\Temp\arduino\cores\a9119d465712ab722e1faba262e6ea75\core.a(dma_f1.c.o)
                0x0800240c                __irq_dma1_channel6
 .text.__irq_dma1_channel7
                0x08002428       0x1c C:\Users\hp\AppData\Local\Temp\arduino\cores\a9119d465712ab722e1faba262e6ea75\core.a(dma_f1.c.o)
                0x08002428                __irq_dma1_channel7
 *fill*         0x08002444        0xc 
 .text          0x08002450       0x60 C:\Users\hp\AppData\Local\Temp\arduino\cores\a9119d465712ab722e1faba262e6ea75\core.a(exc.S.o)
                0x08002450                __exc_nmi
                0x08002454                __exc_hardfault
                0x08002458                __exc_memmanage
                0x0800245c                __exc_busfault
                0x08002460                __exc_usagefault
 .text.dispatch_single_exti
                0x080024b0       0x30 C:\Users\hp\AppData\Local\Temp\arduino\cores\a9119d465712ab722e1faba262e6ea75\core.a(exti.c.o)
                0x080024b0                dispatch_single_exti
 .text.dispatch_extis
                0x080024e0       0x54 C:\Users\hp\AppData\Local\Temp\arduino\cores\a9119d465712ab722e1faba262e6ea75\core.a(exti.c.o)
                0x080024e0                dispatch_extis
 .text.__irq_exti0
                0x08002534        0xc C:\Users\hp\AppData\Local\Temp\arduino\cores\a9119d465712ab722e1faba262e6ea75\core.a(exti.c.o)
                0x08002534                __irq_exti0
 .text.__irq_exti1
                0x08002540        0xc C:\Users\hp\AppData\Local\Temp\arduino\cores\a9119d465712ab722e1faba262e6ea75\core.a(exti.c.o)
                0x08002540                __irq_exti1
 .text.__irq_exti2
                0x0800254c        0xc C:\Users\hp\AppData\Local\Temp\arduino\cores\a9119d465712ab722e1faba262e6ea75\core.a(exti.c.o)
                0x0800254c                __irq_exti2
 .text.__irq_exti3
                0x08002558        0xc C:\Users\hp\AppData\Local\Temp\arduino\cores\a9119d465712ab722e1faba262e6ea75\core.a(exti.c.o)
                0x08002558                __irq_exti3
 .text.__irq_exti4
                0x08002564        0xc C:\Users\hp\AppData\Local\Temp\arduino\cores\a9119d465712ab722e1faba262e6ea75\core.a(exti.c.o)
                0x08002564                __irq_exti4
 .text.__irq_exti9_5
                0x08002570        0xc C:\Users\hp\AppData\Local\Temp\arduino\cores\a9119d465712ab722e1faba262e6ea75\core.a(exti.c.o)
                0x08002570                __irq_exti9_5
 .text.__irq_exti15_10
                0x0800257c        0xc C:\Users\hp\AppData\Local\Temp\arduino\cores\a9119d465712ab722e1faba262e6ea75\core.a(exti.c.o)
                0x0800257c                __irq_exti15_10
 .text.flash_set_latency
                0x08002588       0x14 C:\Users\hp\AppData\Local\Temp\arduino\cores\a9119d465712ab722e1faba262e6ea75\core.a(flash.c.o)
                0x08002588                flash_set_latency
 .text.gpio_init_all
                0x0800259c       0x2c C:\Users\hp\AppData\Local\Temp\arduino\cores\a9119d465712ab722e1faba262e6ea75\core.a(gpio_f1.c.o)
                0x0800259c                gpio_init_all
 .text.gpio_set_mode
                0x080025c8       0x54 C:\Users\hp\AppData\Local\Temp\arduino\cores\a9119d465712ab722e1faba262e6ea75\core.a(gpio_f1.c.o)
                0x080025c8                gpio_set_mode
 .text.afio_init
                0x0800261c       0x10 C:\Users\hp\AppData\Local\Temp\arduino\cores\a9119d465712ab722e1faba262e6ea75\core.a(gpio_f1.c.o)
                0x0800261c                afio_init
 .text.__irq_i2c1_ev
                0x0800262c       0x10 C:\Users\hp\AppData\Local\Temp\arduino\cores\a9119d465712ab722e1faba262e6ea75\core.a(i2c_f1.c.o)
                0x0800262c                __irq_i2c1_ev
 .text.__irq_i2c2_ev
                0x0800263c       0x10 C:\Users\hp\AppData\Local\Temp\arduino\cores\a9119d465712ab722e1faba262e6ea75\core.a(i2c_f1.c.o)
                0x0800263c                __irq_i2c2_ev
 .text.__irq_i2c1_er
                0x0800264c       0x10 C:\Users\hp\AppData\Local\Temp\arduino\cores\a9119d465712ab722e1faba262e6ea75\core.a(i2c_f1.c.o)
                0x0800264c                __irq_i2c1_er
 .text.__irq_i2c2_er
                0x0800265c       0x10 C:\Users\hp\AppData\Local\Temp\arduino\cores\a9119d465712ab722e1faba262e6ea75\core.a(i2c_f1.c.o)
                0x0800265c                __irq_i2c2_er
 .text.nvic_irq_set_priority
                0x0800266c       0x28 C:\Users\hp\AppData\Local\Temp\arduino\cores\a9119d465712ab722e1faba262e6ea75\core.a(nvic.c.o)
                0x0800266c                nvic_irq_set_priority
 .text.nvic_set_vector_table
                0x08002694       0x14 C:\Users\hp\AppData\Local\Temp\arduino\cores\a9119d465712ab722e1faba262e6ea75\core.a(nvic.c.o)
                0x08002694                nvic_set_vector_table
 .text.nvic_init
                0x080026a8       0x28 C:\Users\hp\AppData\Local\Temp\arduino\cores\a9119d465712ab722e1faba262e6ea75\core.a(nvic.c.o)
                0x080026a8                nvic_init
 .text.rcc_dev_clk
                0x080026d0        0xc C:\Users\hp\AppData\Local\Temp\arduino\cores\a9119d465712ab722e1faba262e6ea75\core.a(rcc.c.o)
                0x080026d0                rcc_dev_clk
 .text.rcc_switch_sysclk
                0x080026dc       0x20 C:\Users\hp\AppData\Local\Temp\arduino\cores\a9119d465712ab722e1faba262e6ea75\core.a(rcc.c.o)
                0x080026dc                rcc_switch_sysclk
 .text.rcc_turn_on_clk
                0x080026fc       0x1c C:\Users\hp\AppData\Local\Temp\arduino\cores\a9119d465712ab722e1faba262e6ea75\core.a(rcc.c.o)
                0x080026fc                rcc_turn_on_clk
 .text.rcc_turn_off_clk
                0x08002718       0x1c C:\Users\hp\AppData\Local\Temp\arduino\cores\a9119d465712ab722e1faba262e6ea75\core.a(rcc.c.o)
                0x08002718                rcc_turn_off_clk
 .text.rcc_is_clk_ready
                0x08002734       0x18 C:\Users\hp\AppData\Local\Temp\arduino\cores\a9119d465712ab722e1faba262e6ea75\core.a(rcc.c.o)
                0x08002734                rcc_is_clk_ready
 .text.rcc_configure_pll
                0x0800274c       0x20 C:\Users\hp\AppData\Local\Temp\arduino\cores\a9119d465712ab722e1faba262e6ea75\core.a(rcc_f1.c.o)
                0x0800274c                rcc_configure_pll
 .text.rcc_clk_enable
                0x0800276c       0x30 C:\Users\hp\AppData\Local\Temp\arduino\cores\a9119d465712ab722e1faba262e6ea75\core.a(rcc_f1.c.o)
                0x0800276c                rcc_clk_enable
 .text.rcc_reset_dev
                0x0800279c       0x34 C:\Users\hp\AppData\Local\Temp\arduino\cores\a9119d465712ab722e1faba262e6ea75\core.a(rcc_f1.c.o)
                0x0800279c                rcc_reset_dev
 .text.rcc_set_prescaler
                0x080027d0       0x24 C:\Users\hp\AppData\Local\Temp\arduino\cores\a9119d465712ab722e1faba262e6ea75\core.a(rcc_f1.c.o)
                0x080027d0                rcc_set_prescaler
 .text.rcc_clk_disable
                0x080027f4       0x30 C:\Users\hp\AppData\Local\Temp\arduino\cores\a9119d465712ab722e1faba262e6ea75\core.a(rcc_f1.c.o)
                0x080027f4                rcc_clk_disable
 .text          0x08002824        0x2 C:\Users\hp\AppData\Local\Temp\arduino\cores\a9119d465712ab722e1faba262e6ea75\core.a(isrs.S.o)
                0x08002824                __stm32reservedexception9
                0x08002824                __exc_debug_monitor
                0x08002824                __exc_svc
                0x08002824                __irq_can_rx1
                0x08002824                __irq_spi2
                0x08002824                __irq_can_sce
                0x08002824                __irq_pvd
                0x08002824                __irq_tamper
                0x08002824                __default_handler
                0x08002824                __irq_wwdg
                0x08002824                __stm32reservedexception10
                0x08002824                __irq_flash
                0x08002824                __stm32reservedexception13
                0x08002824                __irq_rtc
                0x08002824                __irq_spi1
                0x08002824                __stm32reservedexception7
                0x08002824                __irq_usb_hp_can_tx
                0x08002824                __irq_rtcalarm
                0x08002824                __stm32reservedexception8
                0x08002824                __exc_pendsv
                0x08002824                __irq_usbwakeup
                0x08002824                __irq_rcc
 *fill*         0x08002826        0x2 
 .text.systick_enable
                0x08002828        0xc C:\Users\hp\AppData\Local\Temp\arduino\cores\a9119d465712ab722e1faba262e6ea75\core.a(systick.c.o)
                0x08002828                systick_enable
 .text.systick_init
                0x08002834       0x10 C:\Users\hp\AppData\Local\Temp\arduino\cores\a9119d465712ab722e1faba262e6ea75\core.a(systick.c.o)
                0x08002834                systick_init
 .text.__exc_systick
                0x08002844       0x1c C:\Users\hp\AppData\Local\Temp\arduino\cores\a9119d465712ab722e1faba262e6ea75\core.a(systick.c.o)
                0x08002844                __exc_systick
 .text.pwm_mode
                0x08002860       0x68 C:\Users\hp\AppData\Local\Temp\arduino\cores\a9119d465712ab722e1faba262e6ea75\core.a(timer.c.o)
 .text.encoder_mode
                0x080028c8       0x1c C:\Users\hp\AppData\Local\Temp\arduino\cores\a9119d465712ab722e1faba262e6ea75\core.a(timer.c.o)
 .text.output_compare_mode
                0x080028e4       0x50 C:\Users\hp\AppData\Local\Temp\arduino\cores\a9119d465712ab722e1faba262e6ea75\core.a(timer.c.o)
 .text.timer_foreach
                0x08002934       0x28 C:\Users\hp\AppData\Local\Temp\arduino\cores\a9119d465712ab722e1faba262e6ea75\core.a(timer.c.o)
                0x08002934                timer_foreach
 .text.timer_init
                0x0800295c       0x14 C:\Users\hp\AppData\Local\Temp\arduino\cores\a9119d465712ab722e1faba262e6ea75\core.a(timer.c.o)
                0x0800295c                timer_init
 .text.timer_has_cc_channel
                0x08002970       0x34 C:\Users\hp\AppData\Local\Temp\arduino\cores\a9119d465712ab722e1faba262e6ea75\core.a(timer.c.o)
                0x08002970                timer_has_cc_channel
 .text.timer_detach_interrupt
                0x080029a4       0x20 C:\Users\hp\AppData\Local\Temp\arduino\cores\a9119d465712ab722e1faba262e6ea75\core.a(timer.c.o)
                0x080029a4                timer_detach_interrupt
 .text.disable_channel
                0x080029c4       0x28 C:\Users\hp\AppData\Local\Temp\arduino\cores\a9119d465712ab722e1faba262e6ea75\core.a(timer.c.o)
 .text.input_capture_mode
                0x080029ec       0x50 C:\Users\hp\AppData\Local\Temp\arduino\cores\a9119d465712ab722e1faba262e6ea75\core.a(timer.c.o)
                0x080029ec                input_capture_mode
 .text.timer_set_mode
                0x08002a3c       0x38 C:\Users\hp\AppData\Local\Temp\arduino\cores\a9119d465712ab722e1faba262e6ea75\core.a(timer.c.o)
                0x08002a3c                timer_set_mode
 .text.__irq_tim1_brk
                0x08002a74       0x28 C:\Users\hp\AppData\Local\Temp\arduino\cores\a9119d465712ab722e1faba262e6ea75\core.a(timer.c.o)
                0x08002a74                __irq_tim1_brk
 .text.__irq_tim1_up
                0x08002a9c       0x28 C:\Users\hp\AppData\Local\Temp\arduino\cores\a9119d465712ab722e1faba262e6ea75\core.a(timer.c.o)
                0x08002a9c                __irq_tim1_up
 .text.__irq_tim1_trg_com
                0x08002ac4       0x40 C:\Users\hp\AppData\Local\Temp\arduino\cores\a9119d465712ab722e1faba262e6ea75\core.a(timer.c.o)
                0x08002ac4                __irq_tim1_trg_com
 .text.__irq_tim1_cc
                0x08002b04       0x64 C:\Users\hp\AppData\Local\Temp\arduino\cores\a9119d465712ab722e1faba262e6ea75\core.a(timer.c.o)
                0x08002b04                __irq_tim1_cc
 .text.__irq_tim2
                0x08002b68       0x88 C:\Users\hp\AppData\Local\Temp\arduino\cores\a9119d465712ab722e1faba262e6ea75\core.a(timer.c.o)
                0x08002b68                __irq_tim2
 .text.__irq_tim3
                0x08002bf0       0x88 C:\Users\hp\AppData\Local\Temp\arduino\cores\a9119d465712ab722e1faba262e6ea75\core.a(timer.c.o)
                0x08002bf0                __irq_tim3
 .text.__irq_tim4
                0x08002c78       0x88 C:\Users\hp\AppData\Local\Temp\arduino\cores\a9119d465712ab722e1faba262e6ea75\core.a(timer.c.o)
                0x08002c78                __irq_tim4
 .text.usart_tx
                0x08002d00       0xc0 C:\Users\hp\AppData\Local\Temp\arduino\cores\a9119d465712ab722e1faba262e6ea75\core.a(usart.c.o)
                0x08002d00                usart_tx
 .text.__irq_usart1
                0x08002dc0      0x120 C:\Users\hp\AppData\Local\Temp\arduino\cores\a9119d465712ab722e1faba262e6ea75\core.a(usart_f1.c.o)
                0x08002dc0                __irq_usart1
 .text.__irq_usart2
                0x08002ee0      0x120 C:\Users\hp\AppData\Local\Temp\arduino\cores\a9119d465712ab722e1faba262e6ea75\core.a(usart_f1.c.o)
                0x08002ee0                __irq_usart2
 .text.__irq_usart3
                0x08003000      0x120 C:\Users\hp\AppData\Local\Temp\arduino\cores\a9119d465712ab722e1faba262e6ea75\core.a(usart_f1.c.o)
                0x08003000                __irq_usart3
 .text.usb_suspend
                0x08003120       0x28 C:\Users\hp\AppData\Local\Temp\arduino\cores\a9119d465712ab722e1faba262e6ea75\core.a(usb.c.o)
 .text.usb_resume_init
                0x08003148       0x18 C:\Users\hp\AppData\Local\Temp\arduino\cores\a9119d465712ab722e1faba262e6ea75\core.a(usb.c.o)
 .text.usb_resume
                0x08003160       0xc0 C:\Users\hp\AppData\Local\Temp\arduino\cores\a9119d465712ab722e1faba262e6ea75\core.a(usb.c.o)
 .text.handle_in0
                0x08003220        0x8 C:\Users\hp\AppData\Local\Temp\arduino\cores\a9119d465712ab722e1faba262e6ea75\core.a(usb.c.o)
 .text.handle_setup0
                0x08003228        0x8 C:\Users\hp\AppData\Local\Temp\arduino\cores\a9119d465712ab722e1faba262e6ea75\core.a(usb.c.o)
 .text.handle_out0
                0x08003230        0x8 C:\Users\hp\AppData\Local\Temp\arduino\cores\a9119d465712ab722e1faba262e6ea75\core.a(usb.c.o)
 .text.dispatch_ctr_lp
                0x08003238      0x15c C:\Users\hp\AppData\Local\Temp\arduino\cores\a9119d465712ab722e1faba262e6ea75\core.a(usb.c.o)
 .text.usb_init_usblib
                0x08003394       0x48 C:\Users\hp\AppData\Local\Temp\arduino\cores\a9119d465712ab722e1faba262e6ea75\core.a(usb.c.o)
                0x08003394                usb_init_usblib
 .text.__irq_usb_lp_can_rx0
                0x080033dc       0xbc C:\Users\hp\AppData\Local\Temp\arduino\cores\a9119d465712ab722e1faba262e6ea75\core.a(usb.c.o)
                0x080033dc                __irq_usb_lp_can_rx0
 .text.vcomDataTxCb
                0x08003498       0xa4 C:\Users\hp\AppData\Local\Temp\arduino\cores\a9119d465712ab722e1faba262e6ea75\core.a(usb_cdcacm.c.o)
 .text.vcomGetSetLineCoding
                0x0800353c       0x18 C:\Users\hp\AppData\Local\Temp\arduino\cores\a9119d465712ab722e1faba262e6ea75\core.a(usb_cdcacm.c.o)
 .text.usbInit  0x08003554       0x5c C:\Users\hp\AppData\Local\Temp\arduino\cores\a9119d465712ab722e1faba262e6ea75\core.a(usb_cdcacm.c.o)
 .text.usbDataSetup
                0x080035b0       0x58 C:\Users\hp\AppData\Local\Temp\arduino\cores\a9119d465712ab722e1faba262e6ea75\core.a(usb_cdcacm.c.o)
 .text.usbNoDataSetup
                0x08003608       0x54 C:\Users\hp\AppData\Local\Temp\arduino\cores\a9119d465712ab722e1faba262e6ea75\core.a(usb_cdcacm.c.o)
 .text.usbGetInterfaceSetting
                0x0800365c       0x10 C:\Users\hp\AppData\Local\Temp\arduino\cores\a9119d465712ab722e1faba262e6ea75\core.a(usb_cdcacm.c.o)
 .text.usbSetConfiguration
                0x0800366c       0x1c C:\Users\hp\AppData\Local\Temp\arduino\cores\a9119d465712ab722e1faba262e6ea75\core.a(usb_cdcacm.c.o)
 .text.usbSetDeviceAddress
                0x08003688       0x10 C:\Users\hp\AppData\Local\Temp\arduino\cores\a9119d465712ab722e1faba262e6ea75\core.a(usb_cdcacm.c.o)
 .text.usbGetStringDescriptor
                0x08003698       0x24 C:\Users\hp\AppData\Local\Temp\arduino\cores\a9119d465712ab722e1faba262e6ea75\core.a(usb_cdcacm.c.o)
 .text.usbGetConfigDescriptor
                0x080036bc       0x10 C:\Users\hp\AppData\Local\Temp\arduino\cores\a9119d465712ab722e1faba262e6ea75\core.a(usb_cdcacm.c.o)
 .text.usbGetDeviceDescriptor
                0x080036cc       0x10 C:\Users\hp\AppData\Local\Temp\arduino\cores\a9119d465712ab722e1faba262e6ea75\core.a(usb_cdcacm.c.o)
 .text.usbReset
                0x080036dc      0x17c C:\Users\hp\AppData\Local\Temp\arduino\cores\a9119d465712ab722e1faba262e6ea75\core.a(usb_cdcacm.c.o)
 .text.usb_cdcacm_tx
                0x08003858       0x64 C:\Users\hp\AppData\Local\Temp\arduino\cores\a9119d465712ab722e1faba262e6ea75\core.a(usb_cdcacm.c.o)
                0x08003858                usb_cdcacm_tx
 .text.usb_cdcacm_data_available
                0x080038bc       0x18 C:\Users\hp\AppData\Local\Temp\arduino\cores\a9119d465712ab722e1faba262e6ea75\core.a(usb_cdcacm.c.o)
                0x080038bc                usb_cdcacm_data_available
 .text.usb_cdcacm_peek
                0x080038d4       0x3c C:\Users\hp\AppData\Local\Temp\arduino\cores\a9119d465712ab722e1faba262e6ea75\core.a(usb_cdcacm.c.o)
                0x080038d4                usb_cdcacm_peek
 .text.usb_cdcacm_rx
                0x08003910       0x44 C:\Users\hp\AppData\Local\Temp\arduino\cores\a9119d465712ab722e1faba262e6ea75\core.a(usb_cdcacm.c.o)
                0x08003910                usb_cdcacm_rx
 .text.usb_set_ep_rx_count_common
                0x08003954       0x38 C:\Users\hp\AppData\Local\Temp\arduino\cores\a9119d465712ab722e1faba262e6ea75\core.a(usb_reg_map.c.o)
 .text.usb_set_ep_rx_count
                0x0800398c       0x20 C:\Users\hp\AppData\Local\Temp\arduino\cores\a9119d465712ab722e1faba262e6ea75\core.a(usb_reg_map.c.o)
                0x0800398c                usb_set_ep_rx_count
 .text.Standard_GetConfiguration
                0x080039ac       0x28 C:\Users\hp\AppData\Local\Temp\arduino\cores\a9119d465712ab722e1faba262e6ea75\core.a(usb_core.c.o)
                0x080039ac                Standard_GetConfiguration
 .text.Standard_GetInterface
                0x080039d4       0x28 C:\Users\hp\AppData\Local\Temp\arduino\cores\a9119d465712ab722e1faba262e6ea75\core.a(usb_core.c.o)
                0x080039d4                Standard_GetInterface
 .text.Standard_GetStatus
                0x080039fc       0xb0 C:\Users\hp\AppData\Local\Temp\arduino\cores\a9119d465712ab722e1faba262e6ea75\core.a(usb_core.c.o)
                0x080039fc                Standard_GetStatus
 .text.DataStageIn
                0x08003aac       0xac C:\Users\hp\AppData\Local\Temp\arduino\cores\a9119d465712ab722e1faba262e6ea75\core.a(usb_core.c.o)
 .text.Data_Setup0
                0x08003b58      0x210 C:\Users\hp\AppData\Local\Temp\arduino\cores\a9119d465712ab722e1faba262e6ea75\core.a(usb_core.c.o)
 .text.DataStageOut
                0x08003d68       0xa8 C:\Users\hp\AppData\Local\Temp\arduino\cores\a9119d465712ab722e1faba262e6ea75\core.a(usb_core.c.o)
 .text.Standard_SetConfiguration
                0x08003e10       0x40 C:\Users\hp\AppData\Local\Temp\arduino\cores\a9119d465712ab722e1faba262e6ea75\core.a(usb_core.c.o)
                0x08003e10                Standard_SetConfiguration
 .text.Standard_SetInterface
                0x08003e50       0x5c C:\Users\hp\AppData\Local\Temp\arduino\cores\a9119d465712ab722e1faba262e6ea75\core.a(usb_core.c.o)
                0x08003e50                Standard_SetInterface
 .text.Standard_ClearFeature
                0x08003eac      0x10c C:\Users\hp\AppData\Local\Temp\arduino\cores\a9119d465712ab722e1faba262e6ea75\core.a(usb_core.c.o)
                0x08003eac                Standard_ClearFeature
 .text.Standard_SetEndPointFeature
                0x08003fb8       0xa4 C:\Users\hp\AppData\Local\Temp\arduino\cores\a9119d465712ab722e1faba262e6ea75\core.a(usb_core.c.o)
                0x08003fb8                Standard_SetEndPointFeature
 .text.Standard_SetDeviceFeature
                0x0800405c       0x24 C:\Users\hp\AppData\Local\Temp\arduino\cores\a9119d465712ab722e1faba262e6ea75\core.a(usb_core.c.o)
                0x0800405c                Standard_SetDeviceFeature
 .text.NoData_Setup0
                0x08004080      0x120 C:\Users\hp\AppData\Local\Temp\arduino\cores\a9119d465712ab722e1faba262e6ea75\core.a(usb_core.c.o)
 .text.Standard_GetDescriptorData
                0x080041a0       0x1c C:\Users\hp\AppData\Local\Temp\arduino\cores\a9119d465712ab722e1faba262e6ea75\core.a(usb_core.c.o)
                0x080041a0                Standard_GetDescriptorData
 .text.Post0_Process
                0x080041bc       0x40 C:\Users\hp\AppData\Local\Temp\arduino\cores\a9119d465712ab722e1faba262e6ea75\core.a(usb_core.c.o)
                0x080041bc                Post0_Process
 .text.Setup0_Process
                0x080041fc       0x70 C:\Users\hp\AppData\Local\Temp\arduino\cores\a9119d465712ab722e1faba262e6ea75\core.a(usb_core.c.o)
                0x080041fc                Setup0_Process
 .text.Out0_Process
                0x0800426c       0x44 C:\Users\hp\AppData\Local\Temp\arduino\cores\a9119d465712ab722e1faba262e6ea75\core.a(usb_core.c.o)
                0x0800426c                Out0_Process
 .text.SetDeviceAddress
                0x080042b0       0x3c C:\Users\hp\AppData\Local\Temp\arduino\cores\a9119d465712ab722e1faba262e6ea75\core.a(usb_core.c.o)
                0x080042b0                SetDeviceAddress
 .text.In0_Process
                0x080042ec       0x64 C:\Users\hp\AppData\Local\Temp\arduino\cores\a9119d465712ab722e1faba262e6ea75\core.a(usb_core.c.o)
                0x080042ec                In0_Process
 .text.NOP_Process
                0x08004350        0x4 C:\Users\hp\AppData\Local\Temp\arduino\cores\a9119d465712ab722e1faba262e6ea75\core.a(usb_core.c.o)
                0x08004350                NOP_Process
 .text.UserToPMABufferCopy
                0x08004354       0x2c C:\Users\hp\AppData\Local\Temp\arduino\cores\a9119d465712ab722e1faba262e6ea75\core.a(usb_mem.c.o)
                0x08004354                UserToPMABufferCopy
 .text.PMAToUserBufferCopy
                0x08004380       0x30 C:\Users\hp\AppData\Local\Temp\arduino\cores\a9119d465712ab722e1faba262e6ea75\core.a(usb_mem.c.o)
                0x08004380                PMAToUserBufferCopy
 .text.SetEPTxStatus
                0x080043b0       0x34 C:\Users\hp\AppData\Local\Temp\arduino\cores\a9119d465712ab722e1faba262e6ea75\core.a(usb_regs.c.o)
                0x080043b0                SetEPTxStatus
 .text.ClearDTOG_RX
                0x080043e4       0x28 C:\Users\hp\AppData\Local\Temp\arduino\cores\a9119d465712ab722e1faba262e6ea75\core.a(usb_regs.c.o)
                0x080043e4                ClearDTOG_RX
 .text.ClearDTOG_TX
                0x0800440c       0x28 C:\Users\hp\AppData\Local\Temp\arduino\cores\a9119d465712ab722e1faba262e6ea75\core.a(usb_regs.c.o)
                0x0800440c                ClearDTOG_TX
 .text.GetEPTxAddr
                0x08004434       0x1c C:\Users\hp\AppData\Local\Temp\arduino\cores\a9119d465712ab722e1faba262e6ea75\core.a(usb_regs.c.o)
                0x08004434                GetEPTxAddr
 .text.GetEPRxAddr
                0x08004450       0x1c C:\Users\hp\AppData\Local\Temp\arduino\cores\a9119d465712ab722e1faba262e6ea75\core.a(usb_regs.c.o)
                0x08004450                GetEPRxAddr
 .text.SetEPTxCount
                0x0800446c       0x1c C:\Users\hp\AppData\Local\Temp\arduino\cores\a9119d465712ab722e1faba262e6ea75\core.a(usb_regs.c.o)
                0x0800446c                SetEPTxCount
 .text.SetEPRxCount
                0x08004488       0x44 C:\Users\hp\AppData\Local\Temp\arduino\cores\a9119d465712ab722e1faba262e6ea75\core.a(usb_regs.c.o)
                0x08004488                SetEPRxCount
 .text.throb    0x080044cc       0x50 C:\Users\hp\AppData\Local\Temp\arduino\cores\a9119d465712ab722e1faba262e6ea75\core.a(util.c.o)
                0x080044cc                throb
 .text.__error  0x0800451c       0x14 C:\Users\hp\AppData\Local\Temp\arduino\cores\a9119d465712ab722e1faba262e6ea75\core.a(util.c.o)
                0x0800451c                __error
 .text._Z7premainv
                0x08004530        0x8 C:\Users\hp\AppData\Local\Temp\arduino\cores\a9119d465712ab722e1faba262e6ea75\core.a(main.cpp.o)
                0x08004530                premain()
 .text.main     0x08004538        0xc C:\Users\hp\AppData\Local\Temp\arduino\cores\a9119d465712ab722e1faba262e6ea75\core.a(main.cpp.o)
                0x08004538                main
 .text._Z7pinModeh13WiringPinMode
                0x08004544       0x94 C:\Users\hp\AppData\Local\Temp\arduino\cores\a9119d465712ab722e1faba262e6ea75\core.a(wirish_digital_f1.cpp.o)
                0x08004544                pinMode(unsigned char, WiringPinMode)
 .text._ZN9USBSerial9availableEv
                0x080045d8        0x8 C:\Users\hp\AppData\Local\Temp\arduino\cores\a9119d465712ab722e1faba262e6ea75\core.a(usb_serial.cpp.o)
                0x080045d8                USBSerial::available()
 .text._ZN9USBSerial4peekEv
                0x080045e0       0x20 C:\Users\hp\AppData\Local\Temp\arduino\cores\a9119d465712ab722e1faba262e6ea75\core.a(usb_serial.cpp.o)
                0x080045e0                USBSerial::peek()
 .text._ZN9USBSerial4readEv
                0x08004600       0x20 C:\Users\hp\AppData\Local\Temp\arduino\cores\a9119d465712ab722e1faba262e6ea75\core.a(usb_serial.cpp.o)
                0x08004600                USBSerial::read()
 .text._ZN9USBSerialC2Ev
                0x08004620       0x14 C:\Users\hp\AppData\Local\Temp\arduino\cores\a9119d465712ab722e1faba262e6ea75\core.a(usb_serial.cpp.o)
                0x08004620                USBSerial::USBSerial()
                0x08004620                USBSerial::USBSerial()
 .text._Z41__static_initialization_and_destruction_0ii
                0x08004634       0x1c C:\Users\hp\AppData\Local\Temp\arduino\cores\a9119d465712ab722e1faba262e6ea75\core.a(usb_serial.cpp.o)
 .text._ZN9USBSerial5writeEPKhm
                0x08004650       0x54 C:\Users\hp\AppData\Local\Temp\arduino\cores\a9119d465712ab722e1faba262e6ea75\core.a(usb_serial.cpp.o)
                0x08004650                USBSerial::write(unsigned char const*, unsigned long)
 .text._ZN9USBSerial5writeEh
                0x080046a4       0x18 C:\Users\hp\AppData\Local\Temp\arduino\cores\a9119d465712ab722e1faba262e6ea75\core.a(usb_serial.cpp.o)
                0x080046a4                USBSerial::write(unsigned char)
 .text._ZN9USBSerial5writeEPKc
                0x080046bc       0x18 C:\Users\hp\AppData\Local\Temp\arduino\cores\a9119d465712ab722e1faba262e6ea75\core.a(usb_serial.cpp.o)
                0x080046bc                USBSerial::write(char const*)
 .text._ZN9USBSerial4readEPhm
                0x080046d4       0x1c C:\Users\hp\AppData\Local\Temp\arduino\cores\a9119d465712ab722e1faba262e6ea75\core.a(usb_serial.cpp.o)
                0x080046d4                USBSerial::read(unsigned char*, unsigned long)
 .text._ZN9USBSerial5flushEv
                0x080046f0       0x24 C:\Users\hp\AppData\Local\Temp\arduino\cores\a9119d465712ab722e1faba262e6ea75\core.a(usb_serial.cpp.o)
                0x080046f0                USBSerial::flush()
 .text._GLOBAL__sub_I__ZN9USBSerial9_hasBegunE
                0x08004714       0x10 C:\Users\hp\AppData\Local\Temp\arduino\cores\a9119d465712ab722e1faba262e6ea75\core.a(usb_serial.cpp.o)
 .text._Z11digitalReadh
                0x08004724       0x28 C:\Users\hp\AppData\Local\Temp\arduino\cores\a9119d465712ab722e1faba262e6ea75\core.a(wirish_digital.cpp.o)
                0x08004724                digitalRead(unsigned char)
 .text._Z12digitalWritehh
                0x0800474c       0x2c C:\Users\hp\AppData\Local\Temp\arduino\cores\a9119d465712ab722e1faba262e6ea75\core.a(wirish_digital.cpp.o)
                0x0800474c                digitalWrite(unsigned char, unsigned char)
 .text.delay    0x08004778       0x94 C:\Users\hp\AppData\Local\Temp\arduino\cores\a9119d465712ab722e1faba262e6ea75\core.a(wirish_time.cpp.o)
                0x08004778                delay
 .text.delayMicroseconds
                0x0800480c       0x10 C:\Users\hp\AppData\Local\Temp\arduino\cores\a9119d465712ab722e1faba262e6ea75\core.a(wirish_time.cpp.o)
                0x0800480c                delayMicroseconds
 .text.__empty  0x0800481c        0x4 C:\Users\hp\AppData\Local\Temp\arduino\cores\a9119d465712ab722e1faba262e6ea75\core.a(hooks.c.o)
                0x0800481c                yield
 .text.gpio_init
                0x08004820       0x14 C:\Users\hp\AppData\Local\Temp\arduino\cores\a9119d465712ab722e1faba262e6ea75\core.a(gpio.c.o)
                0x08004820                gpio_init
 .text._i2c_irq_handler
                0x08004834      0x468 C:\Users\hp\AppData\Local\Temp\arduino\cores\a9119d465712ab722e1faba262e6ea75\core.a(i2c.c.o)
                0x08004834                _i2c_irq_handler
 .text._i2c_irq_error_handler
                0x08004c9c       0x80 C:\Users\hp\AppData\Local\Temp\arduino\cores\a9119d465712ab722e1faba262e6ea75\core.a(i2c.c.o)
                0x08004c9c                _i2c_irq_error_handler
 .text.exit     0x08004d1c       0x20 c:/users/hp/appdata/local/arduino15/packages/arduino/tools/arm-none-eabi-gcc/4.8.3-2014q1/bin/../lib/gcc/arm-none-eabi/4.8.3/../../../../arm-none-eabi/lib/armv7-m\libc.a(lib_a-exit.o)
                0x08004d1c                exit
 .text.__libc_init_array
                0x08004d3c       0x50 c:/users/hp/appdata/local/arduino15/packages/arduino/tools/arm-none-eabi-gcc/4.8.3-2014q1/bin/../lib/gcc/arm-none-eabi/4.8.3/../../../../arm-none-eabi/lib/armv7-m\libc.a(lib_a-init.o)
                0x08004d3c                __libc_init_array
 .text          0x08004d8c       0xec c:/users/hp/appdata/local/arduino15/packages/arduino/tools/arm-none-eabi-gcc/4.8.3-2014q1/bin/../lib/gcc/arm-none-eabi/4.8.3/../../../../arm-none-eabi/lib/armv7-m\libc.a(lib_a-memcpy.o)
                0x08004d8c                memcpy
 .text.memset   0x08004e78       0x94 c:/users/hp/appdata/local/arduino15/packages/arduino/tools/arm-none-eabi-gcc/4.8.3-2014q1/bin/../lib/gcc/arm-none-eabi/4.8.3/../../../../arm-none-eabi/lib/armv7-m\libc.a(lib_a-memset.o)
                0x08004e78                memset
 .text.strlen   0x08004f0c       0x60 c:/users/hp/appdata/local/arduino15/packages/arduino/tools/arm-none-eabi-gcc/4.8.3-2014q1/bin/../lib/gcc/arm-none-eabi/4.8.3/../../../../arm-none-eabi/lib/armv7-m\libc.a(lib_a-strlen.o)
                0x08004f0c                strlen
 .text.startup.register_fini
                0x08004f6c       0x14 c:/users/hp/appdata/local/arduino15/packages/arduino/tools/arm-none-eabi-gcc/4.8.3-2014q1/bin/../lib/gcc/arm-none-eabi/4.8.3/../../../../arm-none-eabi/lib/armv7-m\libc.a(lib_a-__call_atexit.o)
 .text.__call_exitprocs
                0x08004f80       0xf0 c:/users/hp/appdata/local/arduino15/packages/arduino/tools/arm-none-eabi-gcc/4.8.3-2014q1/bin/../lib/gcc/arm-none-eabi/4.8.3/../../../../arm-none-eabi/lib/armv7-m\libc.a(lib_a-__call_atexit.o)
                0x08004f80                __call_exitprocs
 .text.atexit   0x08005070        0xc c:/users/hp/appdata/local/arduino15/packages/arduino/tools/arm-none-eabi-gcc/4.8.3-2014q1/bin/../lib/gcc/arm-none-eabi/4.8.3/../../../../arm-none-eabi/lib/armv7-m\libc.a(lib_a-atexit.o)
                0x08005070                atexit
 .text.__libc_fini_array
                0x0800507c       0x30 c:/users/hp/appdata/local/arduino15/packages/arduino/tools/arm-none-eabi-gcc/4.8.3-2014q1/bin/../lib/gcc/arm-none-eabi/4.8.3/../../../../arm-none-eabi/lib/armv7-m\libc.a(lib_a-fini.o)
                0x0800507c                __libc_fini_array
 .text.__register_exitproc
                0x080050ac       0xa8 c:/users/hp/appdata/local/arduino15/packages/arduino/tools/arm-none-eabi-gcc/4.8.3-2014q1/bin/../lib/gcc/arm-none-eabi/4.8.3/../../../../arm-none-eabi/lib/armv7-m\libc.a(lib_a-__atexit.o)
                0x080050ac                __register_exitproc
 *(.plt)
 *(.gnu.warning)
 *(.glue_7t)
 .glue_7t       0x00000000        0x0 linker stubs
 *(.glue_7)
 .glue_7        0x00000000        0x0 linker stubs
 *(.vfp11_veneer)
 .vfp11_veneer  0x00000000        0x0 linker stubs
 *(.ARM.extab* .gnu.linkonce.armextab.*)
 *(.gcc_except_table)
 *(.eh_frame_hdr)
 *(.eh_frame)
 .eh_frame      0x08005154        0x0 c:/users/hp/appdata/local/arduino15/packages/arduino/tools/arm-none-eabi-gcc/4.8.3-2014q1/bin/../lib/gcc/arm-none-eabi/4.8.3/armv7-m/crtbegin.o
                0x08005154                . = ALIGN (0x4)
 *(.init)
 .init          0x08005154        0x4 c:/users/hp/appdata/local/arduino15/packages/arduino/tools/arm-none-eabi-gcc/4.8.3-2014q1/bin/../lib/gcc/arm-none-eabi/4.8.3/armv7-m/crti.o
                0x08005154                _init
 .init          0x08005158        0x8 c:/users/hp/appdata/local/arduino15/packages/arduino/tools/arm-none-eabi-gcc/4.8.3-2014q1/bin/../lib/gcc/arm-none-eabi/4.8.3/armv7-m/crtn.o
                0x08005160                . = ALIGN (0x4)
                0x08005160                __preinit_array_start = .
 *(.preinit_array)
                0x08005160                __preinit_array_end = .
                0x08005160                . = ALIGN (0x4)
                0x08005160                __init_array_start = .
 *(SORT(.init_array.*))
 .init_array.00000
                0x08005160        0x4 c:/users/hp/appdata/local/arduino15/packages/arduino/tools/arm-none-eabi-gcc/4.8.3-2014q1/bin/../lib/gcc/arm-none-eabi/4.8.3/../../../../arm-none-eabi/lib/armv7-m\libc.a(lib_a-__call_atexit.o)
 .init_array.00101
                0x08005164        0x4 C:\Users\hp\AppData\Local\Temp\arduino\cores\a9119d465712ab722e1faba262e6ea75\core.a(main.cpp.o)
 *(.init_array)
 .init_array    0x08005168        0x4 c:/users/hp/appdata/local/arduino15/packages/arduino/tools/arm-none-eabi-gcc/4.8.3-2014q1/bin/../lib/gcc/arm-none-eabi/4.8.3/armv7-m/crtbegin.o
 .init_array    0x0800516c        0x4 C:\Users\hp\AppData\Local\Temp\arduino\sketches\63B866908D82D2984701EB2CBB8A8C10\sketch\usb_keyboard_v0.5.ino.cpp.o
 .init_array    0x08005170        0x4 C:\Users\hp\AppData\Local\Temp\arduino\sketches\63B866908D82D2984701EB2CBB8A8C10\libraries\USBComposite\USBComposite.cpp.o
 .init_array    0x08005174        0x4 C:\Users\hp\AppData\Local\Temp\arduino\sketches\63B866908D82D2984701EB2CBB8A8C10\core\board.cpp.o
 .init_array    0x08005178        0x4 C:\Users\hp\AppData\Local\Temp\arduino\cores\a9119d465712ab722e1faba262e6ea75\core.a(usb_serial.cpp.o)
                0x0800517c                __init_array_end = .
                0x0800517c                . = ALIGN (0x4)
 *crtbegin.o(.ctors)
 *(EXCLUDE_FILE(*crtend.o) .ctors)
 *(SORT(.ctors.*))
 *crtend.o(.ctors)
                0x0800517c                . = ALIGN (0x4)
 *(.fini)
 .fini          0x0800517c        0x4 c:/users/hp/appdata/local/arduino15/packages/arduino/tools/arm-none-eabi-gcc/4.8.3-2014q1/bin/../lib/gcc/arm-none-eabi/4.8.3/armv7-m/crti.o
                0x0800517c                _fini
 .fini          0x08005180        0x8 c:/users/hp/appdata/local/arduino15/packages/arduino/tools/arm-none-eabi-gcc/4.8.3-2014q1/bin/../lib/gcc/arm-none-eabi/4.8.3/armv7-m/crtn.o
                0x08005188                . = ALIGN (0x4)
                0x08005188                __fini_array_start = .
 *(.fini_array)
 .fini_array    0x08005188        0x4 c:/users/hp/appdata/local/arduino15/packages/arduino/tools/arm-none-eabi-gcc/4.8.3-2014q1/bin/../lib/gcc/arm-none-eabi/4.8.3/armv7-m/crtbegin.o
 *(SORT(.fini_array.*))
                0x0800518c                __fini_array_end = .
 *crtbegin.o(.dtors)
 *(EXCLUDE_FILE(*crtend.o) .dtors)
 *(SORT(.dtors.*))
 *crtend.o(.dtors)

.v4_bx          0x0800518c        0x0
 .v4_bx         0x00000000        0x0 linker stubs

.iplt           0x0800518c        0x0
 .iplt          0x00000000        0x0 c:/users/hp/appdata/local/arduino15/packages/arduino/tools/arm-none-eabi-gcc/4.8.3-2014q1/bin/../lib/gcc/arm-none-eabi/4.8.3/armv7-m/crtbegin.o

.text.align     0x0800518c        0x4
                0x08005190                . = ALIGN (0x8)
 *fill*         0x0800518c        0x4 
                0x08005190                __text_end__ = .
                0x08005190                __exidx_start = .

.ARM.exidx      0x08005190        0x8
 *(.ARM.exidx* .gnu.linkonce.armexidx.*)
 .ARM.exidx     0x08005190        0x8 C:\Users\hp\AppData\Local\Temp\arduino\sketches\63B866908D82D2984701EB2CBB8A8C10\core\wirish\start.S.o
                0x08005198                __exidx_end = .

.data           0x20000000     0x1140 load address 0x08005198
                0x20000000                __data_start__ = .
                0x20000000        0x4 LONG 0x0
                0x20000008                . = ALIGN (0x8)
 *fill*         0x20000004        0x4 
 *(.got.plt)
 *(.got)
 *(.data .data.* .gnu.linkonce.d.*)
 .data.media    0x20000008      0x220 C:\Users\hp\AppData\Local\Temp\arduino\sketches\63B866908D82D2984701EB2CBB8A8C10\sketch\usb_keyboard_v0.5.ino.cpp.o
                0x20000008                media
 .data.Fn_pressed
                0x20000228        0x1 C:\Users\hp\AppData\Local\Temp\arduino\sketches\63B866908D82D2984701EB2CBB8A8C10\sketch\usb_keyboard_v0.5.ino.cpp.o
                0x20000228                Fn_pressed
 *fill*         0x20000229        0x3 
 .data.old_key  0x2000022c       0x88 C:\Users\hp\AppData\Local\Temp\arduino\sketches\63B866908D82D2984701EB2CBB8A8C10\sketch\usb_keyboard_v0.5.ino.cpp.o
                0x2000022c                old_key
 .data.Row_IO   0x200002b4       0x44 C:\Users\hp\AppData\Local\Temp\arduino\sketches\63B866908D82D2984701EB2CBB8A8C10\sketch\usb_keyboard_v0.5.ino.cpp.o
                0x200002b4                Row_IO
 .data.modifier
                0x200002f8      0x220 C:\Users\hp\AppData\Local\Temp\arduino\sketches\63B866908D82D2984701EB2CBB8A8C10\sketch\usb_keyboard_v0.5.ino.cpp.o
                0x200002f8                modifier
 .data.normal   0x20000518      0x220 C:\Users\hp\AppData\Local\Temp\arduino\sketches\63B866908D82D2984701EB2CBB8A8C10\sketch\usb_keyboard_v0.5.ino.cpp.o
                0x20000518                normal
 .data.Col_IO   0x20000738       0x20 C:\Users\hp\AppData\Local\Temp\arduino\sketches\63B866908D82D2984701EB2CBB8A8C10\sketch\usb_keyboard_v0.5.ino.cpp.o
                0x20000738                Col_IO
 .data.hidReportConsumer
                0x20000758        0x4 C:\Users\hp\AppData\Local\Temp\arduino\sketches\63B866908D82D2984701EB2CBB8A8C10\libraries\USBComposite\HIDReports.cpp.o
                0x20000758                hidReportConsumer
 .data._ZL12raw_Consumer
                0x2000075c       0x1c C:\Users\hp\AppData\Local\Temp\arduino\sketches\63B866908D82D2984701EB2CBB8A8C10\libraries\USBComposite\HIDReports.cpp.o
 .data.hidReportKeyboard
                0x20000778        0x4 C:\Users\hp\AppData\Local\Temp\arduino\sketches\63B866908D82D2984701EB2CBB8A8C10\libraries\USBComposite\HIDReports.cpp.o
                0x20000778                hidReportKeyboard
 .data._ZL12raw_Keyboard
                0x2000077c       0x3c C:\Users\hp\AppData\Local\Temp\arduino\sketches\63B866908D82D2984701EB2CBB8A8C10\libraries\USBComposite\HIDReports.cpp.o
 .data.string_descriptor_buffer
                0x200007b8       0x98 C:\Users\hp\AppData\Local\Temp\arduino\sketches\63B866908D82D2984701EB2CBB8A8C10\libraries\USBComposite\usb_generic.c.o
 .data.Config_Descriptor
                0x20000850        0x8 C:\Users\hp\AppData\Local\Temp\arduino\sketches\63B866908D82D2984701EB2CBB8A8C10\libraries\USBComposite\usb_generic.c.o
 .data.Device_Descriptor
                0x20000858        0x8 C:\Users\hp\AppData\Local\Temp\arduino\sketches\63B866908D82D2984701EB2CBB8A8C10\libraries\USBComposite\usb_generic.c.o
 .data.my_Device_Table
                0x20000860        0x4 C:\Users\hp\AppData\Local\Temp\arduino\sketches\63B866908D82D2984701EB2CBB8A8C10\libraries\USBComposite\usb_generic.c.o
 .data.usbGenericDescriptor_Device
                0x20000864       0x14 C:\Users\hp\AppData\Local\Temp\arduino\sketches\63B866908D82D2984701EB2CBB8A8C10\libraries\USBComposite\usb_generic.c.o
 .data.disconnect_delay
                0x20000878        0x4 C:\Users\hp\AppData\Local\Temp\arduino\sketches\63B866908D82D2984701EB2CBB8A8C10\libraries\USBComposite\usb_generic.c.o
 .data.String_Descriptor
                0x2000087c       0x20 C:\Users\hp\AppData\Local\Temp\arduino\sketches\63B866908D82D2984701EB2CBB8A8C10\libraries\USBComposite\usb_generic.c.o
 .data.numStringDescriptors
                0x2000089c        0x1 C:\Users\hp\AppData\Local\Temp\arduino\sketches\63B866908D82D2984701EB2CBB8A8C10\libraries\USBComposite\usb_generic.c.o
 *fill*         0x2000089d        0x3 
 .data.generic_string_descriptor
                0x200008a0        0x8 C:\Users\hp\AppData\Local\Temp\arduino\sketches\63B866908D82D2984701EB2CBB8A8C10\libraries\USBComposite\usb_generic.c.o
 .data.epTypes  0x200008a8        0x8 C:\Users\hp\AppData\Local\Temp\arduino\sketches\63B866908D82D2984701EB2CBB8A8C10\libraries\USBComposite\usb_generic.c.o
                0x200008a8                epTypes
 .data.usbHIDPart
                0x200008b0       0x2c C:\Users\hp\AppData\Local\Temp\arduino\sketches\63B866908D82D2984701EB2CBB8A8C10\libraries\USBComposite\usb_hid.c.o
                0x200008b0                usbHIDPart
 .data.hidEndpoints
                0x200008dc        0xc C:\Users\hp\AppData\Local\Temp\arduino\sketches\63B866908D82D2984701EB2CBB8A8C10\libraries\USBComposite\usb_hid.c.o
 .data.txEPSize
                0x200008e8        0x4 C:\Users\hp\AppData\Local\Temp\arduino\sketches\63B866908D82D2984701EB2CBB8A8C10\libraries\USBComposite\usb_hid.c.o
 .data.HID_Hid_Descriptor
                0x200008ec        0x8 C:\Users\hp\AppData\Local\Temp\arduino\sketches\63B866908D82D2984701EB2CBB8A8C10\libraries\USBComposite\usb_hid.c.o
 .data._ZN6wirish4privL8pll_dataE
                0x200008f4        0x4 C:\Users\hp\AppData\Local\Temp\arduino\sketches\63B866908D82D2984701EB2CBB8A8C10\core\wirish\boards_setup.cpp.o
 .data._ZN6wirish4priv9w_adc_smpE
                0x200008f8        0x1 C:\Users\hp\AppData\Local\Temp\arduino\sketches\63B866908D82D2984701EB2CBB8A8C10\core\wirish\boards_setup.cpp.o
                0x200008f8                wirish::priv::w_adc_smp
 *fill*         0x200008f9        0x1 
 .data._ZN6wirish4priv9w_adc_preE
                0x200008fa        0x2 C:\Users\hp\AppData\Local\Temp\arduino\sketches\63B866908D82D2984701EB2CBB8A8C10\core\wirish\boards_setup.cpp.o
                0x200008fa                wirish::priv::w_adc_pre
 .data._ZN6wirish4priv15w_board_pll_cfgE
                0x200008fc        0x8 C:\Users\hp\AppData\Local\Temp\arduino\sketches\63B866908D82D2984701EB2CBB8A8C10\core\wirish\boards_setup.cpp.o
                0x200008fc                wirish::priv::w_board_pll_cfg
 .data.adc2     0x20000904        0x8 C:\Users\hp\AppData\Local\Temp\arduino\cores\a9119d465712ab722e1faba262e6ea75\core.a(adc_f1.c.o)
                0x20000904                adc2
 .data.adc1     0x2000090c       0x18 C:\Users\hp\AppData\Local\Temp\arduino\cores\a9119d465712ab722e1faba262e6ea75\core.a(adc_f1.c.o)
                0x2000090c                adc1
 .data.ADC2     0x20000924        0x4 C:\Users\hp\AppData\Local\Temp\arduino\cores\a9119d465712ab722e1faba262e6ea75\core.a(adc_f1.c.o)
                0x20000924                ADC2
 .data.ADC1     0x20000928        0x4 C:\Users\hp\AppData\Local\Temp\arduino\cores\a9119d465712ab722e1faba262e6ea75\core.a(adc_f1.c.o)
                0x20000928                ADC1
 .data.dma1     0x2000092c       0x40 C:\Users\hp\AppData\Local\Temp\arduino\cores\a9119d465712ab722e1faba262e6ea75\core.a(dma_f1.c.o)
 .data.DMA1     0x2000096c        0x4 C:\Users\hp\AppData\Local\Temp\arduino\cores\a9119d465712ab722e1faba262e6ea75\core.a(dma_f1.c.o)
                0x2000096c                DMA1
 .data.gpioa    0x20000970        0x8 C:\Users\hp\AppData\Local\Temp\arduino\cores\a9119d465712ab722e1faba262e6ea75\core.a(gpio_f1.c.o)
                0x20000970                gpioa
 .data.gpiob    0x20000978        0x8 C:\Users\hp\AppData\Local\Temp\arduino\cores\a9119d465712ab722e1faba262e6ea75\core.a(gpio_f1.c.o)
                0x20000978                gpiob
 .data.gpioc    0x20000980        0x8 C:\Users\hp\AppData\Local\Temp\arduino\cores\a9119d465712ab722e1faba262e6ea75\core.a(gpio_f1.c.o)
                0x20000980                gpioc
 .data.gpiod    0x20000988        0x8 C:\Users\hp\AppData\Local\Temp\arduino\cores\a9119d465712ab722e1faba262e6ea75\core.a(gpio_f1.c.o)
                0x20000988                gpiod
 .data.i2c1     0x20000990       0x38 C:\Users\hp\AppData\Local\Temp\arduino\cores\a9119d465712ab722e1faba262e6ea75\core.a(i2c_f1.c.o)
 .data.i2c2     0x200009c8       0x38 C:\Users\hp\AppData\Local\Temp\arduino\cores\a9119d465712ab722e1faba262e6ea75\core.a(i2c_f1.c.o)
 .data.enable_regs.4411
                0x20000a00        0xc C:\Users\hp\AppData\Local\Temp\arduino\cores\a9119d465712ab722e1faba262e6ea75\core.a(rcc_f1.c.o)
 .data.reset_regs.4415
                0x20000a0c        0x8 C:\Users\hp\AppData\Local\Temp\arduino\cores\a9119d465712ab722e1faba262e6ea75\core.a(rcc_f1.c.o)
 .data.enable_regs.4424
                0x20000a14        0xc C:\Users\hp\AppData\Local\Temp\arduino\cores\a9119d465712ab722e1faba262e6ea75\core.a(rcc_f1.c.o)
 .data.timer3   0x20000a20       0x24 C:\Users\hp\AppData\Local\Temp\arduino\cores\a9119d465712ab722e1faba262e6ea75\core.a(timer.c.o)
                0x20000a20                timer3
 .data.timer4   0x20000a44       0x24 C:\Users\hp\AppData\Local\Temp\arduino\cores\a9119d465712ab722e1faba262e6ea75\core.a(timer.c.o)
                0x20000a44                timer4
 .data.timer1   0x20000a68       0x28 C:\Users\hp\AppData\Local\Temp\arduino\cores\a9119d465712ab722e1faba262e6ea75\core.a(timer.c.o)
                0x20000a68                timer1
 .data.timer2   0x20000a90       0x24 C:\Users\hp\AppData\Local\Temp\arduino\cores\a9119d465712ab722e1faba262e6ea75\core.a(timer.c.o)
                0x20000a90                timer2
 .data.USART1   0x20000ab4        0x4 C:\Users\hp\AppData\Local\Temp\arduino\cores\a9119d465712ab722e1faba262e6ea75\core.a(usart_f1.c.o)
                0x20000ab4                USART1
 .data.USART2   0x20000ab8        0x4 C:\Users\hp\AppData\Local\Temp\arduino\cores\a9119d465712ab722e1faba262e6ea75\core.a(usart_f1.c.o)
                0x20000ab8                USART2
 .data.USART3   0x20000abc        0x4 C:\Users\hp\AppData\Local\Temp\arduino\cores\a9119d465712ab722e1faba262e6ea75\core.a(usart_f1.c.o)
                0x20000abc                USART3
 .data.usart1   0x20000ac0       0x94 C:\Users\hp\AppData\Local\Temp\arduino\cores\a9119d465712ab722e1faba262e6ea75\core.a(usart_f1.c.o)
 .data.usart2   0x20000b54       0x94 C:\Users\hp\AppData\Local\Temp\arduino\cores\a9119d465712ab722e1faba262e6ea75\core.a(usart_f1.c.o)
 .data.usart3   0x20000be8       0x94 C:\Users\hp\AppData\Local\Temp\arduino\cores\a9119d465712ab722e1faba262e6ea75\core.a(usart_f1.c.o)
 .data.USBLIB   0x20000c7c        0x4 C:\Users\hp\AppData\Local\Temp\arduino\cores\a9119d465712ab722e1faba262e6ea75\core.a(usb.c.o)
                0x20000c7c                USBLIB
 .data.usblib   0x20000c80       0x10 C:\Users\hp\AppData\Local\Temp\arduino\cores\a9119d465712ab722e1faba262e6ea75\core.a(usb.c.o)
 .data.Device_Property
                0x20000c90       0x30 C:\Users\hp\AppData\Local\Temp\arduino\cores\a9119d465712ab722e1faba262e6ea75\core.a(usb_cdcacm.c.o)
                0x20000c90                Device_Property
 .data.String_Descriptor
                0x20000cc0       0x18 C:\Users\hp\AppData\Local\Temp\arduino\cores\a9119d465712ab722e1faba262e6ea75\core.a(usb_cdcacm.c.o)
 .data.Config_Descriptor
                0x20000cd8        0x8 C:\Users\hp\AppData\Local\Temp\arduino\cores\a9119d465712ab722e1faba262e6ea75\core.a(usb_cdcacm.c.o)
 .data.line_coding
                0x20000ce0        0x8 C:\Users\hp\AppData\Local\Temp\arduino\cores\a9119d465712ab722e1faba262e6ea75\core.a(usb_cdcacm.c.o)
 .data.User_Standard_Requests
                0x20000ce8       0x24 C:\Users\hp\AppData\Local\Temp\arduino\cores\a9119d465712ab722e1faba262e6ea75\core.a(usb_cdcacm.c.o)
                0x20000ce8                User_Standard_Requests
 .data.Device_Descriptor
                0x20000d0c        0x8 C:\Users\hp\AppData\Local\Temp\arduino\cores\a9119d465712ab722e1faba262e6ea75\core.a(usb_cdcacm.c.o)
 .data.Device_Table
                0x20000d14        0x4 C:\Users\hp\AppData\Local\Temp\arduino\cores\a9119d465712ab722e1faba262e6ea75\core.a(usb_cdcacm.c.o)
                0x20000d14                Device_Table
 .data.impure_data
                0x20000d18      0x428 c:/users/hp/appdata/local/arduino15/packages/arduino/tools/arm-none-eabi-gcc/4.8.3-2014q1/bin/../lib/gcc/arm-none-eabi/4.8.3/../../../../arm-none-eabi/lib/armv7-m\libc.a(lib_a-impure.o)
                0x20001140                . = ALIGN (0x8)
                0x20001140                __data_end__ = .

.jcr            0x20001140        0x0 load address 0x080062d8
 .jcr           0x20001140        0x0 c:/users/hp/appdata/local/arduino15/packages/arduino/tools/arm-none-eabi-gcc/4.8.3-2014q1/bin/../lib/gcc/arm-none-eabi/4.8.3/armv7-m/crtbegin.o

.igot.plt       0x20001140        0x0 load address 0x080062d8
 .igot.plt      0x00000000        0x0 c:/users/hp/appdata/local/arduino15/packages/arduino/tools/arm-none-eabi-gcc/4.8.3-2014q1/bin/../lib/gcc/arm-none-eabi/4.8.3/armv7-m/crtbegin.o

.rodata         0x080062d8      0x61c
 *(.rodata .rodata.* .gnu.linkonce.r.*)
 .rodata._ZL17reportDescription
                0x080062d8       0x54 C:\Users\hp\AppData\Local\Temp\arduino\sketches\63B866908D82D2984701EB2CBB8A8C10\sketch\usb_keyboard_v0.5.ino.cpp.o
 .rodata._ZL13desc_Keyboard
                0x0800632c        0x8 C:\Users\hp\AppData\Local\Temp\arduino\sketches\63B866908D82D2984701EB2CBB8A8C10\libraries\USBComposite\HIDReports.cpp.o
 .rodata._ZL13desc_Consumer
                0x08006334        0x8 C:\Users\hp\AppData\Local\Temp\arduino\sketches\63B866908D82D2984701EB2CBB8A8C10\libraries\USBComposite\HIDReports.cpp.o
 .rodata._ZL12ascii_to_hid
                0x0800633c       0x80 C:\Users\hp\AppData\Local\Temp\arduino\sketches\63B866908D82D2984701EB2CBB8A8C10\libraries\USBComposite\Keyboard.cpp.o
 *fill*         0x080063bc        0x4 
 .rodata._ZTV11HIDKeyboard
                0x080063c0       0x20 C:\Users\hp\AppData\Local\Temp\arduino\sketches\63B866908D82D2984701EB2CBB8A8C10\libraries\USBComposite\Keyboard.cpp.o
                0x080063c0                vtable for HIDKeyboard
 .rodata.DEFAULT_PRODUCT
                0x080063e0        0x8 C:\Users\hp\AppData\Local\Temp\arduino\sketches\63B866908D82D2984701EB2CBB8A8C10\libraries\USBComposite\usb_generic.c.o
                0x080063e0                DEFAULT_PRODUCT
 .rodata.Base_Header
                0x080063e8        0xc C:\Users\hp\AppData\Local\Temp\arduino\sketches\63B866908D82D2984701EB2CBB8A8C10\libraries\USBComposite\usb_generic.c.o
 .rodata.my_User_Standard_Requests
                0x080063f4       0x24 C:\Users\hp\AppData\Local\Temp\arduino\sketches\63B866908D82D2984701EB2CBB8A8C10\libraries\USBComposite\usb_generic.c.o
 .rodata.DEFAULT_MANUFACTURER
                0x08006418        0xc C:\Users\hp\AppData\Local\Temp\arduino\sketches\63B866908D82D2984701EB2CBB8A8C10\libraries\USBComposite\usb_generic.c.o
                0x08006418                DEFAULT_MANUFACTURER
 .rodata.my_Device_Property
                0x08006424       0x30 C:\Users\hp\AppData\Local\Temp\arduino\sketches\63B866908D82D2984701EB2CBB8A8C10\libraries\USBComposite\usb_generic.c.o
 .rodata.usb_LangID
                0x08006454        0x4 C:\Users\hp\AppData\Local\Temp\arduino\sketches\63B866908D82D2984701EB2CBB8A8C10\libraries\USBComposite\usb_generic.c.o
 .rodata.hidPartConfigData
                0x08006458       0x1c C:\Users\hp\AppData\Local\Temp\arduino\sketches\63B866908D82D2984701EB2CBB8A8C10\libraries\USBComposite\usb_hid.c.o
 .rodata.PIN_MAP
                0x08006474      0x310 C:\Users\hp\AppData\Local\Temp\arduino\sketches\63B866908D82D2984701EB2CBB8A8C10\core\board.cpp.o
                0x08006474                PIN_MAP
 *fill*         0x08006784        0x4 
 .rodata._ZTV14HardwareSerial
                0x08006788       0x28 C:\Users\hp\AppData\Local\Temp\arduino\cores\a9119d465712ab722e1faba262e6ea75\core.a(HardwareSerial.cpp.o)
                0x08006788                vtable for HardwareSerial
 .rodata._ZTV5Print
                0x080067b0       0x18 C:\Users\hp\AppData\Local\Temp\arduino\cores\a9119d465712ab722e1faba262e6ea75\core.a(Print.cpp.o)
                0x080067b0                vtable for Print
 .rodata.GPIOA  0x080067c8        0x4 C:\Users\hp\AppData\Local\Temp\arduino\cores\a9119d465712ab722e1faba262e6ea75\core.a(gpio_f1.c.o)
                0x080067c8                GPIOA
 .rodata.GPIOB  0x080067cc        0x4 C:\Users\hp\AppData\Local\Temp\arduino\cores\a9119d465712ab722e1faba262e6ea75\core.a(gpio_f1.c.o)
                0x080067cc                GPIOB
 .rodata.rcc_dev_table
                0x080067d0       0x5c C:\Users\hp\AppData\Local\Temp\arduino\cores\a9119d465712ab722e1faba262e6ea75\core.a(rcc_f1.c.o)
                0x080067d0                rcc_dev_table
 .rodata.masks.4420
                0x0800682c       0x14 C:\Users\hp\AppData\Local\Temp\arduino\cores\a9119d465712ab722e1faba262e6ea75\core.a(rcc_f1.c.o)
 .rodata.usbVcomDescriptor_iProduct
                0x08006840        0xc C:\Users\hp\AppData\Local\Temp\arduino\cores\a9119d465712ab722e1faba262e6ea75\core.a(usb_cdcacm.c.o)
 .rodata.usbVcomDescriptor_iManufacturer
                0x0800684c       0x14 C:\Users\hp\AppData\Local\Temp\arduino\cores\a9119d465712ab722e1faba262e6ea75\core.a(usb_cdcacm.c.o)
 .rodata.usbVcomDescriptor_Device
                0x08006860       0x14 C:\Users\hp\AppData\Local\Temp\arduino\cores\a9119d465712ab722e1faba262e6ea75\core.a(usb_cdcacm.c.o)
 .rodata.usbVcomDescriptor_Config
                0x08006874       0x44 C:\Users\hp\AppData\Local\Temp\arduino\cores\a9119d465712ab722e1faba262e6ea75\core.a(usb_cdcacm.c.o)
 .rodata.usbVcomDescriptor_LangID
                0x080068b8        0x4 C:\Users\hp\AppData\Local\Temp\arduino\cores\a9119d465712ab722e1faba262e6ea75\core.a(usb_cdcacm.c.o)
 *fill*         0x080068bc        0x4 
 .rodata._ZTV9USBSerial
                0x080068c0       0x28 C:\Users\hp\AppData\Local\Temp\arduino\cores\a9119d465712ab722e1faba262e6ea75\core.a(usb_serial.cpp.o)
                0x080068c0                vtable for USBSerial
 .rodata.str1.4
                0x080068e8        0x4 c:/users/hp/appdata/local/arduino15/packages/arduino/tools/arm-none-eabi-gcc/4.8.3-2014q1/bin/../lib/gcc/arm-none-eabi/4.8.3/../../../../arm-none-eabi/lib/armv7-m\libc.a(lib_a-impure.o)
 .rodata._global_impure_ptr
                0x080068ec        0x4 c:/users/hp/appdata/local/arduino15/packages/arduino/tools/arm-none-eabi-gcc/4.8.3-2014q1/bin/../lib/gcc/arm-none-eabi/4.8.3/../../../../arm-none-eabi/lib/armv7-m\libc.a(lib_a-impure.o)
                0x080068ec                _global_impure_ptr
 *(.USER_FLASH)
                0x080068f0                . = ALIGN (0x4)
                0x080068f0                _lm_rom_img_cfgp = .
                0x080068f0        0x4 LONG 0x8005198 LOADADDR (.data)
                0x200019a8                _lm_heap_start = DEFINED (_lm_heap_start)?_lm_heap_start:_end
                0x20005000                _lm_heap_end = DEFINED (_lm_heap_end)?_lm_heap_end:__msp_init

.rel.dyn        0x080068f4        0x0
 .rel.iplt      0x00000000        0x0 c:/users/hp/appdata/local/arduino15/packages/arduino/tools/arm-none-eabi-gcc/4.8.3-2014q1/bin/../lib/gcc/arm-none-eabi/4.8.3/armv7-m/crtbegin.o

.bss            0x20001140      0x868
                0x20001140                . = ALIGN (0x8)
                0x20001140                __bss_start__ = .
 *(.bss .bss.* .gnu.linkonce.b.*)
 .bss           0x20001140       0x1c c:/users/hp/appdata/local/arduino15/packages/arduino/tools/arm-none-eabi-gcc/4.8.3-2014q1/bin/../lib/gcc/arm-none-eabi/4.8.3/armv7-m/crtbegin.o
 .bss.f3Pressed
                0x2000115c        0x1 C:\Users\hp\AppData\Local\Temp\arduino\sketches\63B866908D82D2984701EB2CBB8A8C10\sketch\usb_keyboard_v0.5.ino.cpp.o
                0x2000115c                f3Pressed
 *fill*         0x2000115d        0x3 
 .bss.mod_alt_r
                0x20001160        0x4 C:\Users\hp\AppData\Local\Temp\arduino\sketches\63B866908D82D2984701EB2CBB8A8C10\sketch\usb_keyboard_v0.5.ino.cpp.o
                0x20001160                mod_alt_r
 .bss.Consumer  0x20001164       0x44 C:\Users\hp\AppData\Local\Temp\arduino\sketches\63B866908D82D2984701EB2CBB8A8C10\sketch\usb_keyboard_v0.5.ino.cpp.o
                0x20001164                Consumer
 .bss.slot2     0x200011a8        0x4 C:\Users\hp\AppData\Local\Temp\arduino\sketches\63B866908D82D2984701EB2CBB8A8C10\sketch\usb_keyboard_v0.5.ino.cpp.o
                0x200011a8                slot2
 .bss.f2Pressed
                0x200011ac        0x1 C:\Users\hp\AppData\Local\Temp\arduino\sketches\63B866908D82D2984701EB2CBB8A8C10\sketch\usb_keyboard_v0.5.ino.cpp.o
                0x200011ac                f2Pressed
 *fill*         0x200011ad        0x3 
 .bss.mod_gui   0x200011b0        0x4 C:\Users\hp\AppData\Local\Temp\arduino\sketches\63B866908D82D2984701EB2CBB8A8C10\sketch\usb_keyboard_v0.5.ino.cpp.o
                0x200011b0                mod_gui
 .bss.slot1     0x200011b4        0x4 C:\Users\hp\AppData\Local\Temp\arduino\sketches\63B866908D82D2984701EB2CBB8A8C10\sketch\usb_keyboard_v0.5.ino.cpp.o
                0x200011b4                slot1
 .bss.mod_shift_l
                0x200011b8        0x4 C:\Users\hp\AppData\Local\Temp\arduino\sketches\63B866908D82D2984701EB2CBB8A8C10\sketch\usb_keyboard_v0.5.ino.cpp.o
                0x200011b8                mod_shift_l
 .bss.slot3     0x200011bc        0x4 C:\Users\hp\AppData\Local\Temp\arduino\sketches\63B866908D82D2984701EB2CBB8A8C10\sketch\usb_keyboard_v0.5.ino.cpp.o
                0x200011bc                slot3
 .bss.slot4     0x200011c0        0x4 C:\Users\hp\AppData\Local\Temp\arduino\sketches\63B866908D82D2984701EB2CBB8A8C10\sketch\usb_keyboard_v0.5.ino.cpp.o
                0x200011c0                slot4
 .bss.slot5     0x200011c4        0x4 C:\Users\hp\AppData\Local\Temp\arduino\sketches\63B866908D82D2984701EB2CBB8A8C10\sketch\usb_keyboard_v0.5.ino.cpp.o
                0x200011c4                slot5