Archive member included because of file (symbol)

C:\Users\hp\AppData\Local\Temp\arduino\cores\a9119d465712ab722e1faba262e6ea75\core.a(HardwareSerial.cpp.o)
                              C:\Users\hp\AppData\Local\Temp\arduino\sketches\4A332D675326253D499D77B2F67D8AF1\core\board.cpp.o (HardwareSerial::HardwareSerial(usart_dev*, unsigned char, unsigned char))
C:\Users\hp\AppData\Local\Temp\arduino\cores\a9119d465712ab722e1faba262e6ea75\core.a(Print.cpp.o)
                              C:\Users\hp\AppData\Local\Temp\arduino\sketches\4A332D675326253D499D77B2F67D8AF1\libraries\USBComposite\Keyboard.cpp.o (Print::write(void const*, unsigned long))
C:\Users\hp\AppData\Local\Temp\arduino\cores\a9119d465712ab722e1faba262e6ea75\core.a(cxxabi-compat.cpp.o)
                              C:\Users\hp\AppData\Local\Temp\arduino\sketches\4A332D675326253D499D77B2F67D8AF1\libraries\USBComposite\USBHID.cpp.o (__cxa_pure_virtual)
C:\Users\hp\AppData\Local\Temp\arduino\cores\a9119d465712ab722e1faba262e6ea75\core.a(adc.c.o)
                              C:\Users\hp\AppData\Local\Temp\arduino\sketches\4A332D675326253D499D77B2F67D8AF1\core\wirish\boards.cpp.o (adc_set_sample_rate)
C:\Users\hp\AppData\Local\Temp\arduino\cores\a9119d465712ab722e1faba262e6ea75\core.a(adc_f1.c.o)
                              (__irq_adc)
C:\Users\hp\AppData\Local\Temp\arduino\cores\a9119d465712ab722e1faba262e6ea75\core.a(dma_f1.c.o)
                              (__irq_dma1_channel1)
C:\Users\hp\AppData\Local\Temp\arduino\cores\a9119d465712ab722e1faba262e6ea75\core.a(exc.S.o)
                              (__exc_nmi)
C:\Users\hp\AppData\Local\Temp\arduino\cores\a9119d465712ab722e1faba262e6ea75\core.a(exti.c.o)
                              (__irq_exti0)
C:\Users\hp\AppData\Local\Temp\arduino\cores\a9119d465712ab722e1faba262e6ea75\core.a(exti_f1.c.o)
                              C:\Users\hp\AppData\Local\Temp\arduino\cores\a9119d465712ab722e1faba262e6ea75\core.a(exti.c.o) (exti_select)
C:\Users\hp\AppData\Local\Temp\arduino\cores\a9119d465712ab722e1faba262e6ea75\core.a(flash.c.o)
                              C:\Users\hp\AppData\Local\Temp\arduino\sketches\4A332D675326253D499D77B2F67D8AF1\core\wirish\boards.cpp.o (flash_set_latency)
C:\Users\hp\AppData\Local\Temp\arduino\cores\a9119d465712ab722e1faba262e6ea75\core.a(gpio_f1.c.o)
                              C:\Users\hp\AppData\Local\Temp\arduino\sketches\4A332D675326253D499D77B2F67D8AF1\core\wirish\boards_setup.cpp.o (gpio_init_all)
C:\Users\hp\AppData\Local\Temp\arduino\cores\a9119d465712ab722e1faba262e6ea75\core.a(i2c_f1.c.o)
                              (__irq_i2c1_ev)
C:\Users\hp\AppData\Local\Temp\arduino\cores\a9119d465712ab722e1faba262e6ea75\core.a(iwdg.c.o)
                              C:\Users\hp\AppData\Local\Temp\arduino\sketches\4A332D675326253D499D77B2F67D8AF1\libraries\USBComposite\USBCompositeSerial.cpp.o (iwdg_init)
C:\Users\hp\AppData\Local\Temp\arduino\cores\a9119d465712ab722e1faba262e6ea75\core.a(nvic.c.o)
                              C:\Users\hp\AppData\Local\Temp\arduino\cores\a9119d465712ab722e1faba262e6ea75\core.a(i2c_f1.c.o) (nvic_irq_set_priority)
C:\Users\hp\AppData\Local\Temp\arduino\cores\a9119d465712ab722e1faba262e6ea75\core.a(rcc.c.o)
                              C:\Users\hp\AppData\Local\Temp\arduino\sketches\4A332D675326253D499D77B2F67D8AF1\core\wirish\boards.cpp.o (rcc_switch_sysclk)
C:\Users\hp\AppData\Local\Temp\arduino\cores\a9119d465712ab722e1faba262e6ea75\core.a(rcc_f1.c.o)
                              C:\Users\hp\AppData\Local\Temp\arduino\sketches\4A332D675326253D499D77B2F67D8AF1\core\wirish\boards.cpp.o (rcc_configure_pll)
C:\Users\hp\AppData\Local\Temp\arduino\cores\a9119d465712ab722e1faba262e6ea75\core.a(isrs.S.o)
                              (__stm32reservedexception7)
C:\Users\hp\AppData\Local\Temp\arduino\cores\a9119d465712ab722e1faba262e6ea75\core.a(vector_table.S.o)
                              (__stm32_vector_table)
C:\Users\hp\AppData\Local\Temp\arduino\cores\a9119d465712ab722e1faba262e6ea75\core.a(systick.c.o)
                              C:\Users\hp\AppData\Local\Temp\arduino\sketches\4A332D675326253D499D77B2F67D8AF1\core\wirish\boards.cpp.o (systick_init)
C:\Users\hp\AppData\Local\Temp\arduino\cores\a9119d465712ab722e1faba262e6ea75\core.a(timer.c.o)
                              C:\Users\hp\AppData\Local\Temp\arduino\sketches\4A332D675326253D499D77B2F67D8AF1\core\wirish\boards.cpp.o (timer_foreach)
C:\Users\hp\AppData\Local\Temp\arduino\cores\a9119d465712ab722e1faba262e6ea75\core.a(usart.c.o)
                              C:\Users\hp\AppData\Local\Temp\arduino\cores\a9119d465712ab722e1faba262e6ea75\core.a(HardwareSerial.cpp.o) (usart_init)
C:\Users\hp\AppData\Local\Temp\arduino\cores\a9119d465712ab722e1faba262e6ea75\core.a(usart_f1.c.o)
[...]
Memory Configuration

Name             Origin             Length             Attributes
ram              0x20000000         0x00005000         xrw
rom              0x08000000         0x00020000         xr
*default*        0x00000000         0xffffffff

Linker script and memory map

LOAD c:/users/hp/appdata/local/arduino15/packages/arduino/tools/arm-none-eabi-gcc/4.8.3-2014q1/bin/../lib/gcc/arm-none-eabi/4.8.3/armv7-m/crti.o
LOAD c:/users/hp/appdata/local/arduino15/packages/arduino/tools/arm-none-eabi-gcc/4.8.3-2014q1/bin/../lib/gcc/arm-none-eabi/4.8.3/armv7-m/crtbegin.o
LOAD c:/users/hp/appdata/local/arduino15/packages/arduino/tools/arm-none-eabi-gcc/4.8.3-2014q1/bin/../lib/gcc/arm-none-eabi/4.8.3/../../../../arm-none-eabi/lib/armv7-m/crt0.o
LOAD c:/users/hp/appdata/local/arduino15/packages/arduino/tools/arm-none-eabi-gcc/4.8.3-2014q1/bin/../lib/gcc/arm-none-eabi/4.8.3/armv7-m\libgcc.a
START GROUP
LOAD C:\Users\hp\AppData\Local\Temp\arduino\sketches\4A332D675326253D499D77B2F67D8AF1\sketch\usb_keyboard_v0.3.ino.cpp.o
LOAD C:\Users\hp\AppData\Local\Temp\arduino\sketches\4A332D675326253D499D77B2F67D8AF1\libraries\USBComposite\AbsMouse.cpp.o
LOAD C:\Users\hp\AppData\Local\Temp\arduino\sketches\4A332D675326253D499D77B2F67D8AF1\libraries\USBComposite\Consumer.cpp.o
LOAD C:\Users\hp\AppData\Local\Temp\arduino\sketches\4A332D675326253D499D77B2F67D8AF1\libraries\USBComposite\Digitizer.cpp.o
LOAD C:\Users\hp\AppData\Local\Temp\arduino\sketches\4A332D675326253D499D77B2F67D8AF1\libraries\USBComposite\HIDReports.cpp.o
LOAD C:\Users\hp\AppData\Local\Temp\arduino\sketches\4A332D675326253D499D77B2F67D8AF1\libraries\USBComposite\Joystick.cpp.o
LOAD C:\Users\hp\AppData\Local\Temp\arduino\sketches\4A332D675326253D499D77B2F67D8AF1\libraries\USBComposite\Keyboard.cpp.o
LOAD C:\Users\hp\AppData\Local\Temp\arduino\sketches\4A332D675326253D499D77B2F67D8AF1\libraries\USBComposite\MinSysex.c.o
LOAD C:\Users\hp\AppData\Local\Temp\arduino\sketches\4A332D675326253D499D77B2F67D8AF1\libraries\USBComposite\Mouse.cpp.o
LOAD C:\Users\hp\AppData\Local\Temp\arduino\sketches\4A332D675326253D499D77B2F67D8AF1\libraries\USBComposite\USBAudio.cpp.o
LOAD C:\Users\hp\AppData\Local\Temp\arduino\sketches\4A332D675326253D499D77B2F67D8AF1\libraries\USBComposite\USBComposite.cpp.o
LOAD C:\Users\hp\AppData\Local\Temp\arduino\sketches\4A332D675326253D499D77B2F67D8AF1\libraries\USBComposite\USBCompositeSerial.cpp.o
LOAD C:\Users\hp\AppData\Local\Temp\arduino\sketches\4A332D675326253D499D77B2F67D8AF1\libraries\USBComposite\USBHID.cpp.o
LOAD C:\Users\hp\AppData\Local\Temp\arduino\sketches\4A332D675326253D499D77B2F67D8AF1\libraries\USBComposite\USBMIDI.cpp.o
LOAD C:\Users\hp\AppData\Local\Temp\arduino\sketches\4A332D675326253D499D77B2F67D8AF1\libraries\USBComposite\USBMassStorage.cpp.o
LOAD C:\Users\hp\AppData\Local\Temp\arduino\sketches\4A332D675326253D499D77B2F67D8AF1\libraries\USBComposite\USBMultiSerial.cpp.o
LOAD C:\Users\hp\AppData\Local\Temp\arduino\sketches\4A332D675326253D499D77B2F67D8AF1\libraries\USBComposite\USBMultiXBox360.cpp.o
LOAD C:\Users\hp\AppData\Local\Temp\arduino\sketches\4A332D675326253D499D77B2F67D8AF1\libraries\USBComposite\USBXBox360Reporter.cpp.o
LOAD C:\Users\hp\AppData\Local\Temp\arduino\sketches\4A332D675326253D499D77B2F67D8AF1\libraries\USBComposite\USBXBox360W.cpp.o
LOAD C:\Users\hp\AppData\Local\Temp\arduino\sketches\4A332D675326253D499D77B2F67D8AF1\libraries\USBComposite\usb_audio.c.o
LOAD C:\Users\hp\AppData\Local\Temp\arduino\sketches\4A332D675326253D499D77B2F67D8AF1\libraries\USBComposite\usb_composite_serial.c.o
LOAD C:\Users\hp\AppData\Local\Temp\arduino\sketches\4A332D675326253D499D77B2F67D8AF1\libraries\USBComposite\usb_generic.c.o
LOAD C:\Users\hp\AppData\Local\Temp\arduino\sketches\4A332D675326253D499D77B2F67D8AF1\libraries\USBComposite\usb_hid.c.o
LOAD C:\Users\hp\AppData\Local\Temp\arduino\sketches\4A332D675326253D499D77B2F67D8AF1\libraries\USBComposite\usb_mass.c.o
LOAD C:\Users\hp\AppData\Local\Temp\arduino\sketches\4A332D675326253D499D77B2F67D8AF1\libraries\USBComposite\usb_mass_mal.c.o
LOAD C:\Users\hp\AppData\Local\Temp\arduino\sketches\4A332D675326253D499D77B2F67D8AF1\libraries\USBComposite\usb_midi_device.c.o
LOAD C:\Users\hp\AppData\Local\Temp\arduino\sketches\4A332D675326253D499D77B2F67D8AF1\libraries\USBComposite\usb_multi_serial.c.o
LOAD C:\Users\hp\AppData\Local\Temp\arduino\sketches\4A332D675326253D499D77B2F67D8AF1\libraries\USBComposite\usb_multi_x360.c.o
LOAD C:\Users\hp\AppData\Local\Temp\arduino\sketches\4A332D675326253D499D77B2F67D8AF1\libraries\USBComposite\usb_scsi.c.o
LOAD C:\Users\hp\AppData\Local\Temp\arduino\sketches\4A332D675326253D499D77B2F67D8AF1\libraries\USBComposite\usb_scsi_data.c.o
LOAD C:\Users\hp\AppData\Local\Temp\arduino\sketches\4A332D675326253D499D77B2F67D8AF1\libraries\USBComposite\usb_setup.cpp.o
LOAD C:\Users\hp\AppData\Local\Temp\arduino\sketches\4A332D675326253D499D77B2F67D8AF1\libraries\USBComposite\usb_x360_generic.c.o
LOAD C:\Users\hp\AppData\Local\Temp\arduino\sketches\4A332D675326253D499D77B2F67D8AF1\libraries\USBComposite\usb_x360w.c.o
LOAD C:\Users\hp\AppData\Local\Temp\arduino\sketches\4A332D675326253D499D77B2F67D8AF1\core\board.cpp.o
LOAD C:\Users\hp\AppData\Local\Temp\arduino\sketches\4A332D675326253D499D77B2F67D8AF1\core\wirish\boards.cpp.o
LOAD C:\Users\hp\AppData\Local\Temp\arduino\sketches\4A332D675326253D499D77B2F67D8AF1\core\wirish\boards_setup.cpp.o
LOAD C:\Users\hp\AppData\Local\Temp\arduino\sketches\4A332D675326253D499D77B2F67D8AF1\core\wirish\start.S.o
LOAD C:\Users\hp\AppData\Local\Temp\arduino\sketches\4A332D675326253D499D77B2F67D8AF1\core\wirish\start_c.c.o
LOAD C:\Users\hp\AppData\Local\Temp\arduino\sketches\4A332D675326253D499D77B2F67D8AF1\core\wirish\syscalls.c.o
LOAD C:\Users\hp\AppData\Local\Temp\arduino\cores\a9119d465712ab722e1faba262e6ea75\core.a
END GROUP
LOAD c:/users/hp/appdata/local/arduino15/packages/arduino/tools/arm-none-eabi-gcc/4.8.3-2014q1/bin/../lib/gcc/arm-none-eabi/4.8.3/../../../../arm-none-eabi/lib/armv7-m\libstdc++.a
LOAD c:/users/hp/appdata/local/arduino15/packages/arduino/tools/arm-none-eabi-gcc/4.8.3-2014q1/bin/../lib/gcc/arm-none-eabi/4.8.3/../../../../arm-none-eabi/lib/armv7-m\libm.a
START GROUP
LOAD c:/users/hp/appdata/local/arduino15/packages/arduino/tools/arm-none-eabi-gcc/4.8.3-2014q1/bin/../lib/gcc/arm-none-eabi/4.8.3/armv7-m\libgcc.a
LOAD c:/users/hp/appdata/local/arduino15/packages/arduino/tools/arm-none-eabi-gcc/4.8.3-2014q1/bin/../lib/gcc/arm-none-eabi/4.8.3/../../../../arm-none-eabi/lib/armv7-m\libc.a
END GROUP
LOAD c:/users/hp/appdata/local/arduino15/packages/arduino/tools/arm-none-eabi-gcc/4.8.3-2014q1/bin/../lib/gcc/arm-none-eabi/4.8.3/armv7-m/crtend.o
LOAD c:/users/hp/appdata/local/arduino15/packages/arduino/tools/arm-none-eabi-gcc/4.8.3-2014q1/bin/../lib/gcc/arm-none-eabi/4.8.3/armv7-m/crtn.o
START GROUP
LOAD c:/users/hp/appdata/local/arduino15/packages/arduino/tools/arm-none-eabi-gcc/4.8.3-2014q1/bin/../lib/gcc/arm-none-eabi/4.8.3/armv7-m\libgcc.a
LOAD c:/users/hp/appdata/local/arduino15/packages/arduino/tools/arm-none-eabi-gcc/4.8.3-2014q1/bin/../lib/gcc/arm-none-eabi/4.8.3/../../../../arm-none-eabi/lib/armv7-m\libc.a
LOAD c:/users/hp/appdata/local/arduino15/packages/arduino/tools/arm-none-eabi-gcc/4.8.3-2014q1/bin/../lib/gcc/arm-none-eabi/4.8.3/../../../../arm-none-eabi/lib/armv7-m\libm.a
END GROUP
START GROUP
LOAD c:/users/hp/appdata/local/arduino15/packages/arduino/tools/arm-none-eabi-gcc/4.8.3-2014q1/bin/../lib/gcc/arm-none-eabi/4.8.3/../../../../arm-none-eabi/lib/armv7-m\libnosys.a
END GROUP
                0x20005000                PROVIDE (__msp_init, (ORIGIN (ram) + 0x5000))
                0x08001fc0                PROVIDE (__exc_reset, __start__)

.text           0x08000000     0x50bc
                0x08000000                __text_start__ = .
 *(.stm32.interrupt_vector)
 .stm32.interrupt_vector
                0x08000000       0xec C:\Users\hp\AppData\Local\Temp\arduino\cores\a9119d465712ab722e1faba262e6ea75\core.a(vector_table.S.o)
                0x08000000                __stm32_vector_table
 *(.text .text.* .gnu.linkonce.t.*)
 .text          0x080000ec       0x54 c:/users/hp/appdata/local/arduino15/packages/arduino/tools/arm-none-eabi-gcc/4.8.3-2014q1/bin/../lib/gcc/arm-none-eabi/4.8.3/armv7-m/crtbegin.o
 .text._Z41__static_initialization_and_destruction_0ii
                0x08000140       0xb0 C:\Users\hp\AppData\Local\Temp\arduino\sketches\4A332D675326253D499D77B2F67D8AF1\sketch\usb_keyboard_v0.3.ino.cpp.o
 .text._Z4go_zi
                0x080001f0       0x18 C:\Users\hp\AppData\Local\Temp\arduino\sketches\4A332D675326253D499D77B2F67D8AF1\sketch\usb_keyboard_v0.3.ino.cpp.o
                0x080001f0                go_z(int)
 .text._Z5go_pui
                0x08000208       0x18 C:\Users\hp\AppData\Local\Temp\arduino\sketches\4A332D675326253D499D77B2F67D8AF1\sketch\usb_keyboard_v0.3.ino.cpp.o
                0x08000208                go_pu(int)
 .text._Z4go_0i
                0x08000220       0x18 C:\Users\hp\AppData\Local\Temp\arduino\sketches\4A332D675326253D499D77B2F67D8AF1\sketch\usb_keyboard_v0.3.ino.cpp.o
                0x08000220                go_0(int)
 .text._Z4go_1i
                0x08000238       0x18 C:\Users\hp\AppData\Local\Temp\arduino\sketches\4A332D675326253D499D77B2F67D8AF1\sketch\usb_keyboard_v0.3.ino.cpp.o
                0x08000238                go_1(int)
 .text._Z5setupv
                0x08000250       0xb8 C:\Users\hp\AppData\Local\Temp\arduino\sketches\4A332D675326253D499D77B2F67D8AF1\sketch\usb_keyboard_v0.3.ino.cpp.o
                0x08000250                setup()
 .text._Z8load_modi
                0x08000308       0xa4 C:\Users\hp\AppData\Local\Temp\arduino\sketches\4A332D675326253D499D77B2F67D8AF1\sketch\usb_keyboard_v0.3.ino.cpp.o
                0x08000308                load_mod(int)
 .text._Z9clear_modi
                0x080003ac       0xb0 C:\Users\hp\AppData\Local\Temp\arduino\sketches\4A332D675326253D499D77B2F67D8AF1\sketch\usb_keyboard_v0.3.ino.cpp.o
                0x080003ac                clear_mod(int)
 .text._Z9load_sloti
                0x0800045c       0xd0 C:\Users\hp\AppData\Local\Temp\arduino\sketches\4A332D675326253D499D77B2F67D8AF1\sketch\usb_keyboard_v0.3.ino.cpp.o
                0x0800045c                load_slot(int)
 .text._Z10clear_sloti
                0x0800052c       0xe8 C:\Users\hp\AppData\Local\Temp\arduino\sketches\4A332D675326253D499D77B2F67D8AF1\sketch\usb_keyboard_v0.3.ino.cpp.o
                0x0800052c                clear_slot(int)
 .text._Z4loopv
                0x08000614      0x320 C:\Users\hp\AppData\Local\Temp\arduino\sketches\4A332D675326253D499D77B2F67D8AF1\sketch\usb_keyboard_v0.3.ino.cpp.o
                0x08000614                loop()
 .text._GLOBAL__sub_I_modifiers
                0x08000934       0x10 C:\Users\hp\AppData\Local\Temp\arduino\sketches\4A332D675326253D499D77B2F67D8AF1\sketch\usb_keyboard_v0.3.ino.cpp.o
 .text._ZN11HIDConsumer5pressEt
                0x08000944        0xc C:\Users\hp\AppData\Local\Temp\arduino\sketches\4A332D675326253D499D77B2F67D8AF1\libraries\USBComposite\Consumer.cpp.o
                0x08000944                HIDConsumer::press(unsigned short)
 .text._ZN11HIDConsumer7releaseEv
                0x08000950       0x10 C:\Users\hp\AppData\Local\Temp\arduino\sketches\4A332D675326253D499D77B2F67D8AF1\libraries\USBComposite\Consumer.cpp.o
                0x08000950                HIDConsumer::release()
 .text._ZN11HIDKeyboard5writeEh
                0x08000960       0x20 C:\Users\hp\AppData\Local\Temp\arduino\sketches\4A332D675326253D499D77B2F67D8AF1\libraries\USBComposite\Keyboard.cpp.o
                0x08000960                HIDKeyboard::write(unsigned char)
 .text._ZN11HIDKeyboard10releaseAllEv
                0x08000980       0x28 C:\Users\hp\AppData\Local\Temp\arduino\sketches\4A332D675326253D499D77B2F67D8AF1\libraries\USBComposite\Keyboard.cpp.o
                0x08000980                HIDKeyboard::releaseAll()
 .text._ZN11HIDKeyboard10getKeyCodeEhPh
                0x080009a8       0x80 C:\Users\hp\AppData\Local\Temp\arduino\sketches\4A332D675326253D499D77B2F67D8AF1\libraries\USBComposite\Keyboard.cpp.o
                0x080009a8                HIDKeyboard::getKeyCode(unsigned char, unsigned char*)
 .text._ZN11HIDKeyboard5pressEh
                0x08000a28       0x6c C:\Users\hp\AppData\Local\Temp\arduino\sketches\4A332D675326253D499D77B2F67D8AF1\libraries\USBComposite\Keyboard.cpp.o
                0x08000a28                HIDKeyboard::press(unsigned char)
 .text._ZN11HIDKeyboard7releaseEh
                0x08000a94       0x5c C:\Users\hp\AppData\Local\Temp\arduino\sketches\4A332D675326253D499D77B2F67D8AF1\libraries\USBComposite\Keyboard.cpp.o
                0x08000a94                HIDKeyboard::release(unsigned char)
 .text._ZN18USBCompositeDevice21setManufacturerStringEPKc
                0x08000af0        0x4 C:\Users\hp\AppData\Local\Temp\arduino\sketches\4A332D675326253D499D77B2F67D8AF1\libraries\USBComposite\USBComposite.cpp.o
                0x08000af0                USBCompositeDevice::setManufacturerString(char const*)
 .text._ZN18USBCompositeDevice16setProductStringEPKc
                0x08000af4        0x4 C:\Users\hp\AppData\Local\Temp\arduino\sketches\4A332D675326253D499D77B2F67D8AF1\libraries\USBComposite\USBComposite.cpp.o
                0x08000af4                USBCompositeDevice::setProductString(char const*)
 .text._ZN18USBCompositeDevice15setSerialStringEPKc
                0x08000af8        0x4 C:\Users\hp\AppData\Local\Temp\arduino\sketches\4A332D675326253D499D77B2F67D8AF1\libraries\USBComposite\USBComposite.cpp.o
                0x08000af8                USBCompositeDevice::setSerialString(char const*)
 .text._ZN18USBCompositeDeviceC2Ev
                0x08000afc       0x30 C:\Users\hp\AppData\Local\Temp\arduino\sketches\4A332D675326253D499D77B2F67D8AF1\libraries\USBComposite\USBComposite.cpp.o
                0x08000afc                USBCompositeDevice::USBCompositeDevice()
                0x08000afc                USBCompositeDevice::USBCompositeDevice()
 .text._Z41__static_initialization_and_destruction_0ii
                0x08000b2c       0x1c C:\Users\hp\AppData\Local\Temp\arduino\sketches\4A332D675326253D499D77B2F67D8AF1\libraries\USBComposite\USBComposite.cpp.o
 .text._ZN18USBCompositeDevice5beginEv
                0x08000b48       0x68 C:\Users\hp\AppData\Local\Temp\arduino\sketches\4A332D675326253D499D77B2F67D8AF1\libraries\USBComposite\USBComposite.cpp.o
                0x08000b48                USBCompositeDevice::begin()
 .text._ZN18USBCompositeDevice5clearEv
                0x08000bb0        0x8 C:\Users\hp\AppData\Local\Temp\arduino\sketches\4A332D675326253D499D77B2F67D8AF1\libraries\USBComposite\USBComposite.cpp.o
                0x08000bb0                USBCompositeDevice::clear()
 .text._ZN18USBCompositeDevice3addEP16USBCompositePartPvPFbS2_EPFvS2_E
                0x08000bb8       0x60 C:\Users\hp\AppData\Local\Temp\arduino\sketches\4A332D675326253D499D77B2F67D8AF1\libraries\USBComposite\USBComposite.cpp.o
                0x08000bb8                USBCompositeDevice::add(USBCompositePart*, void*, bool (*)(void*), void (*)(void*))
 .text._GLOBAL__sub_I__Z17getDeviceIDStringv
                0x08000c18       0x10 C:\Users\hp\AppData\Local\Temp\arduino\sketches\4A332D675326253D499D77B2F67D8AF1\libraries\USBComposite\USBComposite.cpp.o
 .text._ZN6USBHID4initEPS_
                0x08000c28       0x58 C:\Users\hp\AppData\Local\Temp\arduino\sketches\4A332D675326253D499D77B2F67D8AF1\libraries\USBComposite\USBHID.cpp.o
                0x08000c28                USBHID::init(USBHID*)
 .text._ZN6USBHID17registerComponentEv
                0x08000c80       0x28 C:\Users\hp\AppData\Local\Temp\arduino\sketches\4A332D675326253D499D77B2F67D8AF1\libraries\USBComposite\USBHID.cpp.o
                0x08000c80                USBHID::registerComponent()
 .text._ZN6USBHID19setReportDescriptorEPKht
                0x08000ca8        0xc C:\Users\hp\AppData\Local\Temp\arduino\sketches\4A332D675326253D499D77B2F67D8AF1\libraries\USBComposite\USBHID.cpp.o
                0x08000ca8                USBHID::setReportDescriptor(unsigned char const*, unsigned short)
 .text._ZN6USBHID9addReportEP11HIDReporterb
                0x08000cb4       0x5c C:\Users\hp\AppData\Local\Temp\arduino\sketches\4A332D675326253D499D77B2F67D8AF1\libraries\USBComposite\USBHID.cpp.o
                0x08000cb4                USBHID::addReport(HIDReporter*, bool)
 .text._ZN6USBHID5beginEPKht
                0x08000d10       0x2c C:\Users\hp\AppData\Local\Temp\arduino\sketches\4A332D675326253D499D77B2F67D8AF1\libraries\USBComposite\USBHID.cpp.o
                0x08000d10                USBHID::begin(unsigned char const*, unsigned short)
 .text._ZN11HIDReporter10sendReportEv
                0x08000d3c       0x24 C:\Users\hp\AppData\Local\Temp\arduino\sketches\4A332D675326253D499D77B2F67D8AF1\libraries\USBComposite\USBHID.cpp.o
                0x08000d3c                HIDReporter::sendReport()
 .text._ZN11HIDReporter15registerProfileEb
                0x08000d60       0x94 C:\Users\hp\AppData\Local\Temp\arduino\sketches\4A332D675326253D499D77B2F67D8AF1\libraries\USBComposite\USBHID.cpp.o
                0x08000d60                HIDReporter::registerProfile(bool)
 .text._ZN11HIDReporterC2ER6USBHIDPK19HIDReportDescriptorPhjhb
                0x08000df4       0x60 C:\Users\hp\AppData\Local\Temp\arduino\sketches\4A332D675326253D499D77B2F67D8AF1\libraries\USBComposite\USBHID.cpp.o
                0x08000df4                HIDReporter::HIDReporter(USBHID&, HIDReportDescriptor const*, unsigned char*, unsigned int, unsigned char, bool)
                0x08000df4                HIDReporter::HIDReporter(USBHID&, HIDReportDescriptor const*, unsigned char*, unsigned int, unsigned char, bool)
 .text.acceptable_endpoint_number
                0x08000e54       0xa4 C:\Users\hp\AppData\Local\Temp\arduino\sketches\4A332D675326253D499D77B2F67D8AF1\libraries\USBComposite\usb_generic.c.o
 .text.allocate_endpoint_address
                0x08000ef8       0x30 C:\Users\hp\AppData\Local\Temp\arduino\sketches\4A332D675326253D499D77B2F67D8AF1\libraries\USBComposite\usb_generic.c.o
 .text.usbInit  0x08000f28       0x7c C:\Users\hp\AppData\Local\Temp\arduino\sketches\4A332D675326253D499D77B2F67D8AF1\libraries\USBComposite\usb_generic.c.o
 .text.control_data_tx
                0x08000fa4       0x44 C:\Users\hp\AppData\Local\Temp\arduino\sketches\4A332D675326253D499D77B2F67D8AF1\libraries\USBComposite\usb_generic.c.o
 .text.control_data_rx
                0x08000fe8       0x58 C:\Users\hp\AppData\Local\Temp\arduino\sketches\4A332D675326253D499D77B2F67D8AF1\libraries\USBComposite\usb_generic.c.o
 .text.usbDataSetup
                0x08001040       0x7c C:\Users\hp\AppData\Local\Temp\arduino\sketches\4A332D675326253D499D77B2F67D8AF1\libraries\USBComposite\usb_generic.c.o
 .text.usbNoDataSetup
                0x080010bc       0x78 C:\Users\hp\AppData\Local\Temp\arduino\sketches\4A332D675326253D499D77B2F67D8AF1\libraries\USBComposite\usb_generic.c.o
 .text.usbSetConfiguration
                0x08001134       0x40 C:\Users\hp\AppData\Local\Temp\arduino\sketches\4A332D675326253D499D77B2F67D8AF1\libraries\USBComposite\usb_generic.c.o
 .text.usbClearFeature
                0x08001174       0x28 C:\Users\hp\AppData\Local\Temp\arduino\sketches\4A332D675326253D499D77B2F67D8AF1\libraries\USBComposite\usb_generic.c.o
 .text.usbSetDeviceAddress
                0x0800119c       0x10 C:\Users\hp\AppData\Local\Temp\arduino\sketches\4A332D675326253D499D77B2F67D8AF1\libraries\USBComposite\usb_generic.c.o
 .text.usbGetInterfaceSetting
                0x080011ac       0x1c C:\Users\hp\AppData\Local\Temp\arduino\sketches\4A332D675326253D499D77B2F67D8AF1\libraries\USBComposite\usb_generic.c.o
 .text.usbGetStringDescriptor
                0x080011c8       0x70 C:\Users\hp\AppData\Local\Temp\arduino\sketches\4A332D675326253D499D77B2F67D8AF1\libraries\USBComposite\usb_generic.c.o
 .text.usbGetConfigDescriptor
                0x08001238       0x10 C:\Users\hp\AppData\Local\Temp\arduino\sketches\4A332D675326253D499D77B2F67D8AF1\libraries\USBComposite\usb_generic.c.o
 .text.usbGetDeviceDescriptor
                0x08001248       0x10 C:\Users\hp\AppData\Local\Temp\arduino\sketches\4A332D675326253D499D77B2F67D8AF1\libraries\USBComposite\usb_generic.c.o
 .text.usbReset
                0x08001258      0x298 C:\Users\hp\AppData\Local\Temp\arduino\sketches\4A332D675326253D499D77B2F67D8AF1\libraries\USBComposite\usb_generic.c.o
 .text.usb_generic_set_parts
                0x080014f0      0x1b0 C:\Users\hp\AppData\Local\Temp\arduino\sketches\4A332D675326253D499D77B2F67D8AF1\libraries\USBComposite\usb_generic.c.o
                0x080014f0                usb_generic_set_parts
 .text.usb_generic_set_info
                0x080016a0       0x80 C:\Users\hp\AppData\Local\Temp\arduino\sketches\4A332D675326253D499D77B2F67D8AF1\libraries\USBComposite\usb_generic.c.o
                0x080016a0                usb_generic_set_info
 .text.usb_generic_enable
                0x08001720       0xd8 C:\Users\hp\AppData\Local\Temp\arduino\sketches\4A332D675326253D499D77B2F67D8AF1\libraries\USBComposite\usb_generic.c.o
                0x08001720                usb_generic_enable
 .text.usb_generic_control_tx_setup
                0x080017f8       0x34 C:\Users\hp\AppData\Local\Temp\arduino\sketches\4A332D675326253D499D77B2F67D8AF1\libraries\USBComposite\usb_generic.c.o
                0x080017f8                usb_generic_control_tx_setup
 .text.usb_generic_chunks_length
                0x0800182c       0x14 C:\Users\hp\AppData\Local\Temp\arduino\sketches\4A332D675326253D499D77B2F67D8AF1\libraries\USBComposite\usb_generic.c.o
                0x0800182c                usb_generic_chunks_length
 .text.control_data_chunk_tx
                0x08001840       0x94 C:\Users\hp\AppData\Local\Temp\arduino\sketches\4A332D675326253D499D77B2F67D8AF1\libraries\USBComposite\usb_generic.c.o
 .text.usb_generic_control_tx_chunk_setup
                0x080018d4       0x24 C:\Users\hp\AppData\Local\Temp\arduino\sketches\4A332D675326253D499D77B2F67D8AF1\libraries\USBComposite\usb_generic.c.o
                0x080018d4                usb_generic_control_tx_chunk_setup
 .text.usb_generic_control_rx_setup
                0x080018f8       0x34 C:\Users\hp\AppData\Local\Temp\arduino\sketches\4A332D675326253D499D77B2F67D8AF1\libraries\USBComposite\usb_generic.c.o
                0x080018f8                usb_generic_control_rx_setup
 .text.usb_generic_control_descriptor_tx
                0x0800192c       0x10 C:\Users\hp\AppData\Local\Temp\arduino\sketches\4A332D675326253D499D77B2F67D8AF1\libraries\USBComposite\usb_generic.c.o
                0x0800192c                usb_generic_control_descriptor_tx
 .text.usb_generic_send_from_circular_buffer
                0x0800193c       0xcc C:\Users\hp\AppData\Local\Temp\arduino\sketches\4A332D675326253D499D77B2F67D8AF1\libraries\USBComposite\usb_generic.c.o
                0x0800193c                usb_generic_send_from_circular_buffer
 .text.usb_hid_find_buffer
                0x08001a08       0x5c C:\Users\hp\AppData\Local\Temp\arduino\sketches\4A332D675326253D499D77B2F67D8AF1\libraries\USBComposite\usb_hid.c.o
 .text.hidUSBReset
                0x08001a64       0x20 C:\Users\hp\AppData\Local\Temp\arduino\sketches\4A332D675326253D499D77B2F67D8AF1\libraries\USBComposite\usb_hid.c.o
 .text.hidUSBNoDataSetup
                0x08001a84       0x20 C:\Users\hp\AppData\Local\Temp\arduino\sketches\4A332D675326253D499D77B2F67D8AF1\libraries\USBComposite\usb_hid.c.o
 .text.hidDataTxCb
                0x08001aa4       0x38 C:\Users\hp\AppData\Local\Temp\arduino\sketches\4A332D675326253D499D77B2F67D8AF1\libraries\USBComposite\usb_hid.c.o
 .text.hidUSBDataSetup
                0x08001adc       0xdc C:\Users\hp\AppData\Local\Temp\arduino\sketches\4A332D675326253D499D77B2F67D8AF1\libraries\USBComposite\usb_hid.c.o
 .text.getHIDPartDescriptor
                0x08001bb8       0x5c C:\Users\hp\AppData\Local\Temp\arduino\sketches\4A332D675326253D499D77B2F67D8AF1\libraries\USBComposite\usb_hid.c.o
 .text.usb_hid_setTXEPSize
                0x08001c14       0x1c C:\Users\hp\AppData\Local\Temp\arduino\sketches\4A332D675326253D499D77B2F67D8AF1\libraries\USBComposite\usb_hid.c.o
                0x08001c14                usb_hid_setTXEPSize
 .text.usb_hid_set_report_descriptor
                0x08001c30        0xc C:\Users\hp\AppData\Local\Temp\arduino\sketches\4A332D675326253D499D77B2F67D8AF1\libraries\USBComposite\usb_hid.c.o
                0x08001c30                usb_hid_set_report_descriptor
 .text.usb_hid_clear_buffers
                0x08001c3c       0x40 C:\Users\hp\AppData\Local\Temp\arduino\sketches\4A332D675326253D499D77B2F67D8AF1\libraries\USBComposite\usb_hid.c.o
                0x08001c3c                usb_hid_clear_buffers
 .text.usb_hid_clear
                0x08001c7c       0x1c C:\Users\hp\AppData\Local\Temp\arduino\sketches\4A332D675326253D499D77B2F67D8AF1\libraries\USBComposite\usb_hid.c.o
 .text.usb_hid_tx
                0x08001c98       0x6c C:\Users\hp\AppData\Local\Temp\arduino\sketches\4A332D675326253D499D77B2F67D8AF1\libraries\USBComposite\usb_hid.c.o
                0x08001c98                usb_hid_tx
 .text._ZN6wirish4priv15board_setup_usbEv
                0x08001d04       0x54 C:\Users\hp\AppData\Local\Temp\arduino\sketches\4A332D675326253D499D77B2F67D8AF1\libraries\USBComposite\usb_setup.cpp.o
                0x08001d04                wirish::priv::board_setup_usb()
 .text._Z41__static_initialization_and_destruction_0ii
                0x08001d58       0x54 C:\Users\hp\AppData\Local\Temp\arduino\sketches\4A332D675326253D499D77B2F67D8AF1\core\board.cpp.o
 .text._Z9boardInitv
                0x08001dac        0x4 C:\Users\hp\AppData\Local\Temp\arduino\sketches\4A332D675326253D499D77B2F67D8AF1\core\board.cpp.o
                0x08001dac                boardInit()
 .text._GLOBAL__sub_I__Z9boardInitv
                0x08001db0       0x10 C:\Users\hp\AppData\Local\Temp\arduino\sketches\4A332D675326253D499D77B2F67D8AF1\core\board.cpp.o
 .text._ZL11setup_flashv
                0x08001dc0       0x18 C:\Users\hp\AppData\Local\Temp\arduino\sketches\4A332D675326253D499D77B2F67D8AF1\core\wirish\boards.cpp.o
 .text._ZL12setup_clocksv
                0x08001dd8       0x68 C:\Users\hp\AppData\Local\Temp\arduino\sketches\4A332D675326253D499D77B2F67D8AF1\core\wirish\boards.cpp.o
 .text._ZL10setup_nvicv
                0x08001e40       0x10 C:\Users\hp\AppData\Local\Temp\arduino\sketches\4A332D675326253D499D77B2F67D8AF1\core\wirish\boards.cpp.o
 .text._ZL10setup_adcsv
                0x08001e50       0x1c C:\Users\hp\AppData\Local\Temp\arduino\sketches\4A332D675326253D499D77B2F67D8AF1\core\wirish\boards.cpp.o
 .text._ZL18adc_default_configP7adc_dev
                0x08001e6c       0x18 C:\Users\hp\AppData\Local\Temp\arduino\sketches\4A332D675326253D499D77B2F67D8AF1\core\wirish\boards.cpp.o
 .text._ZL12setup_timersv
                0x08001e84       0x10 C:\Users\hp\AppData\Local\Temp\arduino\sketches\4A332D675326253D499D77B2F67D8AF1\core\wirish\boards.cpp.o
 .text._ZL20timer_default_configP9timer_dev
                0x08001e94       0xb8 C:\Users\hp\AppData\Local\Temp\arduino\sketches\4A332D675326253D499D77B2F67D8AF1\core\wirish\boards.cpp.o
 .text._Z4initv
                0x08001f4c       0x30 C:\Users\hp\AppData\Local\Temp\arduino\sketches\4A332D675326253D499D77B2F67D8AF1\core\wirish\boards.cpp.o
                0x08001f4c                init()
 .text._ZN6wirish4priv15board_reset_pllEv
                0x08001f7c        0x4 C:\Users\hp\AppData\Local\Temp\arduino\sketches\4A332D675326253D499D77B2F67D8AF1\core\wirish\boards_setup.cpp.o
                0x08001f7c                wirish::priv::board_reset_pll()
 .text._ZN6wirish4priv28board_setup_clock_prescalersEv
                0x08001f80       0x30 C:\Users\hp\AppData\Local\Temp\arduino\sketches\4A332D675326253D499D77B2F67D8AF1\core\wirish\boards_setup.cpp.o
                0x08001f80                wirish::priv::board_setup_clock_prescalers()
 .text._ZN6wirish4priv16board_setup_gpioEv
                0x08001fb0        0x8 C:\Users\hp\AppData\Local\Temp\arduino\sketches\4A332D675326253D499D77B2F67D8AF1\core\wirish\boards_setup.cpp.o
                0x08001fb0                wirish::priv::board_setup_gpio()
 .text._ZN6wirish4priv11series_initEv
                0x08001fb8        0x8 C:\Users\hp\AppData\Local\Temp\arduino\sketches\4A332D675326253D499D77B2F67D8AF1\core\wirish\boards_setup.cpp.o
                0x08001fb8                wirish::priv::series_init()
 .text          0x08001fc0       0x10 C:\Users\hp\AppData\Local\Temp\arduino\sketches\4A332D675326253D499D77B2F67D8AF1\core\wirish\start.S.o
                0x08001fc0                __start__
 .text.start_c  0x08001fd0       0x60 C:\Users\hp\AppData\Local\Temp\arduino\sketches\4A332D675326253D499D77B2F67D8AF1\core\wirish\start_c.c.o
                0x08001fd0                start_c
 .text._exit    0x08002030        0x4 C:\Users\hp\AppData\Local\Temp\arduino\sketches\4A332D675326253D499D77B2F67D8AF1\core\wirish\syscalls.c.o
                0x08002030                _exit
 .text._ZN14HardwareSerial4readEv
                0x08002034       0x50 C:\Users\hp\AppData\Local\Temp\arduino\cores\a9119d465712ab722e1faba262e6ea75\core.a(HardwareSerial.cpp.o)
                0x08002034                HardwareSerial::read()
 .text._ZN14HardwareSerial9availableEv
                0x08002084       0x28 C:\Users\hp\AppData\Local\Temp\arduino\cores\a9119d465712ab722e1faba262e6ea75\core.a(HardwareSerial.cpp.o)
                0x08002084                HardwareSerial::available()
 .text._ZN14HardwareSerial4peekEv
                0x080020ac       0x24 C:\Users\hp\AppData\Local\Temp\arduino\cores\a9119d465712ab722e1faba262e6ea75\core.a(HardwareSerial.cpp.o)
                0x080020ac                HardwareSerial::peek()
 .text._ZN14HardwareSerial5flushEv
                0x080020d0       0x1c C:\Users\hp\AppData\Local\Temp\arduino\cores\a9119d465712ab722e1faba262e6ea75\core.a(HardwareSerial.cpp.o)
                0x080020d0                HardwareSerial::flush()
 .text._ZN14HardwareSerial5writeEh
                0x080020ec       0x24 C:\Users\hp\AppData\Local\Temp\arduino\cores\a9119d465712ab722e1faba262e6ea75\core.a(HardwareSerial.cpp.o)
                0x080020ec                HardwareSerial::write(unsigned char)
 .text._ZN14HardwareSerialC2EP9usart_devhh
                0x08002110       0x20 C:\Users\hp\AppData\Local\Temp\arduino\cores\a9119d465712ab722e1faba262e6ea75\core.a(HardwareSerial.cpp.o)
                0x08002110                HardwareSerial::HardwareSerial(usart_dev*, unsigned char, unsigned char)
                0x08002110                HardwareSerial::HardwareSerial(usart_dev*, unsigned char, unsigned char)
 .text._ZN5Print5writeEPKvm
                0x08002130       0x24 C:\Users\hp\AppData\Local\Temp\arduino\cores\a9119d465712ab722e1faba262e6ea75\core.a(Print.cpp.o)
                0x08002130                Print::write(void const*, unsigned long)
 .text._ZN5Print5writeEPKc
                0x08002154       0x20 C:\Users\hp\AppData\Local\Temp\arduino\cores\a9119d465712ab722e1faba262e6ea75\core.a(Print.cpp.o)
                0x08002154                Print::write(char const*)
 .text.__cxa_pure_virtual
                0x08002174        0x4 C:\Users\hp\AppData\Local\Temp\arduino\cores\a9119d465712ab722e1faba262e6ea75\core.a(cxxabi-compat.cpp.o)
                0x08002174                __cxa_pure_virtual
 .text.adc_init
                0x08002178       0x14 C:\Users\hp\AppData\Local\Temp\arduino\cores\a9119d465712ab722e1faba262e6ea75\core.a(adc.c.o)
                0x08002178                adc_init
 .text.adc_set_extsel
                0x0800218c       0x14 C:\Users\hp\AppData\Local\Temp\arduino\cores\a9119d465712ab722e1faba262e6ea75\core.a(adc.c.o)
                0x0800218c                adc_set_extsel
 .text.adc_set_sample_rate
                0x080021a0       0x34 C:\Users\hp\AppData\Local\Temp\arduino\cores\a9119d465712ab722e1faba262e6ea75\core.a(adc.c.o)
                0x080021a0                adc_set_sample_rate
 .text.__irq_adc
                0x080021d4       0x60 C:\Users\hp\AppData\Local\Temp\arduino\cores\a9119d465712ab722e1faba262e6ea75\core.a(adc_f1.c.o)
                0x080021d4                __irq_adc
 .text.adc_calibrate
                0x08002234       0x30 C:\Users\hp\AppData\Local\Temp\arduino\cores\a9119d465712ab722e1faba262e6ea75\core.a(adc_f1.c.o)
                0x08002234                adc_calibrate
 .text.adc_set_prescaler
                0x08002264        0xc C:\Users\hp\AppData\Local\Temp\arduino\cores\a9119d465712ab722e1faba262e6ea75\core.a(adc_f1.c.o)
                0x08002264                adc_set_prescaler
 .text.adc_foreach
                0x08002270       0x1c C:\Users\hp\AppData\Local\Temp\arduino\cores\a9119d465712ab722e1faba262e6ea75\core.a(adc_f1.c.o)
                0x08002270                adc_foreach
 .text.adc_enable_single_swstart
                0x0800228c       0x34 C:\Users\hp\AppData\Local\Temp\arduino\cores\a9119d465712ab722e1faba262e6ea75\core.a(adc_f1.c.o)
                0x0800228c                adc_enable_single_swstart
 .text.__irq_dma1_channel1
                0x080022c0       0x18 C:\Users\hp\AppData\Local\Temp\arduino\cores\a9119d465712ab722e1faba262e6ea75\core.a(dma_f1.c.o)
                0x080022c0                __irq_dma1_channel1
 .text.__irq_dma1_channel2
                0x080022d8       0x18 C:\Users\hp\AppData\Local\Temp\arduino\cores\a9119d465712ab722e1faba262e6ea75\core.a(dma_f1.c.o)
                0x080022d8                __irq_dma1_channel2
 .text.__irq_dma1_channel3
                0x080022f0       0x1c C:\Users\hp\AppData\Local\Temp\arduino\cores\a9119d465712ab722e1faba262e6ea75\core.a(dma_f1.c.o)
                0x080022f0                __irq_dma1_channel3
 .text.__irq_dma1_channel4
                0x0800230c       0x1c C:\Users\hp\AppData\Local\Temp\arduino\cores\a9119d465712ab722e1faba262e6ea75\core.a(dma_f1.c.o)
                0x0800230c                __irq_dma1_channel4
 .text.__irq_dma1_channel5
                0x08002328       0x1c C:\Users\hp\AppData\Local\Temp\arduino\cores\a9119d465712ab722e1faba262e6ea75\core.a(dma_f1.c.o)
                0x08002328                __irq_dma1_channel5
 .text.__irq_dma1_channel6
                0x08002344       0x1c C:\Users\hp\AppData\Local\Temp\arduino\cores\a9119d465712ab722e1faba262e6ea75\core.a(dma_f1.c.o)
                0x08002344                __irq_dma1_channel6
 .text.__irq_dma1_channel7
                0x08002360       0x1c C:\Users\hp\AppData\Local\Temp\arduino\cores\a9119d465712ab722e1faba262e6ea75\core.a(dma_f1.c.o)
                0x08002360                __irq_dma1_channel7
 *fill*         0x0800237c        0x4 
 .text          0x08002380       0x60 C:\Users\hp\AppData\Local\Temp\arduino\cores\a9119d465712ab722e1faba262e6ea75\core.a(exc.S.o)
                0x08002380                __exc_nmi
                0x08002384                __exc_hardfault
                0x08002388                __exc_memmanage
                0x0800238c                __exc_busfault
                0x08002390                __exc_usagefault
 .text.dispatch_single_exti
                0x080023e0       0x30 C:\Users\hp\AppData\Local\Temp\arduino\cores\a9119d465712ab722e1faba262e6ea75\core.a(exti.c.o)
                0x080023e0                dispatch_single_exti
 .text.dispatch_extis
                0x08002410       0x54 C:\Users\hp\AppData\Local\Temp\arduino\cores\a9119d465712ab722e1faba262e6ea75\core.a(exti.c.o)
                0x08002410                dispatch_extis
 .text.__irq_exti0
                0x08002464        0xc C:\Users\hp\AppData\Local\Temp\arduino\cores\a9119d465712ab722e1faba262e6ea75\core.a(exti.c.o)
                0x08002464                __irq_exti0
 .text.__irq_exti1
                0x08002470        0xc C:\Users\hp\AppData\Local\Temp\arduino\cores\a9119d465712ab722e1faba262e6ea75\core.a(exti.c.o)
                0x08002470                __irq_exti1
 .text.__irq_exti2
                0x0800247c        0xc C:\Users\hp\AppData\Local\Temp\arduino\cores\a9119d465712ab722e1faba262e6ea75\core.a(exti.c.o)
                0x0800247c                __irq_exti2
 .text.__irq_exti3
                0x08002488        0xc C:\Users\hp\AppData\Local\Temp\arduino\cores\a9119d465712ab722e1faba262e6ea75\core.a(exti.c.o)
                0x08002488                __irq_exti3
 .text.__irq_exti4
                0x08002494        0xc C:\Users\hp\AppData\Local\Temp\arduino\cores\a9119d465712ab722e1faba262e6ea75\core.a(exti.c.o)
                0x08002494                __irq_exti4
 .text.__irq_exti9_5
                0x080024a0        0xc C:\Users\hp\AppData\Local\Temp\arduino\cores\a9119d465712ab722e1faba262e6ea75\core.a(exti.c.o)
                0x080024a0                __irq_exti9_5
 .text.__irq_exti15_10
                0x080024ac        0xc C:\Users\hp\AppData\Local\Temp\arduino\cores\a9119d465712ab722e1faba262e6ea75\core.a(exti.c.o)
                0x080024ac                __irq_exti15_10
 .text.flash_set_latency
                0x080024b8       0x14 C:\Users\hp\AppData\Local\Temp\arduino\cores\a9119d465712ab722e1faba262e6ea75\core.a(flash.c.o)
                0x080024b8                flash_set_latency
 .text.gpio_init_all
                0x080024cc       0x2c C:\Users\hp\AppData\Local\Temp\arduino\cores\a9119d465712ab722e1faba262e6ea75\core.a(gpio_f1.c.o)
                0x080024cc                gpio_init_all
 .text.gpio_set_mode
                0x080024f8       0x54 C:\Users\hp\AppData\Local\Temp\arduino\cores\a9119d465712ab722e1faba262e6ea75\core.a(gpio_f1.c.o)
                0x080024f8                gpio_set_mode
 .text.afio_init
                0x0800254c       0x10 C:\Users\hp\AppData\Local\Temp\arduino\cores\a9119d465712ab722e1faba262e6ea75\core.a(gpio_f1.c.o)
                0x0800254c                afio_init
 .text.__irq_i2c1_ev
                0x0800255c       0x10 C:\Users\hp\AppData\Local\Temp\arduino\cores\a9119d465712ab722e1faba262e6ea75\core.a(i2c_f1.c.o)
                0x0800255c                __irq_i2c1_ev
 .text.__irq_i2c2_ev
                0x0800256c       0x10 C:\Users\hp\AppData\Local\Temp\arduino\cores\a9119d465712ab722e1faba262e6ea75\core.a(i2c_f1.c.o)
                0x0800256c                __irq_i2c2_ev
 .text.__irq_i2c1_er
                0x0800257c       0x10 C:\Users\hp\AppData\Local\Temp\arduino\cores\a9119d465712ab722e1faba262e6ea75\core.a(i2c_f1.c.o)
                0x0800257c                __irq_i2c1_er
 .text.__irq_i2c2_er
                0x0800258c       0x10 C:\Users\hp\AppData\Local\Temp\arduino\cores\a9119d465712ab722e1faba262e6ea75\core.a(i2c_f1.c.o)
                0x0800258c                __irq_i2c2_er
 .text.nvic_irq_set_priority
                0x0800259c       0x28 C:\Users\hp\AppData\Local\Temp\arduino\cores\a9119d465712ab722e1faba262e6ea75\core.a(nvic.c.o)
                0x0800259c                nvic_irq_set_priority
 .text.nvic_set_vector_table
                0x080025c4       0x14 C:\Users\hp\AppData\Local\Temp\arduino\cores\a9119d465712ab722e1faba262e6ea75\core.a(nvic.c.o)
                0x080025c4                nvic_set_vector_table
 .text.nvic_init
                0x080025d8       0x28 C:\Users\hp\AppData\Local\Temp\arduino\cores\a9119d465712ab722e1faba262e6ea75\core.a(nvic.c.o)
                0x080025d8                nvic_init
 .text.rcc_dev_clk
                0x08002600        0xc C:\Users\hp\AppData\Local\Temp\arduino\cores\a9119d465712ab722e1faba262e6ea75\core.a(rcc.c.o)
                0x08002600                rcc_dev_clk
 .text.rcc_switch_sysclk
                0x0800260c       0x20 C:\Users\hp\AppData\Local\Temp\arduino\cores\a9119d465712ab722e1faba262e6ea75\core.a(rcc.c.o)
                0x0800260c                rcc_switch_sysclk
 .text.rcc_turn_on_clk
                0x0800262c       0x1c C:\Users\hp\AppData\Local\Temp\arduino\cores\a9119d465712ab722e1faba262e6ea75\core.a(rcc.c.o)
                0x0800262c                rcc_turn_on_clk
 .text.rcc_turn_off_clk
                0x08002648       0x1c C:\Users\hp\AppData\Local\Temp\arduino\cores\a9119d465712ab722e1faba262e6ea75\core.a(rcc.c.o)
                0x08002648                rcc_turn_off_clk
 .text.rcc_is_clk_ready
                0x08002664       0x18 C:\Users\hp\AppData\Local\Temp\arduino\cores\a9119d465712ab722e1faba262e6ea75\core.a(rcc.c.o)
                0x08002664                rcc_is_clk_ready
 .text.rcc_configure_pll
                0x0800267c       0x20 C:\Users\hp\AppData\Local\Temp\arduino\cores\a9119d465712ab722e1faba262e6ea75\core.a(rcc_f1.c.o)
                0x0800267c                rcc_configure_pll
 .text.rcc_clk_enable
                0x0800269c       0x30 C:\Users\hp\AppData\Local\Temp\arduino\cores\a9119d465712ab722e1faba262e6ea75\core.a(rcc_f1.c.o)
                0x0800269c                rcc_clk_enable
 .text.rcc_reset_dev
                0x080026cc       0x34 C:\Users\hp\AppData\Local\Temp\arduino\cores\a9119d465712ab722e1faba262e6ea75\core.a(rcc_f1.c.o)
                0x080026cc                rcc_reset_dev
 .text.rcc_set_prescaler
                0x08002700       0x24 C:\Users\hp\AppData\Local\Temp\arduino\cores\a9119d465712ab722e1faba262e6ea75\core.a(rcc_f1.c.o)
                0x08002700                rcc_set_prescaler
 .text.rcc_clk_disable
                0x08002724       0x30 C:\Users\hp\AppData\Local\Temp\arduino\cores\a9119d465712ab722e1faba262e6ea75\core.a(rcc_f1.c.o)
                0x08002724                rcc_clk_disable
 .text          0x08002754        0x2 C:\Users\hp\AppData\Local\Temp\arduino\cores\a9119d465712ab722e1faba262e6ea75\core.a(isrs.S.o)
                0x08002754                __stm32reservedexception9
                0x08002754                __exc_debug_monitor
                0x08002754                __exc_svc
                0x08002754                __irq_can_rx1
                0x08002754                __irq_spi2
                0x08002754                __irq_can_sce
                0x08002754                __irq_pvd
                0x08002754                __irq_tamper
                0x08002754                __default_handler
                0x08002754                __irq_wwdg
                0x08002754                __stm32reservedexception10
                0x08002754                __irq_flash
                0x08002754                __stm32reservedexception13
                0x08002754                __irq_rtc
                0x08002754                __irq_spi1
                0x08002754                __stm32reservedexception7
                0x08002754                __irq_usb_hp_can_tx
                0x08002754                __irq_rtcalarm
                0x08002754                __stm32reservedexception8
                0x08002754                __exc_pendsv
                0x08002754                __irq_usbwakeup
                0x08002754                __irq_rcc
 *fill*         0x08002756        0x2 
 .text.systick_enable
                0x08002758        0xc C:\Users\hp\AppData\Local\Temp\arduino\cores\a9119d465712ab722e1faba262e6ea75\core.a(systick.c.o)
                0x08002758                systick_enable
 .text.systick_init
                0x08002764       0x10 C:\Users\hp\AppData\Local\Temp\arduino\cores\a9119d465712ab722e1faba262e6ea75\core.a(systick.c.o)
                0x08002764                systick_init
 .text.__exc_systick
                0x08002774       0x1c C:\Users\hp\AppData\Local\Temp\arduino\cores\a9119d465712ab722e1faba262e6ea75\core.a(systick.c.o)
                0x08002774                __exc_systick
 .text.pwm_mode
                0x08002790       0x68 C:\Users\hp\AppData\Local\Temp\arduino\cores\a9119d465712ab722e1faba262e6ea75\core.a(timer.c.o)
 .text.encoder_mode
                0x080027f8       0x1c C:\Users\hp\AppData\Local\Temp\arduino\cores\a9119d465712ab722e1faba262e6ea75\core.a(timer.c.o)
 .text.output_compare_mode
                0x08002814       0x50 C:\Users\hp\AppData\Local\Temp\arduino\cores\a9119d465712ab722e1faba262e6ea75\core.a(timer.c.o)
 .text.timer_foreach
                0x08002864       0x28 C:\Users\hp\AppData\Local\Temp\arduino\cores\a9119d465712ab722e1faba262e6ea75\core.a(timer.c.o)
                0x08002864                timer_foreach
 .text.timer_init
                0x0800288c       0x14 C:\Users\hp\AppData\Local\Temp\arduino\cores\a9119d465712ab722e1faba262e6ea75\core.a(timer.c.o)
                0x0800288c                timer_init
 .text.timer_has_cc_channel
                0x080028a0       0x34 C:\Users\hp\AppData\Local\Temp\arduino\cores\a9119d465712ab722e1faba262e6ea75\core.a(timer.c.o)
                0x080028a0                timer_has_cc_channel
 .text.timer_detach_interrupt
                0x080028d4       0x20 C:\Users\hp\AppData\Local\Temp\arduino\cores\a9119d465712ab722e1faba262e6ea75\core.a(timer.c.o)
                0x080028d4                timer_detach_interrupt
 .text.disable_channel
                0x080028f4       0x28 C:\Users\hp\AppData\Local\Temp\arduino\cores\a9119d465712ab722e1faba262e6ea75\core.a(timer.c.o)
 .text.input_capture_mode
                0x0800291c       0x50 C:\Users\hp\AppData\Local\Temp\arduino\cores\a9119d465712ab722e1faba262e6ea75\core.a(timer.c.o)
                0x0800291c                input_capture_mode
 .text.timer_set_mode
                0x0800296c       0x38 C:\Users\hp\AppData\Local\Temp\arduino\cores\a9119d465712ab722e1faba262e6ea75\core.a(timer.c.o)
                0x0800296c                timer_set_mode
 .text.__irq_tim1_brk
                0x080029a4       0x28 C:\Users\hp\AppData\Local\Temp\arduino\cores\a9119d465712ab722e1faba262e6ea75\core.a(timer.c.o)
                0x080029a4                __irq_tim1_brk
 .text.__irq_tim1_up
                0x080029cc       0x28 C:\Users\hp\AppData\Local\Temp\arduino\cores\a9119d465712ab722e1faba262e6ea75\core.a(timer.c.o)
                0x080029cc                __irq_tim1_up
 .text.__irq_tim1_trg_com
                0x080029f4       0x40 C:\Users\hp\AppData\Local\Temp\arduino\cores\a9119d465712ab722e1faba262e6ea75\core.a(timer.c.o)
                0x080029f4                __irq_tim1_trg_com
 .text.__irq_tim1_cc
                0x08002a34       0x64 C:\Users\hp\AppData\Local\Temp\arduino\cores\a9119d465712ab722e1faba262e6ea75\core.a(timer.c.o)
                0x08002a34                __irq_tim1_cc
 .text.__irq_tim2
                0x08002a98       0x88 C:\Users\hp\AppData\Local\Temp\arduino\cores\a9119d465712ab722e1faba262e6ea75\core.a(timer.c.o)
                0x08002a98                __irq_tim2
 .text.__irq_tim3
                0x08002b20       0x88 C:\Users\hp\AppData\Local\Temp\arduino\cores\a9119d465712ab722e1faba262e6ea75\core.a(timer.c.o)
                0x08002b20                __irq_tim3
 .text.__irq_tim4
                0x08002ba8       0x88 C:\Users\hp\AppData\Local\Temp\arduino\cores\a9119d465712ab722e1faba262e6ea75\core.a(timer.c.o)
                0x08002ba8                __irq_tim4
 .text.usart_tx
                0x08002c30       0xc0 C:\Users\hp\AppData\Local\Temp\arduino\cores\a9119d465712ab722e1faba262e6ea75\core.a(usart.c.o)
                0x08002c30                usart_tx
 .text.__irq_usart1
                0x08002cf0      0x120 C:\Users\hp\AppData\Local\Temp\arduino\cores\a9119d465712ab722e1faba262e6ea75\core.a(usart_f1.c.o)
                0x08002cf0                __irq_usart1
 .text.__irq_usart2
                0x08002e10      0x120 C:\Users\hp\AppData\Local\Temp\arduino\cores\a9119d465712ab722e1faba262e6ea75\core.a(usart_f1.c.o)
                0x08002e10                __irq_usart2
 .text.__irq_usart3
                0x08002f30      0x120 C:\Users\hp\AppData\Local\Temp\arduino\cores\a9119d465712ab722e1faba262e6ea75\core.a(usart_f1.c.o)
                0x08002f30                __irq_usart3
 .text.usb_suspend
                0x08003050       0x28 C:\Users\hp\AppData\Local\Temp\arduino\cores\a9119d465712ab722e1faba262e6ea75\core.a(usb.c.o)
 .text.usb_resume_init
                0x08003078       0x18 C:\Users\hp\AppData\Local\Temp\arduino\cores\a9119d465712ab722e1faba262e6ea75\core.a(usb.c.o)
 .text.usb_resume
                0x08003090       0xc0 C:\Users\hp\AppData\Local\Temp\arduino\cores\a9119d465712ab722e1faba262e6ea75\core.a(usb.c.o)
 .text.handle_in0
                0x08003150        0x8 C:\Users\hp\AppData\Local\Temp\arduino\cores\a9119d465712ab722e1faba262e6ea75\core.a(usb.c.o)
 .text.handle_setup0
                0x08003158        0x8 C:\Users\hp\AppData\Local\Temp\arduino\cores\a9119d465712ab722e1faba262e6ea75\core.a(usb.c.o)
 .text.handle_out0
                0x08003160        0x8 C:\Users\hp\AppData\Local\Temp\arduino\cores\a9119d465712ab722e1faba262e6ea75\core.a(usb.c.o)
 .text.dispatch_ctr_lp
                0x08003168      0x15c C:\Users\hp\AppData\Local\Temp\arduino\cores\a9119d465712ab722e1faba262e6ea75\core.a(usb.c.o)
 .text.usb_init_usblib
                0x080032c4       0x48 C:\Users\hp\AppData\Local\Temp\arduino\cores\a9119d465712ab722e1faba262e6ea75\core.a(usb.c.o)
                0x080032c4                usb_init_usblib
 .text.__irq_usb_lp_can_rx0
                0x0800330c       0xbc C:\Users\hp\AppData\Local\Temp\arduino\cores\a9119d465712ab722e1faba262e6ea75\core.a(usb.c.o)
                0x0800330c                __irq_usb_lp_can_rx0
 .text.vcomDataTxCb
                0x080033c8       0xa4 C:\Users\hp\AppData\Local\Temp\arduino\cores\a9119d465712ab722e1faba262e6ea75\core.a(usb_cdcacm.c.o)
 .text.vcomGetSetLineCoding
                0x0800346c       0x18 C:\Users\hp\AppData\Local\Temp\arduino\cores\a9119d465712ab722e1faba262e6ea75\core.a(usb_cdcacm.c.o)
 .text.usbInit  0x08003484       0x5c C:\Users\hp\AppData\Local\Temp\arduino\cores\a9119d465712ab722e1faba262e6ea75\core.a(usb_cdcacm.c.o)
 .text.usbDataSetup
                0x080034e0       0x58 C:\Users\hp\AppData\Local\Temp\arduino\cores\a9119d465712ab722e1faba262e6ea75\core.a(usb_cdcacm.c.o)
 .text.usbNoDataSetup
                0x08003538       0x54 C:\Users\hp\AppData\Local\Temp\arduino\cores\a9119d465712ab722e1faba262e6ea75\core.a(usb_cdcacm.c.o)
 .text.usbGetInterfaceSetting
                0x0800358c       0x10 C:\Users\hp\AppData\Local\Temp\arduino\cores\a9119d465712ab722e1faba262e6ea75\core.a(usb_cdcacm.c.o)
 .text.usbSetConfiguration
                0x0800359c       0x1c C:\Users\hp\AppData\Local\Temp\arduino\cores\a9119d465712ab722e1faba262e6ea75\core.a(usb_cdcacm.c.o)
 .text.usbSetDeviceAddress
                0x080035b8       0x10 C:\Users\hp\AppData\Local\Temp\arduino\cores\a9119d465712ab722e1faba262e6ea75\core.a(usb_cdcacm.c.o)
 .text.usbGetStringDescriptor
                0x080035c8       0x24 C:\Users\hp\AppData\Local\Temp\arduino\cores\a9119d465712ab722e1faba262e6ea75\core.a(usb_cdcacm.c.o)
 .text.usbGetConfigDescriptor
                0x080035ec       0x10 C:\Users\hp\AppData\Local\Temp\arduino\cores\a9119d465712ab722e1faba262e6ea75\core.a(usb_cdcacm.c.o)
 .text.usbGetDeviceDescriptor
                0x080035fc       0x10 C:\Users\hp\AppData\Local\Temp\arduino\cores\a9119d465712ab722e1faba262e6ea75\core.a(usb_cdcacm.c.o)
 .text.usbReset
                0x0800360c      0x17c C:\Users\hp\AppData\Local\Temp\arduino\cores\a9119d465712ab722e1faba262e6ea75\core.a(usb_cdcacm.c.o)
 .text.usb_cdcacm_tx
                0x08003788       0x64 C:\Users\hp\AppData\Local\Temp\arduino\cores\a9119d465712ab722e1faba262e6ea75\core.a(usb_cdcacm.c.o)
                0x08003788                usb_cdcacm_tx
 .text.usb_cdcacm_data_available
                0x080037ec       0x18 C:\Users\hp\AppData\Local\Temp\arduino\cores\a9119d465712ab722e1faba262e6ea75\core.a(usb_cdcacm.c.o)
                0x080037ec                usb_cdcacm_data_available
 .text.usb_cdcacm_peek
                0x08003804       0x3c C:\Users\hp\AppData\Local\Temp\arduino\cores\a9119d465712ab722e1faba262e6ea75\core.a(usb_cdcacm.c.o)
                0x08003804                usb_cdcacm_peek
 .text.usb_cdcacm_rx
                0x08003840       0x44 C:\Users\hp\AppData\Local\Temp\arduino\cores\a9119d465712ab722e1faba262e6ea75\core.a(usb_cdcacm.c.o)
                0x08003840                usb_cdcacm_rx
 .text.usb_set_ep_rx_count_common
                0x08003884       0x38 C:\Users\hp\AppData\Local\Temp\arduino\cores\a9119d465712ab722e1faba262e6ea75\core.a(usb_reg_map.c.o)
 .text.usb_set_ep_rx_count
                0x080038bc       0x20 C:\Users\hp\AppData\Local\Temp\arduino\cores\a9119d465712ab722e1faba262e6ea75\core.a(usb_reg_map.c.o)
                0x080038bc                usb_set_ep_rx_count
 .text.Standard_GetConfiguration
                0x080038dc       0x28 C:\Users\hp\AppData\Local\Temp\arduino\cores\a9119d465712ab722e1faba262e6ea75\core.a(usb_core.c.o)
                0x080038dc                Standard_GetConfiguration
 .text.Standard_GetInterface
                0x08003904       0x28 C:\Users\hp\AppData\Local\Temp\arduino\cores\a9119d465712ab722e1faba262e6ea75\core.a(usb_core.c.o)
                0x08003904                Standard_GetInterface
 .text.Standard_GetStatus
                0x0800392c       0xb0 C:\Users\hp\AppData\Local\Temp\arduino\cores\a9119d465712ab722e1faba262e6ea75\core.a(usb_core.c.o)
                0x0800392c                Standard_GetStatus
 .text.DataStageIn
                0x080039dc       0xac C:\Users\hp\AppData\Local\Temp\arduino\cores\a9119d465712ab722e1faba262e6ea75\core.a(usb_core.c.o)
 .text.Data_Setup0
                0x08003a88      0x210 C:\Users\hp\AppData\Local\Temp\arduino\cores\a9119d465712ab722e1faba262e6ea75\core.a(usb_core.c.o)
 .text.DataStageOut
                0x08003c98       0xa8 C:\Users\hp\AppData\Local\Temp\arduino\cores\a9119d465712ab722e1faba262e6ea75\core.a(usb_core.c.o)
 .text.Standard_SetConfiguration
                0x08003d40       0x40 C:\Users\hp\AppData\Local\Temp\arduino\cores\a9119d465712ab722e1faba262e6ea75\core.a(usb_core.c.o)
                0x08003d40                Standard_SetConfiguration
 .text.Standard_SetInterface
                0x08003d80       0x5c C:\Users\hp\AppData\Local\Temp\arduino\cores\a9119d465712ab722e1faba262e6ea75\core.a(usb_core.c.o)
                0x08003d80                Standard_SetInterface
 .text.Standard_ClearFeature
                0x08003ddc      0x10c C:\Users\hp\AppData\Local\Temp\arduino\cores\a9119d465712ab722e1faba262e6ea75\core.a(usb_core.c.o)
                0x08003ddc                Standard_ClearFeature
 .text.Standard_SetEndPointFeature
                0x08003ee8       0xa4 C:\Users\hp\AppData\Local\Temp\arduino\cores\a9119d465712ab722e1faba262e6ea75\core.a(usb_core.c.o)
                0x08003ee8                Standard_SetEndPointFeature
 .text.Standard_SetDeviceFeature
                0x08003f8c       0x24 C:\Users\hp\AppData\Local\Temp\arduino\cores\a9119d465712ab722e1faba262e6ea75\core.a(usb_core.c.o)
                0x08003f8c                Standard_SetDeviceFeature
 .text.NoData_Setup0
                0x08003fb0      0x120 C:\Users\hp\AppData\Local\Temp\arduino\cores\a9119d465712ab722e1faba262e6ea75\core.a(usb_core.c.o)
 .text.Standard_GetDescriptorData
                0x080040d0       0x1c C:\Users\hp\AppData\Local\Temp\arduino\cores\a9119d465712ab722e1faba262e6ea75\core.a(usb_core.c.o)
                0x080040d0                Standard_GetDescriptorData
 .text.Post0_Process
                0x080040ec       0x40 C:\Users\hp\AppData\Local\Temp\arduino\cores\a9119d465712ab722e1faba262e6ea75\core.a(usb_core.c.o)
                0x080040ec                Post0_Process
 .text.Setup0_Process
                0x0800412c       0x70 C:\Users\hp\AppData\Local\Temp\arduino\cores\a9119d465712ab722e1faba262e6ea75\core.a(usb_core.c.o)
                0x0800412c                Setup0_Process
 .text.Out0_Process
                0x0800419c       0x44 C:\Users\hp\AppData\Local\Temp\arduino\cores\a9119d465712ab722e1faba262e6ea75\core.a(usb_core.c.o)
                0x0800419c                Out0_Process
 .text.SetDeviceAddress
                0x080041e0       0x3c C:\Users\hp\AppData\Local\Temp\arduino\cores\a9119d465712ab722e1faba262e6ea75\core.a(usb_core.c.o)
                0x080041e0                SetDeviceAddress
 .text.In0_Process
                0x0800421c       0x64 C:\Users\hp\AppData\Local\Temp\arduino\cores\a9119d465712ab722e1faba262e6ea75\core.a(usb_core.c.o)
                0x0800421c                In0_Process
 .text.NOP_Process
                0x08004280        0x4 C:\Users\hp\AppData\Local\Temp\arduino\cores\a9119d465712ab722e1faba262e6ea75\core.a(usb_core.c.o)
                0x08004280                NOP_Process
 .text.UserToPMABufferCopy
                0x08004284       0x2c C:\Users\hp\AppData\Local\Temp\arduino\cores\a9119d465712ab722e1faba262e6ea75\core.a(usb_mem.c.o)
                0x08004284                UserToPMABufferCopy
 .text.PMAToUserBufferCopy
                0x080042b0       0x30 C:\Users\hp\AppData\Local\Temp\arduino\cores\a9119d465712ab722e1faba262e6ea75\core.a(usb_mem.c.o)
                0x080042b0                PMAToUserBufferCopy
 .text.SetEPTxStatus
                0x080042e0       0x34 C:\Users\hp\AppData\Local\Temp\arduino\cores\a9119d465712ab722e1faba262e6ea75\core.a(usb_regs.c.o)
                0x080042e0                SetEPTxStatus
 .text.ClearDTOG_RX
                0x08004314       0x28 C:\Users\hp\AppData\Local\Temp\arduino\cores\a9119d465712ab722e1faba262e6ea75\core.a(usb_regs.c.o)
                0x08004314                ClearDTOG_RX
 .text.ClearDTOG_TX
                0x0800433c       0x28 C:\Users\hp\AppData\Local\Temp\arduino\cores\a9119d465712ab722e1faba262e6ea75\core.a(usb_regs.c.o)
                0x0800433c                ClearDTOG_TX
 .text.GetEPTxAddr
                0x08004364       0x1c C:\Users\hp\AppData\Local\Temp\arduino\cores\a9119d465712ab722e1faba262e6ea75\core.a(usb_regs.c.o)
                0x08004364                GetEPTxAddr
 .text.GetEPRxAddr
                0x08004380       0x1c C:\Users\hp\AppData\Local\Temp\arduino\cores\a9119d465712ab722e1faba262e6ea75\core.a(usb_regs.c.o)
                0x08004380                GetEPRxAddr
 .text.SetEPTxCount
                0x0800439c       0x1c C:\Users\hp\AppData\Local\Temp\arduino\cores\a9119d465712ab722e1faba262e6ea75\core.a(usb_regs.c.o)
                0x0800439c                SetEPTxCount
 .text.SetEPRxCount
                0x080043b8       0x44 C:\Users\hp\AppData\Local\Temp\arduino\cores\a9119d465712ab722e1faba262e6ea75\core.a(usb_regs.c.o)
                0x080043b8                SetEPRxCount
 .text.throb    0x080043fc       0x50 C:\Users\hp\AppData\Local\Temp\arduino\cores\a9119d465712ab722e1faba262e6ea75\core.a(util.c.o)
                0x080043fc                throb
 .text.__error  0x0800444c       0x14 C:\Users\hp\AppData\Local\Temp\arduino\cores\a9119d465712ab722e1faba262e6ea75\core.a(util.c.o)
                0x0800444c                __error
 .text._Z7premainv
                0x08004460        0x8 C:\Users\hp\AppData\Local\Temp\arduino\cores\a9119d465712ab722e1faba262e6ea75\core.a(main.cpp.o)
                0x08004460                premain()
 .text.main     0x08004468        0xc C:\Users\hp\AppData\Local\Temp\arduino\cores\a9119d465712ab722e1faba262e6ea75\core.a(main.cpp.o)
                0x08004468                main
 .text._Z7pinModeh13WiringPinMode
                0x08004474       0x94 C:\Users\hp\AppData\Local\Temp\arduino\cores\a9119d465712ab722e1faba262e6ea75\core.a(wirish_digital_f1.cpp.o)
                0x08004474                pinMode(unsigned char, WiringPinMode)
 .text._ZN9USBSerial9availableEv
                0x08004508        0x8 C:\Users\hp\AppData\Local\Temp\arduino\cores\a9119d465712ab722e1faba262e6ea75\core.a(usb_serial.cpp.o)
                0x08004508                USBSerial::available()
 .text._ZN9USBSerial4peekEv
                0x08004510       0x20 C:\Users\hp\AppData\Local\Temp\arduino\cores\a9119d465712ab722e1faba262e6ea75\core.a(usb_serial.cpp.o)
                0x08004510                USBSerial::peek()
 .text._ZN9USBSerial4readEv
                0x08004530       0x20 C:\Users\hp\AppData\Local\Temp\arduino\cores\a9119d465712ab722e1faba262e6ea75\core.a(usb_serial.cpp.o)
                0x08004530                USBSerial::read()
 .text._ZN9USBSerialC2Ev
                0x08004550       0x14 C:\Users\hp\AppData\Local\Temp\arduino\cores\a9119d465712ab722e1faba262e6ea75\core.a(usb_serial.cpp.o)
                0x08004550                USBSerial::USBSerial()
                0x08004550                USBSerial::USBSerial()
 .text._Z41__static_initialization_and_destruction_0ii
                0x08004564       0x1c C:\Users\hp\AppData\Local\Temp\arduino\cores\a9119d465712ab722e1faba262e6ea75\core.a(usb_serial.cpp.o)
 .text._ZN9USBSerial5writeEPKhm
                0x08004580       0x54 C:\Users\hp\AppData\Local\Temp\arduino\cores\a9119d465712ab722e1faba262e6ea75\core.a(usb_serial.cpp.o)
                0x08004580                USBSerial::write(unsigned char const*, unsigned long)
 .text._ZN9USBSerial5writeEh
                0x080045d4       0x18 C:\Users\hp\AppData\Local\Temp\arduino\cores\a9119d465712ab722e1faba262e6ea75\core.a(usb_serial.cpp.o)
                0x080045d4                USBSerial::write(unsigned char)
 .text._ZN9USBSerial5writeEPKc
                0x080045ec       0x18 C:\Users\hp\AppData\Local\Temp\arduino\cores\a9119d465712ab722e1faba262e6ea75\core.a(usb_serial.cpp.o)
                0x080045ec                USBSerial::write(char const*)
 .text._ZN9USBSerial4readEPhm
                0x08004604       0x1c C:\Users\hp\AppData\Local\Temp\arduino\cores\a9119d465712ab722e1faba262e6ea75\core.a(usb_serial.cpp.o)
                0x08004604                USBSerial::read(unsigned char*, unsigned long)
 .text._ZN9USBSerial5flushEv
                0x08004620       0x24 C:\Users\hp\AppData\Local\Temp\arduino\cores\a9119d465712ab722e1faba262e6ea75\core.a(usb_serial.cpp.o)
                0x08004620                USBSerial::flush()
 .text._GLOBAL__sub_I__ZN9USBSerial9_hasBegunE
                0x08004644       0x10 C:\Users\hp\AppData\Local\Temp\arduino\cores\a9119d465712ab722e1faba262e6ea75\core.a(usb_serial.cpp.o)
 .text._Z11digitalReadh
                0x08004654       0x28 C:\Users\hp\AppData\Local\Temp\arduino\cores\a9119d465712ab722e1faba262e6ea75\core.a(wirish_digital.cpp.o)
                0x08004654                digitalRead(unsigned char)
 .text._Z12digitalWritehh
                0x0800467c       0x2c C:\Users\hp\AppData\Local\Temp\arduino\cores\a9119d465712ab722e1faba262e6ea75\core.a(wirish_digital.cpp.o)
                0x0800467c                digitalWrite(unsigned char, unsigned char)
 .text.delay    0x080046a8       0x94 C:\Users\hp\AppData\Local\Temp\arduino\cores\a9119d465712ab722e1faba262e6ea75\core.a(wirish_time.cpp.o)
                0x080046a8                delay
 .text.delayMicroseconds
                0x0800473c       0x10 C:\Users\hp\AppData\Local\Temp\arduino\cores\a9119d465712ab722e1faba262e6ea75\core.a(wirish_time.cpp.o)
                0x0800473c                delayMicroseconds
 .text.__empty  0x0800474c        0x4 C:\Users\hp\AppData\Local\Temp\arduino\cores\a9119d465712ab722e1faba262e6ea75\core.a(hooks.c.o)
                0x0800474c                yield
 .text.gpio_init
                0x08004750       0x14 C:\Users\hp\AppData\Local\Temp\arduino\cores\a9119d465712ab722e1faba262e6ea75\core.a(gpio.c.o)
                0x08004750                gpio_init
 .text._i2c_irq_handler
                0x08004764      0x468 C:\Users\hp\AppData\Local\Temp\arduino\cores\a9119d465712ab722e1faba262e6ea75\core.a(i2c.c.o)
                0x08004764                _i2c_irq_handler
 .text._i2c_irq_error_handler
                0x08004bcc       0x80 C:\Users\hp\AppData\Local\Temp\arduino\cores\a9119d465712ab722e1faba262e6ea75\core.a(i2c.c.o)
                0x08004bcc                _i2c_irq_error_handler
 .text.exit     0x08004c4c       0x20 c:/users/hp/appdata/local/arduino15/packages/arduino/tools/arm-none-eabi-gcc/4.8.3-2014q1/bin/../lib/gcc/arm-none-eabi/4.8.3/../../../../arm-none-eabi/lib/armv7-m\libc.a(lib_a-exit.o)
                0x08004c4c                exit
 .text.__libc_init_array
                0x08004c6c       0x50 c:/users/hp/appdata/local/arduino15/packages/arduino/tools/arm-none-eabi-gcc/4.8.3-2014q1/bin/../lib/gcc/arm-none-eabi/4.8.3/../../../../arm-none-eabi/lib/armv7-m\libc.a(lib_a-init.o)
                0x08004c6c                __libc_init_array
 .text          0x08004cbc       0xec c:/users/hp/appdata/local/arduino15/packages/arduino/tools/arm-none-eabi-gcc/4.8.3-2014q1/bin/../lib/gcc/arm-none-eabi/4.8.3/../../../../arm-none-eabi/lib/armv7-m\libc.a(lib_a-memcpy.o)
                0x08004cbc                memcpy
 .text.memset   0x08004da8       0x94 c:/users/hp/appdata/local/arduino15/packages/arduino/tools/arm-none-eabi-gcc/4.8.3-2014q1/bin/../lib/gcc/arm-none-eabi/4.8.3/../../../../arm-none-eabi/lib/armv7-m\libc.a(lib_a-memset.o)
                0x08004da8                memset
 .text.strlen   0x08004e3c       0x60 c:/users/hp/appdata/local/arduino15/packages/arduino/tools/arm-none-eabi-gcc/4.8.3-2014q1/bin/../lib/gcc/arm-none-eabi/4.8.3/../../../../arm-none-eabi/lib/armv7-m\libc.a(lib_a-strlen.o)
                0x08004e3c                strlen
 .text.startup.register_fini
                0x08004e9c       0x14 c:/users/hp/appdata/local/arduino15/packages/arduino/tools/arm-none-eabi-gcc/4.8.3-2014q1/bin/../lib/gcc/arm-none-eabi/4.8.3/../../../../arm-none-eabi/lib/armv7-m\libc.a(lib_a-__call_atexit.o)
 .text.__call_exitprocs
                0x08004eb0       0xf0 c:/users/hp/appdata/local/arduino15/packages/arduino/tools/arm-none-eabi-gcc/4.8.3-2014q1/bin/../lib/gcc/arm-none-eabi/4.8.3/../../../../arm-none-eabi/lib/armv7-m\libc.a(lib_a-__call_atexit.o)
                0x08004eb0                __call_exitprocs
 .text.atexit   0x08004fa0        0xc c:/users/hp/appdata/local/arduino15/packages/arduino/tools/arm-none-eabi-gcc/4.8.3-2014q1/bin/../lib/gcc/arm-none-eabi/4.8.3/../../../../arm-none-eabi/lib/armv7-m\libc.a(lib_a-atexit.o)
                0x08004fa0                atexit
 .text.__libc_fini_array
                0x08004fac       0x30 c:/users/hp/appdata/local/arduino15/packages/arduino/tools/arm-none-eabi-gcc/4.8.3-2014q1/bin/../lib/gcc/arm-none-eabi/4.8.3/../../../../arm-none-eabi/lib/armv7-m\libc.a(lib_a-fini.o)
                0x08004fac                __libc_fini_array
 .text.__register_exitproc
                0x08004fdc       0xa8 c:/users/hp/appdata/local/arduino15/packages/arduino/tools/arm-none-eabi-gcc/4.8.3-2014q1/bin/../lib/gcc/arm-none-eabi/4.8.3/../../../../arm-none-eabi/lib/armv7-m\libc.a(lib_a-__atexit.o)
                0x08004fdc                __register_exitproc
 *(.plt)
 *(.gnu.warning)
 *(.glue_7t)
 .glue_7t       0x00000000        0x0 linker stubs
 *(.glue_7)
 .glue_7        0x00000000        0x0 linker stubs
 *(.vfp11_veneer)
 .vfp11_veneer  0x00000000        0x0 linker stubs
 *(.ARM.extab* .gnu.linkonce.armextab.*)
 *(.gcc_except_table)
 *(.eh_frame_hdr)
 *(.eh_frame)
 .eh_frame      0x08005084        0x0 c:/users/hp/appdata/local/arduino15/packages/arduino/tools/arm-none-eabi-gcc/4.8.3-2014q1/bin/../lib/gcc/arm-none-eabi/4.8.3/armv7-m/crtbegin.o
                0x08005084                . = ALIGN (0x4)
 *(.init)
 .init          0x08005084        0x4 c:/users/hp/appdata/local/arduino15/packages/arduino/tools/arm-none-eabi-gcc/4.8.3-2014q1/bin/../lib/gcc/arm-none-eabi/4.8.3/armv7-m/crti.o
                0x08005084                _init
 .init          0x08005088        0x8 c:/users/hp/appdata/local/arduino15/packages/arduino/tools/arm-none-eabi-gcc/4.8.3-2014q1/bin/../lib/gcc/arm-none-eabi/4.8.3/armv7-m/crtn.o
                0x08005090                . = ALIGN (0x4)
                0x08005090                __preinit_array_start = .
 *(.preinit_array)
                0x08005090                __preinit_array_end = .
                0x08005090                . = ALIGN (0x4)
                0x08005090                __init_array_start = .
 *(SORT(.init_array.*))
 .init_array.00000
                0x08005090        0x4 c:/users/hp/appdata/local/arduino15/packages/arduino/tools/arm-none-eabi-gcc/4.8.3-2014q1/bin/../lib/gcc/arm-none-eabi/4.8.3/../../../../arm-none-eabi/lib/armv7-m\libc.a(lib_a-__call_atexit.o)
 .init_array.00101
                0x08005094        0x4 C:\Users\hp\AppData\Local\Temp\arduino\cores\a9119d465712ab722e1faba262e6ea75\core.a(main.cpp.o)
 *(.init_array)
 .init_array    0x08005098        0x4 c:/users/hp/appdata/local/arduino15/packages/arduino/tools/arm-none-eabi-gcc/4.8.3-2014q1/bin/../lib/gcc/arm-none-eabi/4.8.3/armv7-m/crtbegin.o
 .init_array    0x0800509c        0x4 C:\Users\hp\AppData\Local\Temp\arduino\sketches\4A332D675326253D499D77B2F67D8AF1\sketch\usb_keyboard_v0.3.ino.cpp.o
 .init_array    0x080050a0        0x4 C:\Users\hp\AppData\Local\Temp\arduino\sketches\4A332D675326253D499D77B2F67D8AF1\libraries\USBComposite\USBComposite.cpp.o
 .init_array    0x080050a4        0x4 C:\Users\hp\AppData\Local\Temp\arduino\sketches\4A332D675326253D499D77B2F67D8AF1\core\board.cpp.o
 .init_array    0x080050a8        0x4 C:\Users\hp\AppData\Local\Temp\arduino\cores\a9119d465712ab722e1faba262e6ea75\core.a(usb_serial.cpp.o)
                0x080050ac                __init_array_end = .
                0x080050ac                . = ALIGN (0x4)
 *crtbegin.o(.ctors)
 *(EXCLUDE_FILE(*crtend.o) .ctors)
 *(SORT(.ctors.*))
 *crtend.o(.ctors)
                0x080050ac                . = ALIGN (0x4)
 *(.fini)
 .fini          0x080050ac        0x4 c:/users/hp/appdata/local/arduino15/packages/arduino/tools/arm-none-eabi-gcc/4.8.3-2014q1/bin/../lib/gcc/arm-none-eabi/4.8.3/armv7-m/crti.o
                0x080050ac                _fini
 .fini          0x080050b0        0x8 c:/users/hp/appdata/local/arduino15/packages/arduino/tools/arm-none-eabi-gcc/4.8.3-2014q1/bin/../lib/gcc/arm-none-eabi/4.8.3/armv7-m/crtn.o
                0x080050b8                . = ALIGN (0x4)
                0x080050b8                __fini_array_start = .
 *(.fini_array)
 .fini_array    0x080050b8        0x4 c:/users/hp/appdata/local/arduino15/packages/arduino/tools/arm-none-eabi-gcc/4.8.3-2014q1/bin/../lib/gcc/arm-none-eabi/4.8.3/armv7-m/crtbegin.o
 *(SORT(.fini_array.*))
                0x080050bc                __fini_array_end = .
 *crtbegin.o(.dtors)
 *(EXCLUDE_FILE(*crtend.o) .dtors)
 *(SORT(.dtors.*))
 *crtend.o(.dtors)

.v4_bx          0x080050bc        0x0
 .v4_bx         0x00000000        0x0 linker stubs

.iplt           0x080050bc        0x0
 .iplt          0x00000000        0x0 c:/users/hp/appdata/local/arduino15/packages/arduino/tools/arm-none-eabi-gcc/4.8.3-2014q1/bin/../lib/gcc/arm-none-eabi/4.8.3/armv7-m/crtbegin.o

.text.align     0x080050bc        0x4
                0x080050c0                . = ALIGN (0x8)
 *fill*         0x080050bc        0x4 
                0x080050c0                __text_end__ = .
                0x080050c0                __exidx_start = .

.ARM.exidx      0x080050c0        0x8
 *(.ARM.exidx* .gnu.linkonce.armexidx.*)
 .ARM.exidx     0x080050c0        0x8 C:\Users\hp\AppData\Local\Temp\arduino\sketches\4A332D675326253D499D77B2F67D8AF1\core\wirish\start.S.o
                0x080050c8                __exidx_end = .

.data           0x20000000     0x1140 load address 0x080050c8
                0x20000000                __data_start__ = .
                0x20000000        0x4 LONG 0x0
                0x20000008                . = ALIGN (0x8)
 *fill*         0x20000004        0x4 
 *(.got.plt)
 *(.got)
 *(.data .data.* .gnu.linkonce.d.*)
 .data.media    0x20000008      0x220 C:\Users\hp\AppData\Local\Temp\arduino\sketches\4A332D675326253D499D77B2F67D8AF1\sketch\usb_keyboard_v0.3.ino.cpp.o
                0x20000008                media
 .data.Fn_pressed
                0x20000228        0x1 C:\Users\hp\AppData\Local\Temp\arduino\sketches\4A332D675326253D499D77B2F67D8AF1\sketch\usb_keyboard_v0.3.ino.cpp.o
                0x20000228                Fn_pressed
 *fill*         0x20000229        0x3 
 .data.old_key  0x2000022c       0x88 C:\Users\hp\AppData\Local\Temp\arduino\sketches\4A332D675326253D499D77B2F67D8AF1\sketch\usb_keyboard_v0.3.ino.cpp.o
                0x2000022c                old_key
 .data.Row_IO   0x200002b4       0x44 C:\Users\hp\AppData\Local\Temp\arduino\sketches\4A332D675326253D499D77B2F67D8AF1\sketch\usb_keyboard_v0.3.ino.cpp.o
                0x200002b4                Row_IO
 .data.modifier
                0x200002f8      0x220 C:\Users\hp\AppData\Local\Temp\arduino\sketches\4A332D675326253D499D77B2F67D8AF1\sketch\usb_keyboard_v0.3.ino.cpp.o
                0x200002f8                modifier
 .data.normal   0x20000518      0x220 C:\Users\hp\AppData\Local\Temp\arduino\sketches\4A332D675326253D499D77B2F67D8AF1\sketch\usb_keyboard_v0.3.ino.cpp.o
                0x20000518                normal
 .data.Col_IO   0x20000738       0x20 C:\Users\hp\AppData\Local\Temp\arduino\sketches\4A332D675326253D499D77B2F67D8AF1\sketch\usb_keyboard_v0.3.ino.cpp.o
                0x20000738                Col_IO
 .data.hidReportConsumer
                0x20000758        0x4 C:\Users\hp\AppData\Local\Temp\arduino\sketches\4A332D675326253D499D77B2F67D8AF1\libraries\USBComposite\HIDReports.cpp.o
                0x20000758                hidReportConsumer
 .data._ZL12raw_Consumer
                0x2000075c       0x1c C:\Users\hp\AppData\Local\Temp\arduino\sketches\4A332D675326253D499D77B2F67D8AF1\libraries\USBComposite\HIDReports.cpp.o
 .data.hidReportKeyboard
                0x20000778        0x4 C:\Users\hp\AppData\Local\Temp\arduino\sketches\4A332D675326253D499D77B2F67D8AF1\libraries\USBComposite\HIDReports.cpp.o
                0x20000778                hidReportKeyboard
 .data._ZL12raw_Keyboard
                0x2000077c       0x3c C:\Users\hp\AppData\Local\Temp\arduino\sketches\4A332D675326253D499D77B2F67D8AF1\libraries\USBComposite\HIDReports.cpp.o
 .data.string_descriptor_buffer
                0x200007b8       0x98 C:\Users\hp\AppData\Local\Temp\arduino\sketches\4A332D675326253D499D77B2F67D8AF1\libraries\USBComposite\usb_generic.c.o
 .data.Config_Descriptor
                0x20000850        0x8 C:\Users\hp\AppData\Local\Temp\arduino\sketches\4A332D675326253D499D77B2F67D8AF1\libraries\USBComposite\usb_generic.c.o
 .data.Device_Descriptor
                0x20000858        0x8 C:\Users\hp\AppData\Local\Temp\arduino\sketches\4A332D675326253D499D77B2F67D8AF1\libraries\USBComposite\usb_generic.c.o
 .data.my_Device_Table
                0x20000860        0x4 C:\Users\hp\AppData\Local\Temp\arduino\sketches\4A332D675326253D499D77B2F67D8AF1\libraries\USBComposite\usb_generic.c.o
 .data.usbGenericDescriptor_Device
                0x20000864       0x14 C:\Users\hp\AppData\Local\Temp\arduino\sketches\4A332D675326253D499D77B2F67D8AF1\libraries\USBComposite\usb_generic.c.o
 .data.disconnect_delay
                0x20000878        0x4 C:\Users\hp\AppData\Local\Temp\arduino\sketches\4A332D675326253D499D77B2F67D8AF1\libraries\USBComposite\usb_generic.c.o
 .data.String_Descriptor
                0x2000087c       0x20 C:\Users\hp\AppData\Local\Temp\arduino\sketches\4A332D675326253D499D77B2F67D8AF1\libraries\USBComposite\usb_generic.c.o
 .data.numStringDescriptors
                0x2000089c        0x1 C:\Users\hp\AppData\Local\Temp\arduino\sketches\4A332D675326253D499D77B2F67D8AF1\libraries\USBComposite\usb_generic.c.o
 *fill*         0x2000089d        0x3 
 .data.generic_string_descriptor
                0x200008a0        0x8 C:\Users\hp\AppData\Local\Temp\arduino\sketches\4A332D675326253D499D77B2F67D8AF1\libraries\USBComposite\usb_generic.c.o
 .data.epTypes  0x200008a8        0x8 C:\Users\hp\AppData\Local\Temp\arduino\sketches\4A332D675326253D499D77B2F67D8AF1\libraries\USBComposite\usb_generic.c.o
                0x200008a8                epTypes
 .data.usbHIDPart
                0x200008b0       0x2c C:\Users\hp\AppData\Local\Temp\arduino\sketches\4A332D675326253D499D77B2F67D8AF1\libraries\USBComposite\usb_hid.c.o
                0x200008b0                usbHIDPart
 .data.hidEndpoints
                0x200008dc        0xc C:\Users\hp\AppData\Local\Temp\arduino\sketches\4A332D675326253D499D77B2F67D8AF1\libraries\USBComposite\usb_hid.c.o
 .data.txEPSize
                0x200008e8        0x4 C:\Users\hp\AppData\Local\Temp\arduino\sketches\4A332D675326253D499D77B2F67D8AF1\libraries\USBComposite\usb_hid.c.o
 .data.HID_Hid_Descriptor
                0x200008ec        0x8 C:\Users\hp\AppData\Local\Temp\arduino\sketches\4A332D675326253D499D77B2F67D8AF1\libraries\USBComposite\usb_hid.c.o
 .data._ZN6wirish4privL8pll_dataE
                0x200008f4        0x4 C:\Users\hp\AppData\Local\Temp\arduino\sketches\4A332D675326253D499D77B2F67D8AF1\core\wirish\boards_setup.cpp.o
 .data._ZN6wirish4priv9w_adc_smpE
                0x200008f8        0x1 C:\Users\hp\AppData\Local\Temp\arduino\sketches\4A332D675326253D499D77B2F67D8AF1\core\wirish\boards_setup.cpp.o
                0x200008f8                wirish::priv::w_adc_smp
 *fill*         0x200008f9        0x1 
 .data._ZN6wirish4priv9w_adc_preE
                0x200008fa        0x2 C:\Users\hp\AppData\Local\Temp\arduino\sketches\4A332D675326253D499D77B2F67D8AF1\core\wirish\boards_setup.cpp.o
                0x200008fa                wirish::priv::w_adc_pre
 .data._ZN6wirish4priv15w_board_pll_cfgE
                0x200008fc        0x8 C:\Users\hp\AppData\Local\Temp\arduino\sketches\4A332D675326253D499D77B2F67D8AF1\core\wirish\boards_setup.cpp.o
                0x200008fc                wirish::priv::w_board_pll_cfg
 .data.adc2     0x20000904        0x8 C:\Users\hp\AppData\Local\Temp\arduino\cores\a9119d465712ab722e1faba262e6ea75\core.a(adc_f1.c.o)
                0x20000904                adc2
 .data.adc1     0x2000090c       0x18 C:\Users\hp\AppData\Local\Temp\arduino\cores\a9119d465712ab722e1faba262e6ea75\core.a(adc_f1.c.o)
                0x2000090c                adc1
 .data.ADC2     0x20000924        0x4 C:\Users\hp\AppData\Local\Temp\arduino\cores\a9119d465712ab722e1faba262e6ea75\core.a(adc_f1.c.o)
                0x20000924                ADC2
 .data.ADC1     0x20000928        0x4 C:\Users\hp\AppData\Local\Temp\arduino\cores\a9119d465712ab722e1faba262e6ea75\core.a(adc_f1.c.o)
                0x20000928                ADC1
 .data.dma1     0x2000092c       0x40 C:\Users\hp\AppData\Local\Temp\arduino\cores\a9119d465712ab722e1faba262e6ea75\core.a(dma_f1.c.o)
 .data.DMA1     0x2000096c        0x4 C:\Users\hp\AppData\Local\Temp\arduino\cores\a9119d465712ab722e1faba262e6ea75\core.a(dma_f1.c.o)
                0x2000096c                DMA1
 .data.gpioa    0x20000970        0x8 C:\Users\hp\AppData\Local\Temp\arduino\cores\a9119d465712ab722e1faba262e6ea75\core.a(gpio_f1.c.o)
                0x20000970                gpioa
 .data.gpiob    0x20000978        0x8 C:\Users\hp\AppData\Local\Temp\arduino\cores\a9119d465712ab722e1faba262e6ea75\core.a(gpio_f1.c.o)
                0x20000978                gpiob
 .data.gpioc    0x20000980        0x8 C:\Users\hp\AppData\Local\Temp\arduino\cores\a9119d465712ab722e1faba262e6ea75\core.a(gpio_f1.c.o)
                0x20000980                gpioc
 .data.gpiod    0x20000988        0x8 C:\Users\hp\AppData\Local\Temp\arduino\cores\a9119d465712ab722e1faba262e6ea75\core.a(gpio_f1.c.o)
                0x20000988                gpiod
 .data.i2c1     0x20000990       0x38 C:\Users\hp\AppData\Local\Temp\arduino\cores\a9119d465712ab722e1faba262e6ea75\core.a(i2c_f1.c.o)
 .data.i2c2     0x200009c8       0x38 C:\Users\hp\AppData\Local\Temp\arduino\cores\a9119d465712ab722e1faba262e6ea75\core.a(i2c_f1.c.o)
 .data.enable_regs.4411
                0x20000a00        0xc C:\Users\hp\AppData\Local\Temp\arduino\cores\a9119d465712ab722e1faba262e6ea75\core.a(rcc_f1.c.o)
 .data.reset_regs.4415
                0x20000a0c        0x8 C:\Users\hp\AppData\Local\Temp\arduino\cores\a9119d465712ab722e1faba262e6ea75\core.a(rcc_f1.c.o)
 .data.enable_regs.4424
                0x20000a14        0xc C:\Users\hp\AppData\Local\Temp\arduino\cores\a9119d465712ab722e1faba262e6ea75\core.a(rcc_f1.c.o)
 .data.timer3   0x20000a20       0x24 C:\Users\hp\AppData\Local\Temp\arduino\cores\a9119d465712ab722e1faba262e6ea75\core.a(timer.c.o)
                0x20000a20                timer3
 .data.timer4   0x20000a44       0x24 C:\Users\hp\AppData\Local\Temp\arduino\cores\a9119d465712ab722e1faba262e6ea75\core.a(timer.c.o)
                0x20000a44                timer4
 .data.timer1   0x20000a68       0x28 C:\Users\hp\AppData\Local\Temp\arduino\cores\a9119d465712ab722e1faba262e6ea75\core.a(timer.c.o)
                0x20000a68                timer1
 .data.timer2   0x20000a90       0x24 C:\Users\hp\AppData\Local\Temp\arduino\cores\a9119d465712ab722e1faba262e6ea75\core.a(timer.c.o)
                0x20000a90                timer2
 .data.USART1   0x20000ab4        0x4 C:\Users\hp\AppData\Local\Temp\arduino\cores\a9119d465712ab722e1faba262e6ea75\core.a(usart_f1.c.o)
                0x20000ab4                USART1
 .data.USART2   0x20000ab8        0x4 C:\Users\hp\AppData\Local\Temp\arduino\cores\a9119d465712ab722e1faba262e6ea75\core.a(usart_f1.c.o)
                0x20000ab8                USART2
 .data.USART3   0x20000abc        0x4 C:\Users\hp\AppData\Local\Temp\arduino\cores\a9119d465712ab722e1faba262e6ea75\core.a(usart_f1.c.o)
                0x20000abc                USART3
 .data.usart1   0x20000ac0       0x94 C:\Users\hp\AppData\Local\Temp\arduino\cores\a9119d465712ab722e1faba262e6ea75\core.a(usart_f1.c.o)
 .data.usart2   0x20000b54       0x94 C:\Users\hp\AppData\Local\Temp\arduino\cores\a9119d465712ab722e1faba262e6ea75\core.a(usart_f1.c.o)
 .data.usart3   0x20000be8       0x94 C:\Users\hp\AppData\Local\Temp\arduino\cores\a9119d465712ab722e1faba262e6ea75\core.a(usart_f1.c.o)
 .data.USBLIB   0x20000c7c        0x4 C:\Users\hp\AppData\Local\Temp\arduino\cores\a9119d465712ab722e1faba262e6ea75\core.a(usb.c.o)
                0x20000c7c                USBLIB
 .data.usblib   0x20000c80       0x10 C:\Users\hp\AppData\Local\Temp\arduino\cores\a9119d465712ab722e1faba262e6ea75\core.a(usb.c.o)
 .data.Device_Property
                0x20000c90       0x30 C:\Users\hp\AppData\Local\Temp\arduino\cores\a9119d465712ab722e1faba262e6ea75\core.a(usb_cdcacm.c.o)
                0x20000c90                Device_Property
 .data.String_Descriptor
                0x20000cc0       0x18 C:\Users\hp\AppData\Local\Temp\arduino\cores\a9119d465712ab722e1faba262e6ea75\core.a(usb_cdcacm.c.o)
 .data.Config_Descriptor
                0x20000cd8        0x8 C:\Users\hp\AppData\Local\Temp\arduino\cores\a9119d465712ab722e1faba262e6ea75\core.a(usb_cdcacm.c.o)
 .data.line_coding
                0x20000ce0        0x8 C:\Users\hp\AppData\Local\Temp\arduino\cores\a9119d465712ab722e1faba262e6ea75\core.a(usb_cdcacm.c.o)
 .data.User_Standard_Requests
                0x20000ce8       0x24 C:\Users\hp\AppData\Local\Temp\arduino\cores\a9119d465712ab722e1faba262e6ea75\core.a(usb_cdcacm.c.o)
                0x20000ce8                User_Standard_Requests
 .data.Device_Descriptor
                0x20000d0c        0x8 C:\Users\hp\AppData\Local\Temp\arduino\cores\a9119d465712ab722e1faba262e6ea75\core.a(usb_cdcacm.c.o)
 .data.Device_Table
                0x20000d14        0x4 C:\Users\hp\AppData\Local\Temp\arduino\cores\a9119d465712ab722e1faba262e6ea75\core.a(usb_cdcacm.c.o)
                0x20000d14                Device_Table
 .data.impure_data
                0x20000d18      0x428 c:/users/hp/appdata/local/arduino15/packages/arduino/tools/arm-none-eabi-gcc/4.8.3-2014q1/bin/../lib/gcc/arm-none-eabi/4.8.3/../../../../arm-none-eabi/lib/armv7-m\libc.a(lib_a-impure.o)
                0x20001140                . = ALIGN (0x8)
                0x20001140                __data_end__ = .

.jcr            0x20001140        0x0 load address 0x08006208
 .jcr           0x20001140        0x0 c:/users/hp/appdata/local/arduino15/packages/arduino/tools/arm-none-eabi-gcc/4.8.3-2014q1/bin/../lib/gcc/arm-none-eabi/4.8.3/armv7-m/crtbegin.o

.igot.plt       0x20001140        0x0 load address 0x08006208
 .igot.plt      0x00000000        0x0 c:/users/hp/appdata/local/arduino15/packages/arduino/tools/arm-none-eabi-gcc/4.8.3-2014q1/bin/../lib/gcc/arm-none-eabi/4.8.3/armv7-m/crtbegin.o

.rodata         0x08006208      0x61c
 *(.rodata .rodata.* .gnu.linkonce.r.*)
 .rodata._ZL17reportDescription
                0x08006208       0x54 C:\Users\hp\AppData\Local\Temp\arduino\sketches\4A332D675326253D499D77B2F67D8AF1\sketch\usb_keyboard_v0.3.ino.cpp.o
 .rodata._ZL13desc_Keyboard
                0x0800625c        0x8 C:\Users\hp\AppData\Local\Temp\arduino\sketches\4A332D675326253D499D77B2F67D8AF1\libraries\USBComposite\HIDReports.cpp.o
 .rodata._ZL13desc_Consumer
                0x08006264        0x8 C:\Users\hp\AppData\Local\Temp\arduino\sketches\4A332D675326253D499D77B2F67D8AF1\libraries\USBComposite\HIDReports.cpp.o
 .rodata._ZL12ascii_to_hid
                0x0800626c       0x80 C:\Users\hp\AppData\Local\Temp\arduino\sketches\4A332D675326253D499D77B2F67D8AF1\libraries\USBComposite\Keyboard.cpp.o
 *fill*         0x080062ec        0x4 
 .rodata._ZTV11HIDKeyboard
                0x080062f0       0x20 C:\Users\hp\AppData\Local\Temp\arduino\sketches\4A332D675326253D499D77B2F67D8AF1\libraries\USBComposite\Keyboard.cpp.o
                0x080062f0                vtable for HIDKeyboard
 .rodata.DEFAULT_PRODUCT
                0x08006310        0x8 C:\Users\hp\AppData\Local\Temp\arduino\sketches\4A332D675326253D499D77B2F67D8AF1\libraries\USBComposite\usb_generic.c.o
                0x08006310                DEFAULT_PRODUCT
 .rodata.Base_Header
                0x08006318        0xc C:\Users\hp\AppData\Local\Temp\arduino\sketches\4A332D675326253D499D77B2F67D8AF1\libraries\USBComposite\usb_generic.c.o
 .rodata.my_User_Standard_Requests
                0x08006324       0x24 C:\Users\hp\AppData\Local\Temp\arduino\sketches\4A332D675326253D499D77B2F67D8AF1\libraries\USBComposite\usb_generic.c.o
 .rodata.DEFAULT_MANUFACTURER
                0x08006348        0xc C:\Users\hp\AppData\Local\Temp\arduino\sketches\4A332D675326253D499D77B2F67D8AF1\libraries\USBComposite\usb_generic.c.o
                0x08006348                DEFAULT_MANUFACTURER
 .rodata.my_Device_Property
                0x08006354       0x30 C:\Users\hp\AppData\Local\Temp\arduino\sketches\4A332D675326253D499D77B2F67D8AF1\libraries\USBComposite\usb_generic.c.o
 .rodata.usb_LangID
                0x08006384        0x4 C:\Users\hp\AppData\Local\Temp\arduino\sketches\4A332D675326253D499D77B2F67D8AF1\libraries\USBComposite\usb_generic.c.o
 .rodata.hidPartConfigData
                0x08006388       0x1c C:\Users\hp\AppData\Local\Temp\arduino\sketches\4A332D675326253D499D77B2F67D8AF1\libraries\USBComposite\usb_hid.c.o
 .rodata.PIN_MAP
                0x080063a4      0x310 C:\Users\hp\AppData\Local\Temp\arduino\sketches\4A332D675326253D499D77B2F67D8AF1\core\board.cpp.o
                0x080063a4                PIN_MAP
 *fill*         0x080066b4        0x4 
 .rodata._ZTV14HardwareSerial
                0x080066b8       0x28 C:\Users\hp\AppData\Local\Temp\arduino\cores\a9119d465712ab722e1faba262e6ea75\core.a(HardwareSerial.cpp.o)
                0x080066b8                vtable for HardwareSerial
 .rodata._ZTV5Print
                0x080066e0       0x18 C:\Users\hp\AppData\Local\Temp\arduino\cores\a9119d465712ab722e1faba262e6ea75\core.a(Print.cpp.o)
                0x080066e0                vtable for Print
 .rodata.GPIOA  0x080066f8        0x4 C:\Users\hp\AppData\Local\Temp\arduino\cores\a9119d465712ab722e1faba262e6ea75\core.a(gpio_f1.c.o)
                0x080066f8                GPIOA
 .rodata.GPIOB  0x080066fc        0x4 C:\Users\hp\AppData\Local\Temp\arduino\cores\a9119d465712ab722e1faba262e6ea75\core.a(gpio_f1.c.o)
                0x080066fc                GPIOB
 .rodata.rcc_dev_table
                0x08006700       0x5c C:\Users\hp\AppData\Local\Temp\arduino\cores\a9119d465712ab722e1faba262e6ea75\core.a(rcc_f1.c.o)
                0x08006700                rcc_dev_table
 .rodata.masks.4420
                0x0800675c       0x14 C:\Users\hp\AppData\Local\Temp\arduino\cores\a9119d465712ab722e1faba262e6ea75\core.a(rcc_f1.c.o)
 .rodata.usbVcomDescriptor_iProduct
                0x08006770        0xc C:\Users\hp\AppData\Local\Temp\arduino\cores\a9119d465712ab722e1faba262e6ea75\core.a(usb_cdcacm.c.o)
 .rodata.usbVcomDescriptor_iManufacturer
                0x0800677c       0x14 C:\Users\hp\AppData\Local\Temp\arduino\cores\a9119d465712ab722e1faba262e6ea75\core.a(usb_cdcacm.c.o)
 .rodata.usbVcomDescriptor_Device
                0x08006790       0x14 C:\Users\hp\AppData\Local\Temp\arduino\cores\a9119d465712ab722e1faba262e6ea75\core.a(usb_cdcacm.c.o)
 .rodata.usbVcomDescriptor_Config
                0x080067a4       0x44 C:\Users\hp\AppData\Local\Temp\arduino\cores\a9119d465712ab722e1faba262e6ea75\core.a(usb_cdcacm.c.o)
 .rodata.usbVcomDescriptor_LangID
                0x080067e8        0x4 C:\Users\hp\AppData\Local\Temp\arduino\cores\a9119d465712ab722e1faba262e6ea75\core.a(usb_cdcacm.c.o)
 *fill*         0x080067ec        0x4 
 .rodata._ZTV9USBSerial
                0x080067f0       0x28 C:\Users\hp\AppData\Local\Temp\arduino\cores\a9119d465712ab722e1faba262e6ea75\core.a(usb_serial.cpp.o)
                0x080067f0                vtable for USBSerial
 .rodata.str1.4
                0x08006818        0x4 c:/users/hp/appdata/local/arduino15/packages/arduino/tools/arm-none-eabi-gcc/4.8.3-2014q1/bin/../lib/gcc/arm-none-eabi/4.8.3/../../../../arm-none-eabi/lib/armv7-m\libc.a(lib_a-impure.o)
 .rodata._global_impure_ptr
                0x0800681c        0x4 c:/users/hp/appdata/local/arduino15/packages/arduino/tools/arm-none-eabi-gcc/4.8.3-2014q1/bin/../lib/gcc/arm-none-eabi/4.8.3/../../../../arm-none-eabi/lib/armv7-m\libc.a(lib_a-impure.o)
                0x0800681c                _global_impure_ptr
 *(.USER_FLASH)
                0x08006820                . = ALIGN (0x4)
                0x08006820                _lm_rom_img_cfgp = .
                0x08006820        0x4 LONG 0x80050c8 LOADADDR (.data)
                0x200019a0                _lm_heap_start = DEFINED (_lm_heap_start)?_lm_heap_start:_end
                0x20005000                _lm_heap_end = DEFINED (_lm_heap_end)?_lm_heap_end:__msp_init

.rel.dyn        0x08006824        0x0
 .rel.iplt      0x00000000        0x0 c:/users/hp/appdata/local/arduino15/packages/arduino/tools/arm-none-eabi-gcc/4.8.3-2014q1/bin/../lib/gcc/arm-none-eabi/4.8.3/armv7-m/crtbegin.o

.bss            0x20001140      0x860
                0x20001140                . = ALIGN (0x8)
                0x20001140                __bss_start__ = .
 *(.bss .bss.* .gnu.linkonce.b.*)
 .bss           0x20001140       0x1c c:/users/hp/appdata/local/arduino15/packages/arduino/tools/arm-none-eabi-gcc/4.8.3-2014q1/bin/../lib/gcc/arm-none-eabi/4.8.3/armv7-m/crtbegin.o
 .bss.mod_alt_r
                0x2000115c        0x4 C:\Users\hp\AppData\Local\Temp\arduino\sketches\4A332D675326253D499D77B2F67D8AF1\sketch\usb_keyboard_v0.3.ino.cpp.o
                0x2000115c                mod_alt_r
 .bss.Consumer  0x20001160       0x44 C:\Users\hp\AppData\Local\Temp\arduino\sketches\4A332D675326253D499D77B2F67D8AF1\sketch\usb_keyboard_v0.3.ino.cpp.o
                0x20001160                Consumer
 .bss.slot2     0x200011a4        0x4 C:\Users\hp\AppData\Local\Temp\arduino\sketches\4A332D675326253D499D77B2F67D8AF1\sketch\usb_keyboard_v0.3.ino.cpp.o
                0x200011a4                slot2
 .bss.mod_gui   0x200011a8        0x4 C:\Users\hp\AppData\Local\Temp\arduino\sketches\4A332D675326253D499D77B2F67D8AF1\sketch\usb_keyboard_v0.3.ino.cpp.o
                0x200011a8                mod_gui
 .bss.slot1     0x200011ac        0x4 C:\Users\hp\AppData\Local\Temp\arduino\sketches\4A332D675326253D499D77B2F67D8AF1\sketch\usb_keyboard_v0.3.ino.cpp.o
                0x200011ac                slot1
 .bss.mod_shift_l
                0x200011b0        0x4 C:\Users\hp\AppData\Local\Temp\arduino\sketches\4A332D675326253D499D77B2F67D8AF1\sketch\usb_keyboard_v0.3.ino.cpp.o
                0x200011b0                mod_shift_l
 .bss.slot3     0x200011b4        0x4 C:\Users\hp\AppData\Local\Temp\arduino\sketches\4A332D675326253D499D77B2F67D8AF1\sketch\usb_keyboard_v0.3.ino.cpp.o
                0x200011b4                slot3
 .bss.slot4     0x200011b8        0x4 C:\Users\hp\AppData\Local\Temp\arduino\sketches\4A332D675326253D499D77B2F67D8AF1\sketch\usb_keyboard_v0.3.ino.cpp.o
                0x200011b8                slot4
 .bss.slot5     0x200011bc        0x4 C:\Users\hp\AppData\Local\Temp\arduino\sketches\4A332D675326253D499D77B2F67D8AF1\sketch\usb_keyboard_v0.3.ino.cpp.o
                0x200011bc                slot5
 .bss.slot6     0x200011c0        0x4 C:\Users\hp\AppData\Local\Temp\arduino\sketches\4A332D675326253D499D77B2F67D8AF1\sketch\usb_keyboard_v0.3.ino.cpp.o
                0x200011c0                slot6
 .bss.HID       0x200011c4       0x1c C:\Users\hp\AppData\Local\Temp\arduino\sketches\4A332D675326253D499D77B2F67D8AF1\sketch\usb_keyboard_v0.3.ino.cpp.o
                0x200011c4                HID
 .bss.mod_shift_r
                0x200011e0        0x4 C:\Users\hp\AppData\Local\Temp\arduino\sketches\4A332D675326253D499D77B2F67D8AF1\sketch\usb_keyboard_v0.3.ino.cpp.o
                0x200011e0                mod_shift_r
 .bss.slots_full