Archive member included because of file (symbol)

C:\Users\hp\AppData\Local\Temp\arduino\cores\23c3f8b5ebc389b616464b47bbe0ea13\core.a(HardwareSerial.cpp.o)
                              C:\Users\hp\AppData\Local\Temp\arduino\sketches\BF235838F9AD6845FAC0745D755FB0CD\core\board.cpp.o (HardwareSerial::HardwareSerial(usart_dev*, unsigned char, unsigned char))
C:\Users\hp\AppData\Local\Temp\arduino\cores\23c3f8b5ebc389b616464b47bbe0ea13\core.a(Print.cpp.o)
                              C:\Users\hp\AppData\Local\Temp\arduino\sketches\BF235838F9AD6845FAC0745D755FB0CD\libraries\USBComposite\Keyboard.cpp.o (Print::write(void const*, unsigned long))
C:\Users\hp\AppData\Local\Temp\arduino\cores\23c3f8b5ebc389b616464b47bbe0ea13\core.a(cxxabi-compat.cpp.o)
                              C:\Users\hp\AppData\Local\Temp\arduino\cores\23c3f8b5ebc389b616464b47bbe0ea13\core.a(HardwareSerial.cpp.o) (__cxa_pure_virtual)
C:\Users\hp\AppData\Local\Temp\arduino\cores\23c3f8b5ebc389b616464b47bbe0ea13\core.a(adc.c.o)
                              C:\Users\hp\AppData\Local\Temp\arduino\sketches\BF235838F9AD6845FAC0745D755FB0CD\core\wirish\boards.cpp.o (adc_set_sample_rate)
C:\Users\hp\AppData\Local\Temp\arduino\cores\23c3f8b5ebc389b616464b47bbe0ea13\core.a(adc_f1.c.o)
                              (__irq_adc)
C:\Users\hp\AppData\Local\Temp\arduino\cores\23c3f8b5ebc389b616464b47bbe0ea13\core.a(dma_f1.c.o)
                              (__irq_dma1_channel1)
C:\Users\hp\AppData\Local\Temp\arduino\cores\23c3f8b5ebc389b616464b47bbe0ea13\core.a(exc.S.o)
                              (__exc_nmi)
C:\Users\hp\AppData\Local\Temp\arduino\cores\23c3f8b5ebc389b616464b47bbe0ea13\core.a(exti.c.o)
                              (__irq_exti0)
C:\Users\hp\AppData\Local\Temp\arduino\cores\23c3f8b5ebc389b616464b47bbe0ea13\core.a(exti_f1.c.o)
                              C:\Users\hp\AppData\Local\Temp\arduino\cores\23c3f8b5ebc389b616464b47bbe0ea13\core.a(exti.c.o) (exti_select)
C:\Users\hp\AppData\Local\Temp\arduino\cores\23c3f8b5ebc389b616464b47bbe0ea13\core.a(flash.c.o)
                              C:\Users\hp\AppData\Local\Temp\arduino\sketches\BF235838F9AD6845FAC0745D755FB0CD\core\wirish\boards.cpp.o (flash_set_latency)
C:\Users\hp\AppData\Local\Temp\arduino\cores\23c3f8b5ebc389b616464b47bbe0ea13\core.a(gpio_f1.c.o)
                              C:\Users\hp\AppData\Local\Temp\arduino\sketches\BF235838F9AD6845FAC0745D755FB0CD\core\wirish\boards_setup.cpp.o (gpio_init_all)
C:\Users\hp\AppData\Local\Temp\arduino\cores\23c3f8b5ebc389b616464b47bbe0ea13\core.a(i2c_f1.c.o)
                              (__irq_i2c1_ev)
C:\Users\hp\AppData\Local\Temp\arduino\cores\23c3f8b5ebc389b616464b47bbe0ea13\core.a(iwdg.c.o)
                              C:\Users\hp\AppData\Local\Temp\arduino\sketches\BF235838F9AD6845FAC0745D755FB0CD\libraries\USBComposite\USBCompositeSerial.cpp.o (iwdg_init)
C:\Users\hp\AppData\Local\Temp\arduino\cores\23c3f8b5ebc389b616464b47bbe0ea13\core.a(nvic.c.o)
                              C:\Users\hp\AppData\Local\Temp\arduino\cores\23c3f8b5ebc389b616464b47bbe0ea13\core.a(i2c_f1.c.o) (nvic_irq_set_priority)
C:\Users\hp\AppData\Local\Temp\arduino\cores\23c3f8b5ebc389b616464b47bbe0ea13\core.a(rcc.c.o)
                              C:\Users\hp\AppData\Local\Temp\arduino\sketches\BF235838F9AD6845FAC0745D755FB0CD\core\wirish\boards.cpp.o (rcc_switch_sysclk)
C:\Users\hp\AppData\Local\Temp\arduino\cores\23c3f8b5ebc389b616464b47bbe0ea13\core.a(rcc_f1.c.o)
                              C:\Users\hp\AppData\Local\Temp\arduino\sketches\BF235838F9AD6845FAC0745D755FB0CD\core\wirish\boards.cpp.o (rcc_configure_pll)
C:\Users\hp\AppData\Local\Temp\arduino\cores\23c3f8b5ebc389b616464b47bbe0ea13\core.a(isrs.S.o)
                              (__stm32reservedexception7)
C:\Users\hp\AppData\Local\Temp\arduino\cores\23c3f8b5ebc389b616464b47bbe0ea13\core.a(vector_table.S.o)
                              (__stm32_vector_table)
C:\Users\hp\AppData\Local\Temp\arduino\cores\23c3f8b5ebc389b616464b47bbe0ea13\core.a(systick.c.o)
                              C:\Users\hp\AppData\Local\Temp\arduino\sketches\BF235838F9AD6845FAC0745D755FB0CD\core\wirish\boards.cpp.o (systick_init)
C:\Users\hp\AppData\Local\Temp\arduino\cores\23c3f8b5ebc389b616464b47bbe0ea13\core.a(timer.c.o)
                              C:\Users\hp\AppData\Local\Temp\arduino\sketches\BF235838F9AD6845FAC0745D755FB0CD\core\wirish\boards.cpp.o (timer_foreach)
C:\Users\hp\AppData\Local\Temp\arduino\cores\23c3f8b5ebc389b616464b47bbe0ea13\core.a(usart.c.o)
                              C:\Users\hp\AppData\Local\Temp\arduino\cores\23c3f8b5ebc389b616464b47bbe0ea13\core.a(HardwareSerial.cpp.o) (usart_init)
C:\Users\hp\AppData\Local\Temp\arduino\cores\23c3f8b5ebc389b616464b47bbe0ea13\core.a(usart_f1.c.o)
                              C:\Users\hp\AppData\Local\Temp\arduino\cores\23c3f8b5ebc389b616464b47bbe0ea13\core.a(HardwareSerial.cpp.o) (usart_config_gpios_async)
[...]
Memory Configuration

Name             Origin             Length             Attributes
ram              0x20000000         0x00005000         xrw
rom              0x08002000         0x0001e000         xr
*default*        0x00000000         0xffffffff

Linker script and memory map

LOAD c:/users/hp/appdata/local/arduino15/packages/arduino/tools/arm-none-eabi-gcc/4.8.3-2014q1/bin/../lib/gcc/arm-none-eabi/4.8.3/armv7-m/crti.o
LOAD c:/users/hp/appdata/local/arduino15/packages/arduino/tools/arm-none-eabi-gcc/4.8.3-2014q1/bin/../lib/gcc/arm-none-eabi/4.8.3/armv7-m/crtbegin.o
LOAD c:/users/hp/appdata/local/arduino15/packages/arduino/tools/arm-none-eabi-gcc/4.8.3-2014q1/bin/../lib/gcc/arm-none-eabi/4.8.3/../../../../arm-none-eabi/lib/armv7-m/crt0.o
LOAD c:/users/hp/appdata/local/arduino15/packages/arduino/tools/arm-none-eabi-gcc/4.8.3-2014q1/bin/../lib/gcc/arm-none-eabi/4.8.3/armv7-m\libgcc.a
START GROUP
LOAD C:\Users\hp\AppData\Local\Temp\arduino\sketches\BF235838F9AD6845FAC0745D755FB0CD\sketch\Usb_keyboard_v0.0.ino.cpp.o
LOAD C:\Users\hp\AppData\Local\Temp\arduino\sketches\BF235838F9AD6845FAC0745D755FB0CD\libraries\USBComposite\AbsMouse.cpp.o
LOAD C:\Users\hp\AppData\Local\Temp\arduino\sketches\BF235838F9AD6845FAC0745D755FB0CD\libraries\USBComposite\Consumer.cpp.o
LOAD C:\Users\hp\AppData\Local\Temp\arduino\sketches\BF235838F9AD6845FAC0745D755FB0CD\libraries\USBComposite\Digitizer.cpp.o
LOAD C:\Users\hp\AppData\Local\Temp\arduino\sketches\BF235838F9AD6845FAC0745D755FB0CD\libraries\USBComposite\HIDReports.cpp.o
LOAD C:\Users\hp\AppData\Local\Temp\arduino\sketches\BF235838F9AD6845FAC0745D755FB0CD\libraries\USBComposite\Joystick.cpp.o
LOAD C:\Users\hp\AppData\Local\Temp\arduino\sketches\BF235838F9AD6845FAC0745D755FB0CD\libraries\USBComposite\Keyboard.cpp.o
LOAD C:\Users\hp\AppData\Local\Temp\arduino\sketches\BF235838F9AD6845FAC0745D755FB0CD\libraries\USBComposite\MinSysex.c.o
LOAD C:\Users\hp\AppData\Local\Temp\arduino\sketches\BF235838F9AD6845FAC0745D755FB0CD\libraries\USBComposite\Mouse.cpp.o
LOAD C:\Users\hp\AppData\Local\Temp\arduino\sketches\BF235838F9AD6845FAC0745D755FB0CD\libraries\USBComposite\USBAudio.cpp.o
LOAD C:\Users\hp\AppData\Local\Temp\arduino\sketches\BF235838F9AD6845FAC0745D755FB0CD\libraries\USBComposite\USBComposite.cpp.o
LOAD C:\Users\hp\AppData\Local\Temp\arduino\sketches\BF235838F9AD6845FAC0745D755FB0CD\libraries\USBComposite\USBCompositeSerial.cpp.o
LOAD C:\Users\hp\AppData\Local\Temp\arduino\sketches\BF235838F9AD6845FAC0745D755FB0CD\libraries\USBComposite\USBHID.cpp.o
LOAD C:\Users\hp\AppData\Local\Temp\arduino\sketches\BF235838F9AD6845FAC0745D755FB0CD\libraries\USBComposite\USBMIDI.cpp.o
LOAD C:\Users\hp\AppData\Local\Temp\arduino\sketches\BF235838F9AD6845FAC0745D755FB0CD\libraries\USBComposite\USBMassStorage.cpp.o
LOAD C:\Users\hp\AppData\Local\Temp\arduino\sketches\BF235838F9AD6845FAC0745D755FB0CD\libraries\USBComposite\USBMultiSerial.cpp.o
LOAD C:\Users\hp\AppData\Local\Temp\arduino\sketches\BF235838F9AD6845FAC0745D755FB0CD\libraries\USBComposite\USBMultiXBox360.cpp.o
LOAD C:\Users\hp\AppData\Local\Temp\arduino\sketches\BF235838F9AD6845FAC0745D755FB0CD\libraries\USBComposite\USBXBox360Reporter.cpp.o
LOAD C:\Users\hp\AppData\Local\Temp\arduino\sketches\BF235838F9AD6845FAC0745D755FB0CD\libraries\USBComposite\USBXBox360W.cpp.o
LOAD C:\Users\hp\AppData\Local\Temp\arduino\sketches\BF235838F9AD6845FAC0745D755FB0CD\libraries\USBComposite\usb_audio.c.o
LOAD C:\Users\hp\AppData\Local\Temp\arduino\sketches\BF235838F9AD6845FAC0745D755FB0CD\libraries\USBComposite\usb_composite_serial.c.o
LOAD C:\Users\hp\AppData\Local\Temp\arduino\sketches\BF235838F9AD6845FAC0745D755FB0CD\libraries\USBComposite\usb_generic.c.o
LOAD C:\Users\hp\AppData\Local\Temp\arduino\sketches\BF235838F9AD6845FAC0745D755FB0CD\libraries\USBComposite\usb_hid.c.o
LOAD C:\Users\hp\AppData\Local\Temp\arduino\sketches\BF235838F9AD6845FAC0745D755FB0CD\libraries\USBComposite\usb_mass.c.o
LOAD C:\Users\hp\AppData\Local\Temp\arduino\sketches\BF235838F9AD6845FAC0745D755FB0CD\libraries\USBComposite\usb_mass_mal.c.o
LOAD C:\Users\hp\AppData\Local\Temp\arduino\sketches\BF235838F9AD6845FAC0745D755FB0CD\libraries\USBComposite\usb_midi_device.c.o
LOAD C:\Users\hp\AppData\Local\Temp\arduino\sketches\BF235838F9AD6845FAC0745D755FB0CD\libraries\USBComposite\usb_multi_serial.c.o
LOAD C:\Users\hp\AppData\Local\Temp\arduino\sketches\BF235838F9AD6845FAC0745D755FB0CD\libraries\USBComposite\usb_multi_x360.c.o
LOAD C:\Users\hp\AppData\Local\Temp\arduino\sketches\BF235838F9AD6845FAC0745D755FB0CD\libraries\USBComposite\usb_scsi.c.o
LOAD C:\Users\hp\AppData\Local\Temp\arduino\sketches\BF235838F9AD6845FAC0745D755FB0CD\libraries\USBComposite\usb_scsi_data.c.o
LOAD C:\Users\hp\AppData\Local\Temp\arduino\sketches\BF235838F9AD6845FAC0745D755FB0CD\libraries\USBComposite\usb_setup.cpp.o
LOAD C:\Users\hp\AppData\Local\Temp\arduino\sketches\BF235838F9AD6845FAC0745D755FB0CD\libraries\USBComposite\usb_x360_generic.c.o
LOAD C:\Users\hp\AppData\Local\Temp\arduino\sketches\BF235838F9AD6845FAC0745D755FB0CD\libraries\USBComposite\usb_x360w.c.o
LOAD C:\Users\hp\AppData\Local\Temp\arduino\sketches\BF235838F9AD6845FAC0745D755FB0CD\core\board.cpp.o
LOAD C:\Users\hp\AppData\Local\Temp\arduino\sketches\BF235838F9AD6845FAC0745D755FB0CD\core\wirish\boards.cpp.o
LOAD C:\Users\hp\AppData\Local\Temp\arduino\sketches\BF235838F9AD6845FAC0745D755FB0CD\core\wirish\boards_setup.cpp.o
LOAD C:\Users\hp\AppData\Local\Temp\arduino\sketches\BF235838F9AD6845FAC0745D755FB0CD\core\wirish\start.S.o
LOAD C:\Users\hp\AppData\Local\Temp\arduino\sketches\BF235838F9AD6845FAC0745D755FB0CD\core\wirish\start_c.c.o
LOAD C:\Users\hp\AppData\Local\Temp\arduino\sketches\BF235838F9AD6845FAC0745D755FB0CD\core\wirish\syscalls.c.o
LOAD C:\Users\hp\AppData\Local\Temp\arduino\cores\23c3f8b5ebc389b616464b47bbe0ea13\core.a
END GROUP
LOAD c:/users/hp/appdata/local/arduino15/packages/arduino/tools/arm-none-eabi-gcc/4.8.3-2014q1/bin/../lib/gcc/arm-none-eabi/4.8.3/../../../../arm-none-eabi/lib/armv7-m\libstdc++_s.a
LOAD c:/users/hp/appdata/local/arduino15/packages/arduino/tools/arm-none-eabi-gcc/4.8.3-2014q1/bin/../lib/gcc/arm-none-eabi/4.8.3/../../../../arm-none-eabi/lib/armv7-m\libm.a
START GROUP
LOAD c:/users/hp/appdata/local/arduino15/packages/arduino/tools/arm-none-eabi-gcc/4.8.3-2014q1/bin/../lib/gcc/arm-none-eabi/4.8.3/armv7-m\libgcc.a
LOAD c:/users/hp/appdata/local/arduino15/packages/arduino/tools/arm-none-eabi-gcc/4.8.3-2014q1/bin/../lib/gcc/arm-none-eabi/4.8.3/../../../../arm-none-eabi/lib/armv7-m\libc_s.a
END GROUP
START GROUP
LOAD c:/users/hp/appdata/local/arduino15/packages/arduino/tools/arm-none-eabi-gcc/4.8.3-2014q1/bin/../lib/gcc/arm-none-eabi/4.8.3/armv7-m\libgcc.a
LOAD c:/users/hp/appdata/local/arduino15/packages/arduino/tools/arm-none-eabi-gcc/4.8.3-2014q1/bin/../lib/gcc/arm-none-eabi/4.8.3/../../../../arm-none-eabi/lib/armv7-m\libc_s.a
END GROUP
LOAD c:/users/hp/appdata/local/arduino15/packages/arduino/tools/arm-none-eabi-gcc/4.8.3-2014q1/bin/../lib/gcc/arm-none-eabi/4.8.3/armv7-m/crtend.o
LOAD c:/users/hp/appdata/local/arduino15/packages/arduino/tools/arm-none-eabi-gcc/4.8.3-2014q1/bin/../lib/gcc/arm-none-eabi/4.8.3/armv7-m/crtn.o
START GROUP
LOAD c:/users/hp/appdata/local/arduino15/packages/arduino/tools/arm-none-eabi-gcc/4.8.3-2014q1/bin/../lib/gcc/arm-none-eabi/4.8.3/armv7-m\libgcc.a
LOAD c:/users/hp/appdata/local/arduino15/packages/arduino/tools/arm-none-eabi-gcc/4.8.3-2014q1/bin/../lib/gcc/arm-none-eabi/4.8.3/../../../../arm-none-eabi/lib/armv7-m\libc.a
LOAD c:/users/hp/appdata/local/arduino15/packages/arduino/tools/arm-none-eabi-gcc/4.8.3-2014q1/bin/../lib/gcc/arm-none-eabi/4.8.3/../../../../arm-none-eabi/lib/armv7-m\libm.a
END GROUP
START GROUP
LOAD c:/users/hp/appdata/local/arduino15/packages/arduino/tools/arm-none-eabi-gcc/4.8.3-2014q1/bin/../lib/gcc/arm-none-eabi/4.8.3/../../../../arm-none-eabi/lib/armv7-m\libnosys.a
END GROUP
                0x20005000                PROVIDE (__msp_init, (ORIGIN (ram) + 0x5000))
                0x08003b1c                PROVIDE (__exc_reset, __start__)

.text           0x08002000     0x3fc4
                0x08002000                __text_start__ = .
 *(.stm32.interrupt_vector)
 .stm32.interrupt_vector
                0x08002000       0xec C:\Users\hp\AppData\Local\Temp\arduino\cores\23c3f8b5ebc389b616464b47bbe0ea13\core.a(vector_table.S.o)
                0x08002000                __stm32_vector_table
 *(.text .text.* .gnu.linkonce.t.*)
 .text          0x080020ec       0x54 c:/users/hp/appdata/local/arduino15/packages/arduino/tools/arm-none-eabi-gcc/4.8.3-2014q1/bin/../lib/gcc/arm-none-eabi/4.8.3/armv7-m/crtbegin.o
 .text._Z4go_zi
                0x08002140       0x18 C:\Users\hp\AppData\Local\Temp\arduino\sketches\BF235838F9AD6845FAC0745D755FB0CD\sketch\Usb_keyboard_v0.0.ino.cpp.o
                0x08002140                go_z(int)
 .text._Z5go_pui
                0x08002158       0x18 C:\Users\hp\AppData\Local\Temp\arduino\sketches\BF235838F9AD6845FAC0745D755FB0CD\sketch\Usb_keyboard_v0.0.ino.cpp.o
                0x08002158                go_pu(int)
 .text._Z4go_0i
                0x08002170       0x18 C:\Users\hp\AppData\Local\Temp\arduino\sketches\BF235838F9AD6845FAC0745D755FB0CD\sketch\Usb_keyboard_v0.0.ino.cpp.o
                0x08002170                go_0(int)
 .text._Z4go_1i
                0x08002188       0x18 C:\Users\hp\AppData\Local\Temp\arduino\sketches\BF235838F9AD6845FAC0745D755FB0CD\sketch\Usb_keyboard_v0.0.ino.cpp.o
                0x08002188                go_1(int)
 .text._Z5setupv
                0x080021a0       0xb0 C:\Users\hp\AppData\Local\Temp\arduino\sketches\BF235838F9AD6845FAC0745D755FB0CD\sketch\Usb_keyboard_v0.0.ino.cpp.o
                0x080021a0                setup()
 .text._Z8load_modi
                0x08002250       0x64 C:\Users\hp\AppData\Local\Temp\arduino\sketches\BF235838F9AD6845FAC0745D755FB0CD\sketch\Usb_keyboard_v0.0.ino.cpp.o
                0x08002250                load_mod(int)
 .text._Z9clear_modi
                0x080022b4       0x70 C:\Users\hp\AppData\Local\Temp\arduino\sketches\BF235838F9AD6845FAC0745D755FB0CD\sketch\Usb_keyboard_v0.0.ino.cpp.o
                0x080022b4                clear_mod(int)
 .text._Z9load_sloti
                0x08002324       0x84 C:\Users\hp\AppData\Local\Temp\arduino\sketches\BF235838F9AD6845FAC0745D755FB0CD\sketch\Usb_keyboard_v0.0.ino.cpp.o
                0x08002324                load_slot(int)
 .text._Z10clear_sloti
                0x080023a8       0x94 C:\Users\hp\AppData\Local\Temp\arduino\sketches\BF235838F9AD6845FAC0745D755FB0CD\sketch\Usb_keyboard_v0.0.ino.cpp.o
                0x080023a8                clear_slot(int)
 .text._Z4loopv
                0x0800243c      0x278 C:\Users\hp\AppData\Local\Temp\arduino\sketches\BF235838F9AD6845FAC0745D755FB0CD\sketch\Usb_keyboard_v0.0.ino.cpp.o
                0x0800243c                loop()
 .text.startup._GLOBAL__sub_I_modifiers
                0x080026b4       0xa4 C:\Users\hp\AppData\Local\Temp\arduino\sketches\BF235838F9AD6845FAC0745D755FB0CD\sketch\Usb_keyboard_v0.0.ino.cpp.o
 .text._ZN11HIDConsumer5pressEt
                0x08002758        0x8 C:\Users\hp\AppData\Local\Temp\arduino\sketches\BF235838F9AD6845FAC0745D755FB0CD\libraries\USBComposite\Consumer.cpp.o
                0x08002758                HIDConsumer::press(unsigned short)
 .text._ZN11HIDConsumer7releaseEv
                0x08002760        0xc C:\Users\hp\AppData\Local\Temp\arduino\sketches\BF235838F9AD6845FAC0745D755FB0CD\libraries\USBComposite\Consumer.cpp.o
                0x08002760                HIDConsumer::release()
 .text._ZN11HIDKeyboard10releaseAllEv
                0x0800276c       0x20 C:\Users\hp\AppData\Local\Temp\arduino\sketches\BF235838F9AD6845FAC0745D755FB0CD\libraries\USBComposite\Keyboard.cpp.o
                0x0800276c                HIDKeyboard::releaseAll()
 .text._ZN11HIDKeyboard5writeEh
                0x0800278c       0x1c C:\Users\hp\AppData\Local\Temp\arduino\sketches\BF235838F9AD6845FAC0745D755FB0CD\libraries\USBComposite\Keyboard.cpp.o
                0x0800278c                HIDKeyboard::write(unsigned char)
 .text._ZN11HIDKeyboard10getKeyCodeEhPh
                0x080027a8       0x68 C:\Users\hp\AppData\Local\Temp\arduino\sketches\BF235838F9AD6845FAC0745D755FB0CD\libraries\USBComposite\Keyboard.cpp.o
                0x080027a8                HIDKeyboard::getKeyCode(unsigned char, unsigned char*)
 .text._ZN11HIDKeyboard5pressEh
                0x08002810       0x5e C:\Users\hp\AppData\Local\Temp\arduino\sketches\BF235838F9AD6845FAC0745D755FB0CD\libraries\USBComposite\Keyboard.cpp.o
                0x08002810                HIDKeyboard::press(unsigned char)
 .text._ZN11HIDKeyboard7releaseEh
                0x0800286e       0x4e C:\Users\hp\AppData\Local\Temp\arduino\sketches\BF235838F9AD6845FAC0745D755FB0CD\libraries\USBComposite\Keyboard.cpp.o
                0x0800286e                HIDKeyboard::release(unsigned char)
 .text._ZN18USBCompositeDeviceC2Ev
                0x080028bc       0x14 C:\Users\hp\AppData\Local\Temp\arduino\sketches\BF235838F9AD6845FAC0745D755FB0CD\libraries\USBComposite\USBComposite.cpp.o
                0x080028bc                USBCompositeDevice::USBCompositeDevice()
                0x080028bc                USBCompositeDevice::USBCompositeDevice()
 .text._ZN18USBCompositeDevice5beginEv
                0x080028d0       0x54 C:\Users\hp\AppData\Local\Temp\arduino\sketches\BF235838F9AD6845FAC0745D755FB0CD\libraries\USBComposite\USBComposite.cpp.o
                0x080028d0                USBCompositeDevice::begin()
 .text._ZN18USBCompositeDevice5clearEv
                0x08002924        0x6 C:\Users\hp\AppData\Local\Temp\arduino\sketches\BF235838F9AD6845FAC0745D755FB0CD\libraries\USBComposite\USBComposite.cpp.o
                0x08002924                USBCompositeDevice::clear()
 .text._ZN18USBCompositeDevice3addEP16USBCompositePartPvPFbS2_EPFvS2_E
                0x0800292a       0x4a C:\Users\hp\AppData\Local\Temp\arduino\sketches\BF235838F9AD6845FAC0745D755FB0CD\libraries\USBComposite\USBComposite.cpp.o
                0x0800292a                USBCompositeDevice::add(USBCompositePart*, void*, bool (*)(void*), void (*)(void*))
 .text.startup._GLOBAL__sub_I__Z17getDeviceIDStringv
                0x08002974        0xc C:\Users\hp\AppData\Local\Temp\arduino\sketches\BF235838F9AD6845FAC0745D755FB0CD\libraries\USBComposite\USBComposite.cpp.o
 .text._ZN6USBHID4initEPS_
                0x08002980       0x54 C:\Users\hp\AppData\Local\Temp\arduino\sketches\BF235838F9AD6845FAC0745D755FB0CD\libraries\USBComposite\USBHID.cpp.o
                0x08002980                USBHID::init(USBHID*)
 .text._ZN6USBHID17registerComponentEv
                0x080029d4       0x24 C:\Users\hp\AppData\Local\Temp\arduino\sketches\BF235838F9AD6845FAC0745D755FB0CD\libraries\USBComposite\USBHID.cpp.o
                0x080029d4                USBHID::registerComponent()
 .text._ZN6USBHID9addReportEP11HIDReporterb
                0x080029f8       0x5a C:\Users\hp\AppData\Local\Temp\arduino\sketches\BF235838F9AD6845FAC0745D755FB0CD\libraries\USBComposite\USBHID.cpp.o
                0x080029f8                USBHID::addReport(HIDReporter*, bool)
 *fill*         0x08002a52        0x2 
 .text._ZN6USBHID5beginEPKht
                0x08002a54       0x2c C:\Users\hp\AppData\Local\Temp\arduino\sketches\BF235838F9AD6845FAC0745D755FB0CD\libraries\USBComposite\USBHID.cpp.o
                0x08002a54                USBHID::begin(unsigned char const*, unsigned short)
 .text._ZN11HIDReporter10sendReportEv
                0x08002a80       0x22 C:\Users\hp\AppData\Local\Temp\arduino\sketches\BF235838F9AD6845FAC0745D755FB0CD\libraries\USBComposite\USBHID.cpp.o
                0x08002a80                HIDReporter::sendReport()
 .text._ZN11HIDReporter15registerProfileEb
                0x08002aa2       0x7a C:\Users\hp\AppData\Local\Temp\arduino\sketches\BF235838F9AD6845FAC0745D755FB0CD\libraries\USBComposite\USBHID.cpp.o
                0x08002aa2                HIDReporter::registerProfile(bool)
 .text._ZN11HIDReporterC2ER6USBHIDPK19HIDReportDescriptorPhjhb
                0x08002b1c       0x5a C:\Users\hp\AppData\Local\Temp\arduino\sketches\BF235838F9AD6845FAC0745D755FB0CD\libraries\USBComposite\USBHID.cpp.o
                0x08002b1c                HIDReporter::HIDReporter(USBHID&, HIDReportDescriptor const*, unsigned char*, unsigned int, unsigned char, bool)
                0x08002b1c                HIDReporter::HIDReporter(USBHID&, HIDReportDescriptor const*, unsigned char*, unsigned int, unsigned char, bool)
 .text.usb_set_ep_tx_stat
                0x08002b76       0x22 C:\Users\hp\AppData\Local\Temp\arduino\sketches\BF235838F9AD6845FAC0745D755FB0CD\libraries\USBComposite\usb_generic.c.o
 .text.control_data_tx
                0x08002b98       0x40 C:\Users\hp\AppData\Local\Temp\arduino\sketches\BF235838F9AD6845FAC0745D755FB0CD\libraries\USBComposite\usb_generic.c.o
 .text.control_data_rx
                0x08002bd8       0x54 C:\Users\hp\AppData\Local\Temp\arduino\sketches\BF235838F9AD6845FAC0745D755FB0CD\libraries\USBComposite\usb_generic.c.o
 .text.usbDataSetup
                0x08002c2c       0x6c C:\Users\hp\AppData\Local\Temp\arduino\sketches\BF235838F9AD6845FAC0745D755FB0CD\libraries\USBComposite\usb_generic.c.o
 .text.usbNoDataSetup
                0x08002c98       0x68 C:\Users\hp\AppData\Local\Temp\arduino\sketches\BF235838F9AD6845FAC0745D755FB0CD\libraries\USBComposite\usb_generic.c.o
 .text.usbSetConfiguration
                0x08002d00       0x40 C:\Users\hp\AppData\Local\Temp\arduino\sketches\BF235838F9AD6845FAC0745D755FB0CD\libraries\USBComposite\usb_generic.c.o
 .text.usbClearFeature
                0x08002d40       0x28 C:\Users\hp\AppData\Local\Temp\arduino\sketches\BF235838F9AD6845FAC0745D755FB0CD\libraries\USBComposite\usb_generic.c.o
 .text.usbSetDeviceAddress
                0x08002d68       0x10 C:\Users\hp\AppData\Local\Temp\arduino\sketches\BF235838F9AD6845FAC0745D755FB0CD\libraries\USBComposite\usb_generic.c.o
 .text.usbGetInterfaceSetting
                0x08002d78       0x1c C:\Users\hp\AppData\Local\Temp\arduino\sketches\BF235838F9AD6845FAC0745D755FB0CD\libraries\USBComposite\usb_generic.c.o
 .text.usbGetStringDescriptor
                0x08002d94       0x64 C:\Users\hp\AppData\Local\Temp\arduino\sketches\BF235838F9AD6845FAC0745D755FB0CD\libraries\USBComposite\usb_generic.c.o
 .text.usbGetConfigDescriptor
                0x08002df8        0xc C:\Users\hp\AppData\Local\Temp\arduino\sketches\BF235838F9AD6845FAC0745D755FB0CD\libraries\USBComposite\usb_generic.c.o
 .text.usbGetDeviceDescriptor
                0x08002e04        0xc C:\Users\hp\AppData\Local\Temp\arduino\sketches\BF235838F9AD6845FAC0745D755FB0CD\libraries\USBComposite\usb_generic.c.o
 .text.usbInit  0x08002e10       0x70 C:\Users\hp\AppData\Local\Temp\arduino\sketches\BF235838F9AD6845FAC0745D755FB0CD\libraries\USBComposite\usb_generic.c.o
 .text.usb_ep_tx_count_ptr
                0x08002e80       0x18 C:\Users\hp\AppData\Local\Temp\arduino\sketches\BF235838F9AD6845FAC0745D755FB0CD\libraries\USBComposite\usb_generic.c.o
 .text.usbReset
                0x08002e98      0x254 C:\Users\hp\AppData\Local\Temp\arduino\sketches\BF235838F9AD6845FAC0745D755FB0CD\libraries\USBComposite\usb_generic.c.o
 .text.usb_generic_set_parts
                0x080030ec      0x254 C:\Users\hp\AppData\Local\Temp\arduino\sketches\BF235838F9AD6845FAC0745D755FB0CD\libraries\USBComposite\usb_generic.c.o
                0x080030ec                usb_generic_set_parts
 .text.usb_generic_set_info
                0x08003340       0x6c C:\Users\hp\AppData\Local\Temp\arduino\sketches\BF235838F9AD6845FAC0745D755FB0CD\libraries\USBComposite\usb_generic.c.o
                0x08003340                usb_generic_set_info
 .text.usb_generic_enable
                0x080033ac       0xe0 C:\Users\hp\AppData\Local\Temp\arduino\sketches\BF235838F9AD6845FAC0745D755FB0CD\libraries\USBComposite\usb_generic.c.o
                0x080033ac                usb_generic_enable
 .text.usb_generic_control_tx_setup
                0x0800348c       0x30 C:\Users\hp\AppData\Local\Temp\arduino\sketches\BF235838F9AD6845FAC0745D755FB0CD\libraries\USBComposite\usb_generic.c.o
                0x0800348c                usb_generic_control_tx_setup
 .text.usb_generic_chunks_length
                0x080034bc       0x10 C:\Users\hp\AppData\Local\Temp\arduino\sketches\BF235838F9AD6845FAC0745D755FB0CD\libraries\USBComposite\usb_generic.c.o
                0x080034bc                usb_generic_chunks_length
 .text.control_data_chunk_tx
                0x080034cc       0x88 C:\Users\hp\AppData\Local\Temp\arduino\sketches\BF235838F9AD6845FAC0745D755FB0CD\libraries\USBComposite\usb_generic.c.o
 .text.usb_generic_control_tx_chunk_setup
                0x08003554       0x20 C:\Users\hp\AppData\Local\Temp\arduino\sketches\BF235838F9AD6845FAC0745D755FB0CD\libraries\USBComposite\usb_generic.c.o
                0x08003554                usb_generic_control_tx_chunk_setup
 .text.usb_generic_control_rx_setup
                0x08003574       0x30 C:\Users\hp\AppData\Local\Temp\arduino\sketches\BF235838F9AD6845FAC0745D755FB0CD\libraries\USBComposite\usb_generic.c.o
                0x08003574                usb_generic_control_rx_setup
 .text.usb_generic_control_descriptor_tx
                0x080035a4        0xc C:\Users\hp\AppData\Local\Temp\arduino\sketches\BF235838F9AD6845FAC0745D755FB0CD\libraries\USBComposite\usb_generic.c.o
                0x080035a4                usb_generic_control_descriptor_tx
 .text.usb_generic_send_from_circular_buffer
                0x080035b0       0x94 C:\Users\hp\AppData\Local\Temp\arduino\sketches\BF235838F9AD6845FAC0745D755FB0CD\libraries\USBComposite\usb_generic.c.o
                0x080035b0                usb_generic_send_from_circular_buffer
 .text.usb_hid_find_buffer
                0x08003644       0x38 C:\Users\hp\AppData\Local\Temp\arduino\sketches\BF235838F9AD6845FAC0745D755FB0CD\libraries\USBComposite\usb_hid.c.o
 .text.hidUSBReset
                0x0800367c       0x20 C:\Users\hp\AppData\Local\Temp\arduino\sketches\BF235838F9AD6845FAC0745D755FB0CD\libraries\USBComposite\usb_hid.c.o
 .text.hidDataTxCb
                0x0800369c       0x34 C:\Users\hp\AppData\Local\Temp\arduino\sketches\BF235838F9AD6845FAC0745D755FB0CD\libraries\USBComposite\usb_hid.c.o
 .text.hidUSBDataSetup
                0x080036d0       0xac C:\Users\hp\AppData\Local\Temp\arduino\sketches\BF235838F9AD6845FAC0745D755FB0CD\libraries\USBComposite\usb_hid.c.o
 .text.getHIDPartDescriptor
                0x0800377c       0x5c C:\Users\hp\AppData\Local\Temp\arduino\sketches\BF235838F9AD6845FAC0745D755FB0CD\libraries\USBComposite\usb_hid.c.o
 .text.hidUSBNoDataSetup
                0x080037d8       0x1c C:\Users\hp\AppData\Local\Temp\arduino\sketches\BF235838F9AD6845FAC0745D755FB0CD\libraries\USBComposite\usb_hid.c.o
 .text.usb_hid_setTXEPSize
                0x080037f4       0x1c C:\Users\hp\AppData\Local\Temp\arduino\sketches\BF235838F9AD6845FAC0745D755FB0CD\libraries\USBComposite\usb_hid.c.o
                0x080037f4                usb_hid_setTXEPSize
 .text.usb_hid_set_report_descriptor
                0x08003810        0xc C:\Users\hp\AppData\Local\Temp\arduino\sketches\BF235838F9AD6845FAC0745D755FB0CD\libraries\USBComposite\usb_hid.c.o
                0x08003810                usb_hid_set_report_descriptor
 .text.usb_hid_clear_buffers
                0x0800381c       0x30 C:\Users\hp\AppData\Local\Temp\arduino\sketches\BF235838F9AD6845FAC0745D755FB0CD\libraries\USBComposite\usb_hid.c.o
                0x0800381c                usb_hid_clear_buffers
 .text.usb_hid_clear
                0x0800384c       0x1c C:\Users\hp\AppData\Local\Temp\arduino\sketches\BF235838F9AD6845FAC0745D755FB0CD\libraries\USBComposite\usb_hid.c.o
 .text.usb_hid_tx
                0x08003868       0x68 C:\Users\hp\AppData\Local\Temp\arduino\sketches\BF235838F9AD6845FAC0745D755FB0CD\libraries\USBComposite\usb_hid.c.o
                0x08003868                usb_hid_tx
 .text._ZN6wirish4priv15board_setup_usbEv
                0x080038d0       0x4c C:\Users\hp\AppData\Local\Temp\arduino\sketches\BF235838F9AD6845FAC0745D755FB0CD\libraries\USBComposite\usb_setup.cpp.o
                0x080038d0                wirish::priv::board_setup_usb()
 .text._Z9boardInitv
                0x0800391c        0x4 C:\Users\hp\AppData\Local\Temp\arduino\sketches\BF235838F9AD6845FAC0745D755FB0CD\core\board.cpp.o
                0x0800391c                boardInit()
 .text.startup._GLOBAL__sub_I__Z9boardInitv
                0x08003920       0x48 C:\Users\hp\AppData\Local\Temp\arduino\sketches\BF235838F9AD6845FAC0745D755FB0CD\core\board.cpp.o
 .text._ZL18adc_default_configP7adc_dev
                0x08003968       0x1c C:\Users\hp\AppData\Local\Temp\arduino\sketches\BF235838F9AD6845FAC0745D755FB0CD\core\wirish\boards.cpp.o
 .text._ZL20timer_default_configP9timer_dev
                0x08003984       0x9e C:\Users\hp\AppData\Local\Temp\arduino\sketches\BF235838F9AD6845FAC0745D755FB0CD\core\wirish\boards.cpp.o
 *fill*         0x08003a22        0x2 
 .text._Z4initv
                0x08003a24       0xbc C:\Users\hp\AppData\Local\Temp\arduino\sketches\BF235838F9AD6845FAC0745D755FB0CD\core\wirish\boards.cpp.o
                0x08003a24                init()
 .text._ZN6wirish4priv15board_reset_pllEv
                0x08003ae0        0x2 C:\Users\hp\AppData\Local\Temp\arduino\sketches\BF235838F9AD6845FAC0745D755FB0CD\core\wirish\boards_setup.cpp.o
                0x08003ae0                wirish::priv::board_reset_pll()
 .text._ZN6wirish4priv28board_setup_clock_prescalersEv
                0x08003ae2       0x30 C:\Users\hp\AppData\Local\Temp\arduino\sketches\BF235838F9AD6845FAC0745D755FB0CD\core\wirish\boards_setup.cpp.o
                0x08003ae2                wirish::priv::board_setup_clock_prescalers()
 .text._ZN6wirish4priv16board_setup_gpioEv
                0x08003b12        0x4 C:\Users\hp\AppData\Local\Temp\arduino\sketches\BF235838F9AD6845FAC0745D755FB0CD\core\wirish\boards_setup.cpp.o
                0x08003b12                wirish::priv::board_setup_gpio()
 .text._ZN6wirish4priv11series_initEv
                0x08003b16        0x4 C:\Users\hp\AppData\Local\Temp\arduino\sketches\BF235838F9AD6845FAC0745D755FB0CD\core\wirish\boards_setup.cpp.o
                0x08003b16                wirish::priv::series_init()
 *fill*         0x08003b1a        0x2 
 .text          0x08003b1c       0x10 C:\Users\hp\AppData\Local\Temp\arduino\sketches\BF235838F9AD6845FAC0745D755FB0CD\core\wirish\start.S.o
                0x08003b1c                __start__
 .text.start_c  0x08003b2c       0x64 C:\Users\hp\AppData\Local\Temp\arduino\sketches\BF235838F9AD6845FAC0745D755FB0CD\core\wirish\start_c.c.o
                0x08003b2c                start_c
 .text._exit    0x08003b90        0x2 C:\Users\hp\AppData\Local\Temp\arduino\sketches\BF235838F9AD6845FAC0745D755FB0CD\core\wirish\syscalls.c.o
                0x08003b90                _exit
 .text.rb_full_count
                0x08003b92       0x22 C:\Users\hp\AppData\Local\Temp\arduino\cores\23c3f8b5ebc389b616464b47bbe0ea13\core.a(HardwareSerial.cpp.o)
 .text._ZN14HardwareSerial4readEv
                0x08003bb4       0x3a C:\Users\hp\AppData\Local\Temp\arduino\cores\23c3f8b5ebc389b616464b47bbe0ea13\core.a(HardwareSerial.cpp.o)
                0x08003bb4                HardwareSerial::read()
 .text._ZN14HardwareSerial9availableEv
                0x08003bee        0xc C:\Users\hp\AppData\Local\Temp\arduino\cores\23c3f8b5ebc389b616464b47bbe0ea13\core.a(HardwareSerial.cpp.o)
                0x08003bee                HardwareSerial::available()
 .text._ZN14HardwareSerial4peekEv
                0x08003bfa       0x22 C:\Users\hp\AppData\Local\Temp\arduino\cores\23c3f8b5ebc389b616464b47bbe0ea13\core.a(HardwareSerial.cpp.o)
                0x08003bfa                HardwareSerial::peek()
 .text._ZN14HardwareSerial5flushEv
                0x08003c1c       0x1a C:\Users\hp\AppData\Local\Temp\arduino\cores\23c3f8b5ebc389b616464b47bbe0ea13\core.a(HardwareSerial.cpp.o)
                0x08003c1c                HardwareSerial::flush()
 .text._ZN14HardwareSerial5writeEh
                0x08003c36       0x1e C:\Users\hp\AppData\Local\Temp\arduino\cores\23c3f8b5ebc389b616464b47bbe0ea13\core.a(HardwareSerial.cpp.o)
                0x08003c36                HardwareSerial::write(unsigned char)
 .text._ZN14HardwareSerialC2EP9usart_devhh
                0x08003c54       0x1c C:\Users\hp\AppData\Local\Temp\arduino\cores\23c3f8b5ebc389b616464b47bbe0ea13\core.a(HardwareSerial.cpp.o)
                0x08003c54                HardwareSerial::HardwareSerial(usart_dev*, unsigned char, unsigned char)
                0x08003c54                HardwareSerial::HardwareSerial(usart_dev*, unsigned char, unsigned char)
 .text._ZN5Print5writeEPKvm
                0x08003c70       0x20 C:\Users\hp\AppData\Local\Temp\arduino\cores\23c3f8b5ebc389b616464b47bbe0ea13\core.a(Print.cpp.o)
                0x08003c70                Print::write(void const*, unsigned long)
 .text._ZN5Print5writeEPKc
                0x08003c90       0x1e C:\Users\hp\AppData\Local\Temp\arduino\cores\23c3f8b5ebc389b616464b47bbe0ea13\core.a(Print.cpp.o)
                0x08003c90                Print::write(char const*)
 .text.__cxa_pure_virtual
                0x08003cae        0x2 C:\Users\hp\AppData\Local\Temp\arduino\cores\23c3f8b5ebc389b616464b47bbe0ea13\core.a(cxxabi-compat.cpp.o)
                0x08003cae                __cxa_pure_virtual
 .text.adc_init
                0x08003cb0       0x14 C:\Users\hp\AppData\Local\Temp\arduino\cores\23c3f8b5ebc389b616464b47bbe0ea13\core.a(adc.c.o)
                0x08003cb0                adc_init
 .text.adc_set_extsel
                0x08003cc4       0x12 C:\Users\hp\AppData\Local\Temp\arduino\cores\23c3f8b5ebc389b616464b47bbe0ea13\core.a(adc.c.o)
                0x08003cc4                adc_set_extsel
 .text.adc_set_sample_rate
                0x08003cd6       0x30 C:\Users\hp\AppData\Local\Temp\arduino\cores\23c3f8b5ebc389b616464b47bbe0ea13\core.a(adc.c.o)
                0x08003cd6                adc_set_sample_rate
 *fill*         0x08003d06        0x2 
 .text.__irq_adc
                0x08003d08       0x50 C:\Users\hp\AppData\Local\Temp\arduino\cores\23c3f8b5ebc389b616464b47bbe0ea13\core.a(adc_f1.c.o)
                0x08003d08                __irq_adc
 .text.adc_calibrate
                0x08003d58       0x24 C:\Users\hp\AppData\Local\Temp\arduino\cores\23c3f8b5ebc389b616464b47bbe0ea13\core.a(adc_f1.c.o)
                0x08003d58                adc_calibrate
 .text.adc_set_prescaler
                0x08003d7c        0x8 C:\Users\hp\AppData\Local\Temp\arduino\cores\23c3f8b5ebc389b616464b47bbe0ea13\core.a(adc_f1.c.o)
                0x08003d7c                adc_set_prescaler
 .text.adc_foreach
                0x08003d84       0x1c C:\Users\hp\AppData\Local\Temp\arduino\cores\23c3f8b5ebc389b616464b47bbe0ea13\core.a(adc_f1.c.o)
                0x08003d84                adc_foreach
 .text.adc_enable_single_swstart
                0x08003da0       0x36 C:\Users\hp\AppData\Local\Temp\arduino\cores\23c3f8b5ebc389b616464b47bbe0ea13\core.a(adc_f1.c.o)
                0x08003da0                adc_enable_single_swstart
 .text.dma_irq_handler
                0x08003dd6       0x1c C:\Users\hp\AppData\Local\Temp\arduino\cores\23c3f8b5ebc389b616464b47bbe0ea13\core.a(dma_f1.c.o)
 *fill*         0x08003df2        0x2 
 .text.__irq_dma1_channel1
                0x08003df4       0x10 C:\Users\hp\AppData\Local\Temp\arduino\cores\23c3f8b5ebc389b616464b47bbe0ea13\core.a(dma_f1.c.o)
                0x08003df4                __irq_dma1_channel1
 .text.__irq_dma1_channel2
                0x08003e04       0x10 C:\Users\hp\AppData\Local\Temp\arduino\cores\23c3f8b5ebc389b616464b47bbe0ea13\core.a(dma_f1.c.o)
                0x08003e04                __irq_dma1_channel2
 .text.__irq_dma1_channel3
                0x08003e14       0x10 C:\Users\hp\AppData\Local\Temp\arduino\cores\23c3f8b5ebc389b616464b47bbe0ea13\core.a(dma_f1.c.o)
                0x08003e14                __irq_dma1_channel3
 .text.__irq_dma1_channel4
                0x08003e24       0x10 C:\Users\hp\AppData\Local\Temp\arduino\cores\23c3f8b5ebc389b616464b47bbe0ea13\core.a(dma_f1.c.o)
                0x08003e24                __irq_dma1_channel4
 .text.__irq_dma1_channel5
                0x08003e34       0x10 C:\Users\hp\AppData\Local\Temp\arduino\cores\23c3f8b5ebc389b616464b47bbe0ea13\core.a(dma_f1.c.o)
                0x08003e34                __irq_dma1_channel5
 .text.__irq_dma1_channel6
                0x08003e44       0x10 C:\Users\hp\AppData\Local\Temp\arduino\cores\23c3f8b5ebc389b616464b47bbe0ea13\core.a(dma_f1.c.o)
                0x08003e44                __irq_dma1_channel6
 .text.__irq_dma1_channel7
                0x08003e54       0x10 C:\Users\hp\AppData\Local\Temp\arduino\cores\23c3f8b5ebc389b616464b47bbe0ea13\core.a(dma_f1.c.o)
                0x08003e54                __irq_dma1_channel7
 *fill*         0x08003e64        0xc 
 .text          0x08003e70       0x60 C:\Users\hp\AppData\Local\Temp\arduino\cores\23c3f8b5ebc389b616464b47bbe0ea13\core.a(exc.S.o)
                0x08003e70                __exc_nmi
                0x08003e74                __exc_hardfault
                0x08003e78                __exc_memmanage
                0x08003e7c                __exc_busfault
                0x08003e80                __exc_usagefault
 .text.dispatch_single_exti
                0x08003ed0       0x2c C:\Users\hp\AppData\Local\Temp\arduino\cores\23c3f8b5ebc389b616464b47bbe0ea13\core.a(exti.c.o)
                0x08003ed0                dispatch_single_exti
 .text.dispatch_extis
                0x08003efc       0x4c C:\Users\hp\AppData\Local\Temp\arduino\cores\23c3f8b5ebc389b616464b47bbe0ea13\core.a(exti.c.o)
                0x08003efc                dispatch_extis
 .text.__irq_exti0
                0x08003f48        0x6 C:\Users\hp\AppData\Local\Temp\arduino\cores\23c3f8b5ebc389b616464b47bbe0ea13\core.a(exti.c.o)
                0x08003f48                __irq_exti0
 .text.__irq_exti1
                0x08003f4e        0x6 C:\Users\hp\AppData\Local\Temp\arduino\cores\23c3f8b5ebc389b616464b47bbe0ea13\core.a(exti.c.o)
                0x08003f4e                __irq_exti1
 .text.__irq_exti2
                0x08003f54        0x6 C:\Users\hp\AppData\Local\Temp\arduino\cores\23c3f8b5ebc389b616464b47bbe0ea13\core.a(exti.c.o)
                0x08003f54                __irq_exti2
 .text.__irq_exti3
                0x08003f5a        0x6 C:\Users\hp\AppData\Local\Temp\arduino\cores\23c3f8b5ebc389b616464b47bbe0ea13\core.a(exti.c.o)
                0x08003f5a                __irq_exti3
 .text.__irq_exti4
                0x08003f60        0x6 C:\Users\hp\AppData\Local\Temp\arduino\cores\23c3f8b5ebc389b616464b47bbe0ea13\core.a(exti.c.o)
                0x08003f60                __irq_exti4
 .text.__irq_exti9_5
                0x08003f66        0x8 C:\Users\hp\AppData\Local\Temp\arduino\cores\23c3f8b5ebc389b616464b47bbe0ea13\core.a(exti.c.o)
                0x08003f66                __irq_exti9_5
 .text.__irq_exti15_10
                0x08003f6e        0x8 C:\Users\hp\AppData\Local\Temp\arduino\cores\23c3f8b5ebc389b616464b47bbe0ea13\core.a(exti.c.o)
                0x08003f6e                __irq_exti15_10
 *fill*         0x08003f76        0x2 
 .text.flash_set_latency
                0x08003f78       0x14 C:\Users\hp\AppData\Local\Temp\arduino\cores\23c3f8b5ebc389b616464b47bbe0ea13\core.a(flash.c.o)
                0x08003f78                flash_set_latency
 .text.gpio_init_all
                0x08003f8c       0x30 C:\Users\hp\AppData\Local\Temp\arduino\cores\23c3f8b5ebc389b616464b47bbe0ea13\core.a(gpio_f1.c.o)
                0x08003f8c                gpio_init_all
 .text.gpio_set_mode
                0x08003fbc       0x50 C:\Users\hp\AppData\Local\Temp\arduino\cores\23c3f8b5ebc389b616464b47bbe0ea13\core.a(gpio_f1.c.o)
                0x08003fbc                gpio_set_mode
 .text.afio_init
                0x0800400c       0x12 C:\Users\hp\AppData\Local\Temp\arduino\cores\23c3f8b5ebc389b616464b47bbe0ea13\core.a(gpio_f1.c.o)
                0x0800400c                afio_init
 *fill*         0x0800401e        0x2 
 .text.__irq_i2c1_ev
                0x08004020        0xc C:\Users\hp\AppData\Local\Temp\arduino\cores\23c3f8b5ebc389b616464b47bbe0ea13\core.a(i2c_f1.c.o)
                0x08004020                __irq_i2c1_ev
 .text.__irq_i2c2_ev
                0x0800402c        0xc C:\Users\hp\AppData\Local\Temp\arduino\cores\23c3f8b5ebc389b616464b47bbe0ea13\core.a(i2c_f1.c.o)
                0x0800402c                __irq_i2c2_ev
 .text.__irq_i2c1_er
                0x08004038        0xc C:\Users\hp\AppData\Local\Temp\arduino\cores\23c3f8b5ebc389b616464b47bbe0ea13\core.a(i2c_f1.c.o)
                0x08004038                __irq_i2c1_er
 .text.__irq_i2c2_er
                0x08004044        0xc C:\Users\hp\AppData\Local\Temp\arduino\cores\23c3f8b5ebc389b616464b47bbe0ea13\core.a(i2c_f1.c.o)
                0x08004044                __irq_i2c2_er
 .text.nvic_irq_set_priority
                0x08004050       0x28 C:\Users\hp\AppData\Local\Temp\arduino\cores\23c3f8b5ebc389b616464b47bbe0ea13\core.a(nvic.c.o)
                0x08004050                nvic_irq_set_priority
 .text.nvic_init
                0x08004078       0x30 C:\Users\hp\AppData\Local\Temp\arduino\cores\23c3f8b5ebc389b616464b47bbe0ea13\core.a(nvic.c.o)
                0x08004078                nvic_init
 .text.rcc_dev_clk
                0x080040a8        0xc C:\Users\hp\AppData\Local\Temp\arduino\cores\23c3f8b5ebc389b616464b47bbe0ea13\core.a(rcc.c.o)
                0x080040a8                rcc_dev_clk
 .text.rcc_switch_sysclk
                0x080040b4       0x20 C:\Users\hp\AppData\Local\Temp\arduino\cores\23c3f8b5ebc389b616464b47bbe0ea13\core.a(rcc.c.o)
                0x080040b4                rcc_switch_sysclk
 .text.rcc_turn_on_clk
                0x080040d4       0x1a C:\Users\hp\AppData\Local\Temp\arduino\cores\23c3f8b5ebc389b616464b47bbe0ea13\core.a(rcc.c.o)
                0x080040d4                rcc_turn_on_clk
 .text.rcc_turn_off_clk
                0x080040ee       0x1c C:\Users\hp\AppData\Local\Temp\arduino\cores\23c3f8b5ebc389b616464b47bbe0ea13\core.a(rcc.c.o)
                0x080040ee                rcc_turn_off_clk
 .text.rcc_is_clk_ready
                0x0800410a       0x18 C:\Users\hp\AppData\Local\Temp\arduino\cores\23c3f8b5ebc389b616464b47bbe0ea13\core.a(rcc.c.o)
                0x0800410a                rcc_is_clk_ready
 *fill*         0x08004122        0x2 
 .text.rcc_configure_pll
                0x08004124       0x18 C:\Users\hp\AppData\Local\Temp\arduino\cores\23c3f8b5ebc389b616464b47bbe0ea13\core.a(rcc_f1.c.o)
                0x08004124                rcc_configure_pll
 .text.rcc_clk_enable
                0x0800413c       0x30 C:\Users\hp\AppData\Local\Temp\arduino\cores\23c3f8b5ebc389b616464b47bbe0ea13\core.a(rcc_f1.c.o)
                0x0800413c                rcc_clk_enable
 .text.rcc_reset_dev
                0x0800416c       0x34 C:\Users\hp\AppData\Local\Temp\arduino\cores\23c3f8b5ebc389b616464b47bbe0ea13\core.a(rcc_f1.c.o)
                0x0800416c                rcc_reset_dev
 .text.rcc_set_prescaler
                0x080041a0       0x20 C:\Users\hp\AppData\Local\Temp\arduino\cores\23c3f8b5ebc389b616464b47bbe0ea13\core.a(rcc_f1.c.o)
                0x080041a0                rcc_set_prescaler
 .text.rcc_clk_disable
                0x080041c0       0x30 C:\Users\hp\AppData\Local\Temp\arduino\cores\23c3f8b5ebc389b616464b47bbe0ea13\core.a(rcc_f1.c.o)
                0x080041c0                rcc_clk_disable
 .text          0x080041f0        0x2 C:\Users\hp\AppData\Local\Temp\arduino\cores\23c3f8b5ebc389b616464b47bbe0ea13\core.a(isrs.S.o)
                0x080041f0                __stm32reservedexception9
                0x080041f0                __exc_debug_monitor
                0x080041f0                __exc_svc
                0x080041f0                __irq_can_rx1
                0x080041f0                __irq_spi2
                0x080041f0                __irq_can_sce
                0x080041f0                __irq_pvd
                0x080041f0                __irq_tamper
                0x080041f0                __default_handler
                0x080041f0                __irq_wwdg
                0x080041f0                __stm32reservedexception10
                0x080041f0                __irq_flash
                0x080041f0                __stm32reservedexception13
                0x080041f0                __irq_rtc
                0x080041f0                __irq_spi1
                0x080041f0                __stm32reservedexception7
                0x080041f0                __irq_usb_hp_can_tx
                0x080041f0                __irq_rtcalarm
                0x080041f0                __stm32reservedexception8
                0x080041f0                __exc_pendsv
                0x080041f0                __irq_usbwakeup
                0x080041f0                __irq_rcc
 *fill*         0x080041f2        0x2 
 .text.systick_init
                0x080041f4       0x10 C:\Users\hp\AppData\Local\Temp\arduino\cores\23c3f8b5ebc389b616464b47bbe0ea13\core.a(systick.c.o)
                0x080041f4                systick_init
 .text.__exc_systick
                0x08004204       0x1c C:\Users\hp\AppData\Local\Temp\arduino\cores\23c3f8b5ebc389b616464b47bbe0ea13\core.a(systick.c.o)
                0x08004204                __exc_systick
 .text.timer_oc_set_mode
                0x08004220       0x3a C:\Users\hp\AppData\Local\Temp\arduino\cores\23c3f8b5ebc389b616464b47bbe0ea13\core.a(timer.c.o)
 .text.dispatch_general
                0x0800425a       0x66 C:\Users\hp\AppData\Local\Temp\arduino\cores\23c3f8b5ebc389b616464b47bbe0ea13\core.a(timer.c.o)
 .text.timer_cc_enable
                0x080042c0       0x1c C:\Users\hp\AppData\Local\Temp\arduino\cores\23c3f8b5ebc389b616464b47bbe0ea13\core.a(timer.c.o)
 .text.timer_foreach
                0x080042dc       0x28 C:\Users\hp\AppData\Local\Temp\arduino\cores\23c3f8b5ebc389b616464b47bbe0ea13\core.a(timer.c.o)
                0x080042dc                timer_foreach
 .text.timer_init
                0x08004304       0x14 C:\Users\hp\AppData\Local\Temp\arduino\cores\23c3f8b5ebc389b616464b47bbe0ea13\core.a(timer.c.o)
                0x08004304                timer_init
 .text.timer_has_cc_channel
                0x08004318       0x30 C:\Users\hp\AppData\Local\Temp\arduino\cores\23c3f8b5ebc389b616464b47bbe0ea13\core.a(timer.c.o)
                0x08004318                timer_has_cc_channel
 .text.timer_detach_interrupt
                0x08004348       0x1e C:\Users\hp\AppData\Local\Temp\arduino\cores\23c3f8b5ebc389b616464b47bbe0ea13\core.a(timer.c.o)
                0x08004348                timer_detach_interrupt
 .text.input_capture_mode
                0x08004366       0x1a C:\Users\hp\AppData\Local\Temp\arduino\cores\23c3f8b5ebc389b616464b47bbe0ea13\core.a(timer.c.o)
                0x08004366                input_capture_mode
 .text.timer_set_mode
                0x08004380       0x8c C:\Users\hp\AppData\Local\Temp\arduino\cores\23c3f8b5ebc389b616464b47bbe0ea13\core.a(timer.c.o)
                0x08004380                timer_set_mode
 .text.__irq_tim1_brk
                0x0800440c       0x24 C:\Users\hp\AppData\Local\Temp\arduino\cores\23c3f8b5ebc389b616464b47bbe0ea13\core.a(timer.c.o)
                0x0800440c                __irq_tim1_brk
 .text.__irq_tim1_up
                0x08004430       0x24 C:\Users\hp\AppData\Local\Temp\arduino\cores\23c3f8b5ebc389b616464b47bbe0ea13\core.a(timer.c.o)
                0x08004430                __irq_tim1_up
 .text.__irq_tim1_trg_com
                0x08004454       0x34 C:\Users\hp\AppData\Local\Temp\arduino\cores\23c3f8b5ebc389b616464b47bbe0ea13\core.a(timer.c.o)
                0x08004454                __irq_tim1_trg_com
 .text.__irq_tim1_cc
                0x08004488       0x50 C:\Users\hp\AppData\Local\Temp\arduino\cores\23c3f8b5ebc389b616464b47bbe0ea13\core.a(timer.c.o)
                0x08004488                __irq_tim1_cc
 .text.__irq_tim2
                0x080044d8        0xc C:\Users\hp\AppData\Local\Temp\arduino\cores\23c3f8b5ebc389b616464b47bbe0ea13\core.a(timer.c.o)
                0x080044d8                __irq_tim2
 .text.__irq_tim3
                0x080044e4        0xc C:\Users\hp\AppData\Local\Temp\arduino\cores\23c3f8b5ebc389b616464b47bbe0ea13\core.a(timer.c.o)
                0x080044e4                __irq_tim3
 .text.__irq_tim4
                0x080044f0        0xc C:\Users\hp\AppData\Local\Temp\arduino\cores\23c3f8b5ebc389b616464b47bbe0ea13\core.a(timer.c.o)
                0x080044f0                __irq_tim4
 .text.usart_tx
                0x080044fc       0x9c C:\Users\hp\AppData\Local\Temp\arduino\cores\23c3f8b5ebc389b616464b47bbe0ea13\core.a(usart.c.o)
                0x080044fc                usart_tx
 .text.usart_irq
                0x08004598       0xc8 C:\Users\hp\AppData\Local\Temp\arduino\cores\23c3f8b5ebc389b616464b47bbe0ea13\core.a(usart_f1.c.o)
 .text.__irq_usart1
                0x08004660       0x18 C:\Users\hp\AppData\Local\Temp\arduino\cores\23c3f8b5ebc389b616464b47bbe0ea13\core.a(usart_f1.c.o)
                0x08004660                __irq_usart1
 .text.__irq_usart2
                0x08004678       0x18 C:\Users\hp\AppData\Local\Temp\arduino\cores\23c3f8b5ebc389b616464b47bbe0ea13\core.a(usart_f1.c.o)
                0x08004678                __irq_usart2
 .text.__irq_usart3
                0x08004690       0x18 C:\Users\hp\AppData\Local\Temp\arduino\cores\23c3f8b5ebc389b616464b47bbe0ea13\core.a(usart_f1.c.o)
                0x08004690                __irq_usart3
 .text.usb_resume
                0x080046a8       0xb4 C:\Users\hp\AppData\Local\Temp\arduino\cores\23c3f8b5ebc389b616464b47bbe0ea13\core.a(usb.c.o)
 .text.usb_init_usblib
                0x0800475c       0x48 C:\Users\hp\AppData\Local\Temp\arduino\cores\23c3f8b5ebc389b616464b47bbe0ea13\core.a(usb.c.o)
                0x0800475c                usb_init_usblib
 .text.__irq_usb_lp_can_rx0
                0x080047a4      0x1c8 C:\Users\hp\AppData\Local\Temp\arduino\cores\23c3f8b5ebc389b616464b47bbe0ea13\core.a(usb.c.o)
                0x080047a4                __irq_usb_lp_can_rx0
 .text.usb_set_ep_rx_stat
                0x0800496c       0x22 C:\Users\hp\AppData\Local\Temp\arduino\cores\23c3f8b5ebc389b616464b47bbe0ea13\core.a(usb_cdcacm.c.o)
 *fill*         0x0800498e        0x2 
 .text.vcomGetSetLineCoding
                0x08004990       0x18 C:\Users\hp\AppData\Local\Temp\arduino\cores\23c3f8b5ebc389b616464b47bbe0ea13\core.a(usb_cdcacm.c.o)
 .text.usbDataSetup
                0x080049a8       0x54 C:\Users\hp\AppData\Local\Temp\arduino\cores\23c3f8b5ebc389b616464b47bbe0ea13\core.a(usb_cdcacm.c.o)
 .text.usbNoDataSetup
                0x080049fc       0x50 C:\Users\hp\AppData\Local\Temp\arduino\cores\23c3f8b5ebc389b616464b47bbe0ea13\core.a(usb_cdcacm.c.o)
 .text.usbGetInterfaceSetting
                0x08004a4c       0x10 C:\Users\hp\AppData\Local\Temp\arduino\cores\23c3f8b5ebc389b616464b47bbe0ea13\core.a(usb_cdcacm.c.o)
 .text.usbSetConfiguration
                0x08004a5c       0x1c C:\Users\hp\AppData\Local\Temp\arduino\cores\23c3f8b5ebc389b616464b47bbe0ea13\core.a(usb_cdcacm.c.o)
 .text.usbSetDeviceAddress
                0x08004a78       0x10 C:\Users\hp\AppData\Local\Temp\arduino\cores\23c3f8b5ebc389b616464b47bbe0ea13\core.a(usb_cdcacm.c.o)
 .text.usbGetStringDescriptor
                0x08004a88       0x20 C:\Users\hp\AppData\Local\Temp\arduino\cores\23c3f8b5ebc389b616464b47bbe0ea13\core.a(usb_cdcacm.c.o)
 .text.usbGetConfigDescriptor
                0x08004aa8        0xc C:\Users\hp\AppData\Local\Temp\arduino\cores\23c3f8b5ebc389b616464b47bbe0ea13\core.a(usb_cdcacm.c.o)
 .text.usbGetDeviceDescriptor
                0x08004ab4        0xc C:\Users\hp\AppData\Local\Temp\arduino\cores\23c3f8b5ebc389b616464b47bbe0ea13\core.a(usb_cdcacm.c.o)
 .text.usbInit  0x08004ac0       0x44 C:\Users\hp\AppData\Local\Temp\arduino\cores\23c3f8b5ebc389b616464b47bbe0ea13\core.a(usb_cdcacm.c.o)
 .text.vcomDataTxCb
                0x08004b04       0xa0 C:\Users\hp\AppData\Local\Temp\arduino\cores\23c3f8b5ebc389b616464b47bbe0ea13\core.a(usb_cdcacm.c.o)
 .text.usbReset
                0x08004ba4      0x160 C:\Users\hp\AppData\Local\Temp\arduino\cores\23c3f8b5ebc389b616464b47bbe0ea13\core.a(usb_cdcacm.c.o)
 .text.usb_cdcacm_tx
                0x08004d04       0x60 C:\Users\hp\AppData\Local\Temp\arduino\cores\23c3f8b5ebc389b616464b47bbe0ea13\core.a(usb_cdcacm.c.o)
                0x08004d04                usb_cdcacm_tx
 .text.usb_cdcacm_data_available
                0x08004d64       0x18 C:\Users\hp\AppData\Local\Temp\arduino\cores\23c3f8b5ebc389b616464b47bbe0ea13\core.a(usb_cdcacm.c.o)
                0x08004d64                usb_cdcacm_data_available
 .text.usb_cdcacm_peek
                0x08004d7c       0x38 C:\Users\hp\AppData\Local\Temp\arduino\cores\23c3f8b5ebc389b616464b47bbe0ea13\core.a(usb_cdcacm.c.o)
                0x08004d7c                usb_cdcacm_peek
 .text.usb_cdcacm_rx
                0x08004db4       0x34 C:\Users\hp\AppData\Local\Temp\arduino\cores\23c3f8b5ebc389b616464b47bbe0ea13\core.a(usb_cdcacm.c.o)
                0x08004db4                usb_cdcacm_rx
 .text.usb_set_ep_rx_count
                0x08004de8       0x4c C:\Users\hp\AppData\Local\Temp\arduino\cores\23c3f8b5ebc389b616464b47bbe0ea13\core.a(usb_reg_map.c.o)
                0x08004de8                usb_set_ep_rx_count
 .text.Standard_GetConfiguration
                0x08004e34       0x24 C:\Users\hp\AppData\Local\Temp\arduino\cores\23c3f8b5ebc389b616464b47bbe0ea13\core.a(usb_core.c.o)
                0x08004e34                Standard_GetConfiguration
 .text.Standard_GetInterface
                0x08004e58       0x24 C:\Users\hp\AppData\Local\Temp\arduino\cores\23c3f8b5ebc389b616464b47bbe0ea13\core.a(usb_core.c.o)
                0x08004e58                Standard_GetInterface
 .text.Standard_GetStatus
                0x08004e7c       0x90 C:\Users\hp\AppData\Local\Temp\arduino\cores\23c3f8b5ebc389b616464b47bbe0ea13\core.a(usb_core.c.o)
                0x08004e7c                Standard_GetStatus
 .text.DataStageIn
                0x08004f0c       0xa8 C:\Users\hp\AppData\Local\Temp\arduino\cores\23c3f8b5ebc389b616464b47bbe0ea13\core.a(usb_core.c.o)
 .text.Standard_SetConfiguration
                0x08004fb4       0x38 C:\Users\hp\AppData\Local\Temp\arduino\cores\23c3f8b5ebc389b616464b47bbe0ea13\core.a(usb_core.c.o)
                0x08004fb4                Standard_SetConfiguration
 .text.Standard_SetInterface
                0x08004fec       0x48 C:\Users\hp\AppData\Local\Temp\arduino\cores\23c3f8b5ebc389b616464b47bbe0ea13\core.a(usb_core.c.o)
                0x08004fec                Standard_SetInterface
 .text.Standard_ClearFeature
                0x08005034       0xd0 C:\Users\hp\AppData\Local\Temp\arduino\cores\23c3f8b5ebc389b616464b47bbe0ea13\core.a(usb_core.c.o)
                0x08005034                Standard_ClearFeature
 .text.Standard_SetEndPointFeature
                0x08005104       0x84 C:\Users\hp\AppData\Local\Temp\arduino\cores\23c3f8b5ebc389b616464b47bbe0ea13\core.a(usb_core.c.o)
                0x08005104                Standard_SetEndPointFeature
 .text.Standard_SetDeviceFeature
                0x08005188       0x24 C:\Users\hp\AppData\Local\Temp\arduino\cores\23c3f8b5ebc389b616464b47bbe0ea13\core.a(usb_core.c.o)
                0x08005188                Standard_SetDeviceFeature
 .text.Standard_GetDescriptorData
                0x080051ac       0x1c C:\Users\hp\AppData\Local\Temp\arduino\cores\23c3f8b5ebc389b616464b47bbe0ea13\core.a(usb_core.c.o)
                0x080051ac                Standard_GetDescriptorData
 .text.Post0_Process
                0x080051c8       0x40 C:\Users\hp\AppData\Local\Temp\arduino\cores\23c3f8b5ebc389b616464b47bbe0ea13\core.a(usb_core.c.o)
                0x080051c8                Post0_Process
 .text.Setup0_Process
                0x08005208      0x2d0 C:\Users\hp\AppData\Local\Temp\arduino\cores\23c3f8b5ebc389b616464b47bbe0ea13\core.a(usb_core.c.o)
                0x08005208                Setup0_Process
 .text.Out0_Process
                0x080054d8       0xc8 C:\Users\hp\AppData\Local\Temp\arduino\cores\23c3f8b5ebc389b616464b47bbe0ea13\core.a(usb_core.c.o)
                0x080054d8                Out0_Process
 .text.SetDeviceAddress
                0x080055a0       0x38 C:\Users\hp\AppData\Local\Temp\arduino\cores\23c3f8b5ebc389b616464b47bbe0ea13\core.a(usb_core.c.o)
                0x080055a0                SetDeviceAddress
 .text.In0_Process
                0x080055d8       0x5c C:\Users\hp\AppData\Local\Temp\arduino\cores\23c3f8b5ebc389b616464b47bbe0ea13\core.a(usb_core.c.o)
                0x080055d8                In0_Process
 .text.NOP_Process
                0x08005634        0x2 C:\Users\hp\AppData\Local\Temp\arduino\cores\23c3f8b5ebc389b616464b47bbe0ea13\core.a(usb_core.c.o)
                0x08005634                NOP_Process
 .text.UserToPMABufferCopy
                0x08005636       0x30 C:\Users\hp\AppData\Local\Temp\arduino\cores\23c3f8b5ebc389b616464b47bbe0ea13\core.a(usb_mem.c.o)
                0x08005636                UserToPMABufferCopy
 .text.PMAToUserBufferCopy
                0x08005666       0x32 C:\Users\hp\AppData\Local\Temp\arduino\cores\23c3f8b5ebc389b616464b47bbe0ea13\core.a(usb_mem.c.o)
                0x08005666                PMAToUserBufferCopy
 .text.SetEPTxStatus
                0x08005698       0x2a C:\Users\hp\AppData\Local\Temp\arduino\cores\23c3f8b5ebc389b616464b47bbe0ea13\core.a(usb_regs.c.o)
                0x08005698                SetEPTxStatus
 .text.ClearDTOG_RX
                0x080056c2       0x20 C:\Users\hp\AppData\Local\Temp\arduino\cores\23c3f8b5ebc389b616464b47bbe0ea13\core.a(usb_regs.c.o)
                0x080056c2                ClearDTOG_RX
 .text.ClearDTOG_TX
                0x080056e2       0x20 C:\Users\hp\AppData\Local\Temp\arduino\cores\23c3f8b5ebc389b616464b47bbe0ea13\core.a(usb_regs.c.o)
                0x080056e2                ClearDTOG_TX
 *fill*         0x08005702        0x2 
 .text.GetEPTxAddr
                0x08005704       0x1c C:\Users\hp\AppData\Local\Temp\arduino\cores\23c3f8b5ebc389b616464b47bbe0ea13\core.a(usb_regs.c.o)
                0x08005704                GetEPTxAddr
 .text.GetEPRxAddr
                0x08005720       0x1c C:\Users\hp\AppData\Local\Temp\arduino\cores\23c3f8b5ebc389b616464b47bbe0ea13\core.a(usb_regs.c.o)
                0x08005720                GetEPRxAddr
 .text.SetEPTxCount
                0x0800573c       0x1c C:\Users\hp\AppData\Local\Temp\arduino\cores\23c3f8b5ebc389b616464b47bbe0ea13\core.a(usb_regs.c.o)
                0x0800573c                SetEPTxCount
 .text.SetEPRxCount
                0x08005758       0x40 C:\Users\hp\AppData\Local\Temp\arduino\cores\23c3f8b5ebc389b616464b47bbe0ea13\core.a(usb_regs.c.o)
                0x08005758                SetEPRxCount
 .text.throb    0x08005798       0x4c C:\Users\hp\AppData\Local\Temp\arduino\cores\23c3f8b5ebc389b616464b47bbe0ea13\core.a(util.c.o)
                0x08005798                throb
 .text.__error  0x080057e4       0x14 C:\Users\hp\AppData\Local\Temp\arduino\cores\23c3f8b5ebc389b616464b47bbe0ea13\core.a(util.c.o)
                0x080057e4                __error
 .text.startup._Z7premainv
                0x080057f8        0x4 C:\Users\hp\AppData\Local\Temp\arduino\cores\23c3f8b5ebc389b616464b47bbe0ea13\core.a(main.cpp.o)
                0x080057f8                premain()
 .text.startup.main
                0x080057fc        0xc C:\Users\hp\AppData\Local\Temp\arduino\cores\23c3f8b5ebc389b616464b47bbe0ea13\core.a(main.cpp.o)
                0x080057fc                main
 .text._Z17disableDebugPortsv
                0x08005808       0x14 C:\Users\hp\AppData\Local\Temp\arduino\cores\23c3f8b5ebc389b616464b47bbe0ea13\core.a(wirish_debug.cpp.o)
                0x08005808                disableDebugPorts()
 .text._Z7pinModeh13WiringPinMode
                0x0800581c       0x84 C:\Users\hp\AppData\Local\Temp\arduino\cores\23c3f8b5ebc389b616464b47bbe0ea13\core.a(wirish_digital_f1.cpp.o)
                0x0800581c                pinMode(unsigned char, WiringPinMode)
 .text._ZN9USBSerial9availableEv
                0x080058a0        0x4 C:\Users\hp\AppData\Local\Temp\arduino\cores\23c3f8b5ebc389b616464b47bbe0ea13\core.a(usb_serial.cpp.o)
                0x080058a0                USBSerial::available()
 .text._ZN9USBSerial4peekEv
                0x080058a4       0x1e C:\Users\hp\AppData\Local\Temp\arduino\cores\23c3f8b5ebc389b616464b47bbe0ea13\core.a(usb_serial.cpp.o)
                0x080058a4                USBSerial::peek()
 .text._ZN9USBSerial4readEv
                0x080058c2       0x1e C:\Users\hp\AppData\Local\Temp\arduino\cores\23c3f8b5ebc389b616464b47bbe0ea13\core.a(usb_serial.cpp.o)
                0x080058c2                USBSerial::read()
 .text._ZN9USBSerialC2Ev
                0x080058e0       0x14 C:\Users\hp\AppData\Local\Temp\arduino\cores\23c3f8b5ebc389b616464b47bbe0ea13\core.a(usb_serial.cpp.o)
                0x080058e0                USBSerial::USBSerial()
                0x080058e0                USBSerial::USBSerial()
 .text._ZN9USBSerial5writeEPKhm
                0x080058f4       0x4c C:\Users\hp\AppData\Local\Temp\arduino\cores\23c3f8b5ebc389b616464b47bbe0ea13\core.a(usb_serial.cpp.o)
                0x080058f4                USBSerial::write(unsigned char const*, unsigned long)
 .text._ZN9USBSerial5writeEh
                0x08005940       0x16 C:\Users\hp\AppData\Local\Temp\arduino\cores\23c3f8b5ebc389b616464b47bbe0ea13\core.a(usb_serial.cpp.o)
                0x08005940                USBSerial::write(unsigned char)
 .text._ZN9USBSerial5writeEPKc
                0x08005956       0x1a C:\Users\hp\AppData\Local\Temp\arduino\cores\23c3f8b5ebc389b616464b47bbe0ea13\core.a(usb_serial.cpp.o)
                0x08005956                USBSerial::write(char const*)
 .text._ZN9USBSerial4readEPhm
                0x08005970       0x1c C:\Users\hp\AppData\Local\Temp\arduino\cores\23c3f8b5ebc389b616464b47bbe0ea13\core.a(usb_serial.cpp.o)
                0x08005970                USBSerial::read(unsigned char*, unsigned long)
 .text._ZN9USBSerial5flushEv
                0x0800598c       0x1c C:\Users\hp\AppData\Local\Temp\arduino\cores\23c3f8b5ebc389b616464b47bbe0ea13\core.a(usb_serial.cpp.o)
                0x0800598c                USBSerial::flush()
 .text.startup._GLOBAL__sub_I__ZN9USBSerial9_hasBegunE
                0x080059a8        0xc C:\Users\hp\AppData\Local\Temp\arduino\cores\23c3f8b5ebc389b616464b47bbe0ea13\core.a(usb_serial.cpp.o)
 .text._Z11digitalReadh
                0x080059b4       0x2c C:\Users\hp\AppData\Local\Temp\arduino\cores\23c3f8b5ebc389b616464b47bbe0ea13\core.a(wirish_digital.cpp.o)
                0x080059b4                digitalRead(unsigned char)
 .text._Z12digitalWritehh
                0x080059e0       0x2c C:\Users\hp\AppData\Local\Temp\arduino\cores\23c3f8b5ebc389b616464b47bbe0ea13\core.a(wirish_digital.cpp.o)
                0x080059e0                digitalWrite(unsigned char, unsigned char)
 .text.micros   0x08005a0c       0x34 C:\Users\hp\AppData\Local\Temp\arduino\cores\23c3f8b5ebc389b616464b47bbe0ea13\core.a(wirish_time.cpp.o)
 .text.delay    0x08005a40       0x2a C:\Users\hp\AppData\Local\Temp\arduino\cores\23c3f8b5ebc389b616464b47bbe0ea13\core.a(wirish_time.cpp.o)
                0x08005a40                delay
 .text.delayMicroseconds
                0x08005a6a        0xe C:\Users\hp\AppData\Local\Temp\arduino\cores\23c3f8b5ebc389b616464b47bbe0ea13\core.a(wirish_time.cpp.o)
                0x08005a6a                delayMicroseconds
 .text.__empty  0x08005a78        0x2 C:\Users\hp\AppData\Local\Temp\arduino\cores\23c3f8b5ebc389b616464b47bbe0ea13\core.a(hooks.c.o)
                0x08005a78                yield
 .text.gpio_init
                0x08005a7a       0x14 C:\Users\hp\AppData\Local\Temp\arduino\cores\23c3f8b5ebc389b616464b47bbe0ea13\core.a(gpio.c.o)
                0x08005a7a                gpio_init
 .text.i2c_disable_irq
                0x08005a8e        0xc C:\Users\hp\AppData\Local\Temp\arduino\cores\23c3f8b5ebc389b616464b47bbe0ea13\core.a(i2c.c.o)
 *fill*         0x08005a9a        0x2 
 .text._i2c_irq_handler
                0x08005a9c      0x3d8 C:\Users\hp\AppData\Local\Temp\arduino\cores\23c3f8b5ebc389b616464b47bbe0ea13\core.a(i2c.c.o)
                0x08005a9c                _i2c_irq_handler
 .text._i2c_irq_error_handler
                0x08005e74       0x74 C:\Users\hp\AppData\Local\Temp\arduino\cores\23c3f8b5ebc389b616464b47bbe0ea13\core.a(i2c.c.o)
                0x08005e74                _i2c_irq_error_handler
 .text.exit     0x08005ee8       0x28 c:/users/hp/appdata/local/arduino15/packages/arduino/tools/arm-none-eabi-gcc/4.8.3-2014q1/bin/../lib/gcc/arm-none-eabi/4.8.3/../../../../arm-none-eabi/lib/armv7-m\libc_s.a(lib_a-exit.o)
                0x08005ee8                exit
 .text.__libc_init_array
                0x08005f10       0x4c c:/users/hp/appdata/local/arduino15/packages/arduino/tools/arm-none-eabi-gcc/4.8.3-2014q1/bin/../lib/gcc/arm-none-eabi/4.8.3/../../../../arm-none-eabi/lib/armv7-m\libc_s.a(lib_a-init.o)
                0x08005f10                __libc_init_array
 .text.memcpy   0x08005f5c       0x12 c:/users/hp/appdata/local/arduino15/packages/arduino/tools/arm-none-eabi-gcc/4.8.3-2014q1/bin/../lib/gcc/arm-none-eabi/4.8.3/../../../../arm-none-eabi/lib/armv7-m\libc_s.a(lib_a-memcpy-stub.o)
                0x08005f5c                memcpy
 .text.memset   0x08005f6e       0x10 c:/users/hp/appdata/local/arduino15/packages/arduino/tools/arm-none-eabi-gcc/4.8.3-2014q1/bin/../lib/gcc/arm-none-eabi/4.8.3/../../../../arm-none-eabi/lib/armv7-m\libc_s.a(lib_a-memset.o)
                0x08005f6e                memset
 .text.strlen   0x08005f7e       0x10 c:/users/hp/appdata/local/arduino15/packages/arduino/tools/arm-none-eabi-gcc/4.8.3-2014q1/bin/../lib/gcc/arm-none-eabi/4.8.3/../../../../arm-none-eabi/lib/armv7-m\libc_s.a(lib_a-strlen.o)
                0x08005f7e                strlen
 *(.plt)
 *(.gnu.warning)
 *(.glue_7t)
 .glue_7t       0x00000000        0x0 linker stubs
 *(.glue_7)
 .glue_7        0x00000000        0x0 linker stubs
 *(.vfp11_veneer)
 .vfp11_veneer  0x00000000        0x0 linker stubs
 *(.ARM.extab* .gnu.linkonce.armextab.*)
 *(.gcc_except_table)
 *(.eh_frame_hdr)
 *(.eh_frame)
 *fill*         0x08005f8e        0x2 
 .eh_frame      0x08005f90        0x0 c:/users/hp/appdata/local/arduino15/packages/arduino/tools/arm-none-eabi-gcc/4.8.3-2014q1/bin/../lib/gcc/arm-none-eabi/4.8.3/armv7-m/crtbegin.o
                0x08005f90                . = ALIGN (0x4)
 *(.init)
 .init          0x08005f90        0x4 c:/users/hp/appdata/local/arduino15/packages/arduino/tools/arm-none-eabi-gcc/4.8.3-2014q1/bin/../lib/gcc/arm-none-eabi/4.8.3/armv7-m/crti.o
                0x08005f90                _init
 .init          0x08005f94        0x8 c:/users/hp/appdata/local/arduino15/packages/arduino/tools/arm-none-eabi-gcc/4.8.3-2014q1/bin/../lib/gcc/arm-none-eabi/4.8.3/armv7-m/crtn.o
                0x08005f9c                . = ALIGN (0x4)
                0x08005f9c                __preinit_array_start = .
 *(.preinit_array)
                0x08005f9c                __preinit_array_end = .
                0x08005f9c                . = ALIGN (0x4)
                0x08005f9c                __init_array_start = .
 *(SORT(.init_array.*))
 .init_array.00101
                0x08005f9c        0x4 C:\Users\hp\AppData\Local\Temp\arduino\cores\23c3f8b5ebc389b616464b47bbe0ea13\core.a(main.cpp.o)
 *(.init_array)
 .init_array    0x08005fa0        0x4 c:/users/hp/appdata/local/arduino15/packages/arduino/tools/arm-none-eabi-gcc/4.8.3-2014q1/bin/../lib/gcc/arm-none-eabi/4.8.3/armv7-m/crtbegin.o
 .init_array    0x08005fa4        0x4 C:\Users\hp\AppData\Local\Temp\arduino\sketches\BF235838F9AD6845FAC0745D755FB0CD\sketch\Usb_keyboard_v0.0.ino.cpp.o
 .init_array    0x08005fa8        0x4 C:\Users\hp\AppData\Local\Temp\arduino\sketches\BF235838F9AD6845FAC0745D755FB0CD\libraries\USBComposite\USBComposite.cpp.o
 .init_array    0x08005fac        0x4 C:\Users\hp\AppData\Local\Temp\arduino\sketches\BF235838F9AD6845FAC0745D755FB0CD\core\board.cpp.o
 .init_array    0x08005fb0        0x4 C:\Users\hp\AppData\Local\Temp\arduino\cores\23c3f8b5ebc389b616464b47bbe0ea13\core.a(usb_serial.cpp.o)
                0x08005fb4                __init_array_end = .
                0x08005fb4                . = ALIGN (0x4)
 *crtbegin.o(.ctors)
 *(EXCLUDE_FILE(*crtend.o) .ctors)
 *(SORT(.ctors.*))
 *crtend.o(.ctors)
                0x08005fb4                . = ALIGN (0x4)
 *(.fini)
 .fini          0x08005fb4        0x4 c:/users/hp/appdata/local/arduino15/packages/arduino/tools/arm-none-eabi-gcc/4.8.3-2014q1/bin/../lib/gcc/arm-none-eabi/4.8.3/armv7-m/crti.o
                0x08005fb4                _fini
 .fini          0x08005fb8        0x8 c:/users/hp/appdata/local/arduino15/packages/arduino/tools/arm-none-eabi-gcc/4.8.3-2014q1/bin/../lib/gcc/arm-none-eabi/4.8.3/armv7-m/crtn.o
                0x08005fc0                . = ALIGN (0x4)
                0x08005fc0                __fini_array_start = .
 *(.fini_array)
 .fini_array    0x08005fc0        0x4 c:/users/hp/appdata/local/arduino15/packages/arduino/tools/arm-none-eabi-gcc/4.8.3-2014q1/bin/../lib/gcc/arm-none-eabi/4.8.3/armv7-m/crtbegin.o
 *(SORT(.fini_array.*))
                0x08005fc4                __fini_array_end = .
 *crtbegin.o(.dtors)
 *(EXCLUDE_FILE(*crtend.o) .dtors)
 *(SORT(.dtors.*))
 *crtend.o(.dtors)

.v4_bx          0x08005fc4        0x0
 .v4_bx         0x00000000        0x0 linker stubs

.iplt           0x08005fc4        0x0
 .iplt          0x00000000        0x0 c:/users/hp/appdata/local/arduino15/packages/arduino/tools/arm-none-eabi-gcc/4.8.3-2014q1/bin/../lib/gcc/arm-none-eabi/4.8.3/armv7-m/crtbegin.o

.text.align     0x08005fc4        0x4
                0x08005fc8                . = ALIGN (0x8)
 *fill*         0x08005fc4        0x4 
                0x08005fc8                __text_end__ = .
                0x08005fc8                __exidx_start = .

.ARM.exidx      0x08005fc8        0x8
 *(.ARM.exidx* .gnu.linkonce.armexidx.*)
 .ARM.exidx     0x08005fc8        0x8 C:\Users\hp\AppData\Local\Temp\arduino\sketches\BF235838F9AD6845FAC0745D755FB0CD\core\wirish\start.S.o
                0x08005fd0                __exidx_end = .

.data           0x20000000      0xd78 load address 0x08005fd0
                0x20000000                __data_start__ = .
                0x20000000        0x4 LONG 0x0
                0x20000008                . = ALIGN (0x8)
 *fill*         0x20000004        0x4 
 *(.got.plt)
 *(.got)
 *(.data .data.* .gnu.linkonce.d.*)
 .data.media    0x20000008      0x220 C:\Users\hp\AppData\Local\Temp\arduino\sketches\BF235838F9AD6845FAC0745D755FB0CD\sketch\Usb_keyboard_v0.0.ino.cpp.o
                0x20000008                media
 .data.normal   0x20000228      0x220 C:\Users\hp\AppData\Local\Temp\arduino\sketches\BF235838F9AD6845FAC0745D755FB0CD\sketch\Usb_keyboard_v0.0.ino.cpp.o
                0x20000228                normal
 .data.old_key  0x20000448       0x88 C:\Users\hp\AppData\Local\Temp\arduino\sketches\BF235838F9AD6845FAC0745D755FB0CD\sketch\Usb_keyboard_v0.0.ino.cpp.o
                0x20000448                old_key
 .data.Fn_pressed
                0x200004d0        0x1 C:\Users\hp\AppData\Local\Temp\arduino\sketches\BF235838F9AD6845FAC0745D755FB0CD\sketch\Usb_keyboard_v0.0.ino.cpp.o
                0x200004d0                Fn_pressed
 *fill*         0x200004d1        0x3 
 .data.Row_IO   0x200004d4       0x44 C:\Users\hp\AppData\Local\Temp\arduino\sketches\BF235838F9AD6845FAC0745D755FB0CD\sketch\Usb_keyboard_v0.0.ino.cpp.o
                0x200004d4                Row_IO
 .data.modifier
                0x20000518      0x220 C:\Users\hp\AppData\Local\Temp\arduino\sketches\BF235838F9AD6845FAC0745D755FB0CD\sketch\Usb_keyboard_v0.0.ino.cpp.o
                0x20000518                modifier
 .data.Col_IO   0x20000738       0x20 C:\Users\hp\AppData\Local\Temp\arduino\sketches\BF235838F9AD6845FAC0745D755FB0CD\sketch\Usb_keyboard_v0.0.ino.cpp.o
                0x20000738                Col_IO
 .data.hidReportConsumer
                0x20000758        0x4 C:\Users\hp\AppData\Local\Temp\arduino\sketches\BF235838F9AD6845FAC0745D755FB0CD\libraries\USBComposite\HIDReports.cpp.o
                0x20000758                hidReportConsumer
 .data._ZL12raw_Consumer
                0x2000075c       0x19 C:\Users\hp\AppData\Local\Temp\arduino\sketches\BF235838F9AD6845FAC0745D755FB0CD\libraries\USBComposite\HIDReports.cpp.o
 *fill*         0x20000775        0x3 
 .data.hidReportKeyboard
                0x20000778        0x4 C:\Users\hp\AppData\Local\Temp\arduino\sketches\BF235838F9AD6845FAC0745D755FB0CD\libraries\USBComposite\HIDReports.cpp.o
                0x20000778                hidReportKeyboard
 .data._ZL12raw_Keyboard
                0x2000077c       0x3b C:\Users\hp\AppData\Local\Temp\arduino\sketches\BF235838F9AD6845FAC0745D755FB0CD\libraries\USBComposite\HIDReports.cpp.o
 .data.string_descriptor_buffer
                0x200007b7       0x96 C:\Users\hp\AppData\Local\Temp\arduino\sketches\BF235838F9AD6845FAC0745D755FB0CD\libraries\USBComposite\usb_generic.c.o
 *fill*         0x2000084d        0x3 
 .data.Config_Descriptor
                0x20000850        0x8 C:\Users\hp\AppData\Local\Temp\arduino\sketches\BF235838F9AD6845FAC0745D755FB0CD\libraries\USBComposite\usb_generic.c.o
 .data.Device_Descriptor
                0x20000858        0x8 C:\Users\hp\AppData\Local\Temp\arduino\sketches\BF235838F9AD6845FAC0745D755FB0CD\libraries\USBComposite\usb_generic.c.o
 .data.my_Device_Table
                0x20000860        0x2 C:\Users\hp\AppData\Local\Temp\arduino\sketches\BF235838F9AD6845FAC0745D755FB0CD\libraries\USBComposite\usb_generic.c.o
 .data.usbGenericDescriptor_Device
                0x20000862       0x12 C:\Users\hp\AppData\Local\Temp\arduino\sketches\BF235838F9AD6845FAC0745D755FB0CD\libraries\USBComposite\usb_generic.c.o
 .data.disconnect_delay
                0x20000874        0x4 C:\Users\hp\AppData\Local\Temp\arduino\sketches\BF235838F9AD6845FAC0745D755FB0CD\libraries\USBComposite\usb_generic.c.o
 .data.String_Descriptor
                0x20000878       0x20 C:\Users\hp\AppData\Local\Temp\arduino\sketches\BF235838F9AD6845FAC0745D755FB0CD\libraries\USBComposite\usb_generic.c.o
 .data.numStringDescriptors
                0x20000898        0x1 C:\Users\hp\AppData\Local\Temp\arduino\sketches\BF235838F9AD6845FAC0745D755FB0CD\libraries\USBComposite\usb_generic.c.o
 *fill*         0x20000899        0x3 
 .data.generic_string_descriptor
                0x2000089c        0x8 C:\Users\hp\AppData\Local\Temp\arduino\sketches\BF235838F9AD6845FAC0745D755FB0CD\libraries\USBComposite\usb_generic.c.o
 .data.epTypes  0x200008a4        0x8 C:\Users\hp\AppData\Local\Temp\arduino\sketches\BF235838F9AD6845FAC0745D755FB0CD\libraries\USBComposite\usb_generic.c.o
                0x200008a4                epTypes
 .data.usbHIDPart
                0x200008ac       0x2c C:\Users\hp\AppData\Local\Temp\arduino\sketches\BF235838F9AD6845FAC0745D755FB0CD\libraries\USBComposite\usb_hid.c.o
                0x200008ac                usbHIDPart
 .data.hidEndpoints
                0x200008d8        0xc C:\Users\hp\AppData\Local\Temp\arduino\sketches\BF235838F9AD6845FAC0745D755FB0CD\libraries\USBComposite\usb_hid.c.o
 .data.txEPSize
                0x200008e4        0x4 C:\Users\hp\AppData\Local\Temp\arduino\sketches\BF235838F9AD6845FAC0745D755FB0CD\libraries\USBComposite\usb_hid.c.o
 .data.HID_Hid_Descriptor
                0x200008e8        0x8 C:\Users\hp\AppData\Local\Temp\arduino\sketches\BF235838F9AD6845FAC0745D755FB0CD\libraries\USBComposite\usb_hid.c.o
 .data._ZN6wirish4privL8pll_dataE
                0x200008f0        0x4 C:\Users\hp\AppData\Local\Temp\arduino\sketches\BF235838F9AD6845FAC0745D755FB0CD\core\wirish\boards_setup.cpp.o
 .data._ZN6wirish4priv9w_adc_smpE
                0x200008f4        0x1 C:\Users\hp\AppData\Local\Temp\arduino\sketches\BF235838F9AD6845FAC0745D755FB0CD\core\wirish\boards_setup.cpp.o
                0x200008f4                wirish::priv::w_adc_smp
 *fill*         0x200008f5        0x1 
 .data._ZN6wirish4priv9w_adc_preE
                0x200008f6        0x2 C:\Users\hp\AppData\Local\Temp\arduino\sketches\BF235838F9AD6845FAC0745D755FB0CD\core\wirish\boards_setup.cpp.o
                0x200008f6                wirish::priv::w_adc_pre
 .data._ZN6wirish4priv15w_board_pll_cfgE
                0x200008f8        0x8 C:\Users\hp\AppData\Local\Temp\arduino\sketches\BF235838F9AD6845FAC0745D755FB0CD\core\wirish\boards_setup.cpp.o
                0x200008f8                wirish::priv::w_board_pll_cfg
 .data.adc2     0x20000900        0x8 C:\Users\hp\AppData\Local\Temp\arduino\cores\23c3f8b5ebc389b616464b47bbe0ea13\core.a(adc_f1.c.o)
                0x20000900                adc2
 .data.adc1     0x20000908       0x18 C:\Users\hp\AppData\Local\Temp\arduino\cores\23c3f8b5ebc389b616464b47bbe0ea13\core.a(adc_f1.c.o)
                0x20000908                adc1
 .data.ADC2     0x20000920        0x4 C:\Users\hp\AppData\Local\Temp\arduino\cores\23c3f8b5ebc389b616464b47bbe0ea13\core.a(adc_f1.c.o)
                0x20000920                ADC2
 .data.ADC1     0x20000924        0x4 C:\Users\hp\AppData\Local\Temp\arduino\cores\23c3f8b5ebc389b616464b47bbe0ea13\core.a(adc_f1.c.o)
                0x20000924                ADC1
 .data.dma1     0x20000928       0x40 C:\Users\hp\AppData\Local\Temp\arduino\cores\23c3f8b5ebc389b616464b47bbe0ea13\core.a(dma_f1.c.o)
 .data.DMA1     0x20000968        0x4 C:\Users\hp\AppData\Local\Temp\arduino\cores\23c3f8b5ebc389b616464b47bbe0ea13\core.a(dma_f1.c.o)
                0x20000968                DMA1
 .data.gpioa    0x2000096c        0x8 C:\Users\hp\AppData\Local\Temp\arduino\cores\23c3f8b5ebc389b616464b47bbe0ea13\core.a(gpio_f1.c.o)
                0x2000096c                gpioa
 .data.gpiob    0x20000974        0x8 C:\Users\hp\AppData\Local\Temp\arduino\cores\23c3f8b5ebc389b616464b47bbe0ea13\core.a(gpio_f1.c.o)
                0x20000974                gpiob
 .data.gpioc    0x2000097c        0x8 C:\Users\hp\AppData\Local\Temp\arduino\cores\23c3f8b5ebc389b616464b47bbe0ea13\core.a(gpio_f1.c.o)
                0x2000097c                gpioc
 .data.gpiod    0x20000984        0x8 C:\Users\hp\AppData\Local\Temp\arduino\cores\23c3f8b5ebc389b616464b47bbe0ea13\core.a(gpio_f1.c.o)
                0x20000984                gpiod
 .data.i2c1     0x2000098c       0x38 C:\Users\hp\AppData\Local\Temp\arduino\cores\23c3f8b5ebc389b616464b47bbe0ea13\core.a(i2c_f1.c.o)
 .data.i2c2     0x200009c4       0x38 C:\Users\hp\AppData\Local\Temp\arduino\cores\23c3f8b5ebc389b616464b47bbe0ea13\core.a(i2c_f1.c.o)
 .data.enable_regs.4411
                0x200009fc        0xc C:\Users\hp\AppData\Local\Temp\arduino\cores\23c3f8b5ebc389b616464b47bbe0ea13\core.a(rcc_f1.c.o)
 .data.reset_regs.4415
                0x20000a08        0x8 C:\Users\hp\AppData\Local\Temp\arduino\cores\23c3f8b5ebc389b616464b47bbe0ea13\core.a(rcc_f1.c.o)
 .data.enable_regs.4424
                0x20000a10        0xc C:\Users\hp\AppData\Local\Temp\arduino\cores\23c3f8b5ebc389b616464b47bbe0ea13\core.a(rcc_f1.c.o)
 .data.timer3   0x20000a1c       0x24 C:\Users\hp\AppData\Local\Temp\arduino\cores\23c3f8b5ebc389b616464b47bbe0ea13\core.a(timer.c.o)
                0x20000a1c                timer3
 .data.timer4   0x20000a40       0x24 C:\Users\hp\AppData\Local\Temp\arduino\cores\23c3f8b5ebc389b616464b47bbe0ea13\core.a(timer.c.o)
                0x20000a40                timer4
 .data.timer1   0x20000a64       0x28 C:\Users\hp\AppData\Local\Temp\arduino\cores\23c3f8b5ebc389b616464b47bbe0ea13\core.a(timer.c.o)
                0x20000a64                timer1
 .data.timer2   0x20000a8c       0x24 C:\Users\hp\AppData\Local\Temp\arduino\cores\23c3f8b5ebc389b616464b47bbe0ea13\core.a(timer.c.o)
                0x20000a8c                timer2
 .data.USART1   0x20000ab0        0x4 C:\Users\hp\AppData\Local\Temp\arduino\cores\23c3f8b5ebc389b616464b47bbe0ea13\core.a(usart_f1.c.o)
                0x20000ab0                USART1
 .data.USART2   0x20000ab4        0x4 C:\Users\hp\AppData\Local\Temp\arduino\cores\23c3f8b5ebc389b616464b47bbe0ea13\core.a(usart_f1.c.o)
                0x20000ab4                USART2
 .data.USART3   0x20000ab8        0x4 C:\Users\hp\AppData\Local\Temp\arduino\cores\23c3f8b5ebc389b616464b47bbe0ea13\core.a(usart_f1.c.o)
                0x20000ab8                USART3
 .data.usart1   0x20000abc       0x94 C:\Users\hp\AppData\Local\Temp\arduino\cores\23c3f8b5ebc389b616464b47bbe0ea13\core.a(usart_f1.c.o)
 .data.usart2   0x20000b50       0x94 C:\Users\hp\AppData\Local\Temp\arduino\cores\23c3f8b5ebc389b616464b47bbe0ea13\core.a(usart_f1.c.o)
 .data.usart3   0x20000be4       0x94 C:\Users\hp\AppData\Local\Temp\arduino\cores\23c3f8b5ebc389b616464b47bbe0ea13\core.a(usart_f1.c.o)
 .data.USBLIB   0x20000c78        0x4 C:\Users\hp\AppData\Local\Temp\arduino\cores\23c3f8b5ebc389b616464b47bbe0ea13\core.a(usb.c.o)
                0x20000c78                USBLIB
 .data.usblib   0x20000c7c       0x10 C:\Users\hp\AppData\Local\Temp\arduino\cores\23c3f8b5ebc389b616464b47bbe0ea13\core.a(usb.c.o)
 .data.Config_Descriptor
                0x20000c8c        0x8 C:\Users\hp\AppData\Local\Temp\arduino\cores\23c3f8b5ebc389b616464b47bbe0ea13\core.a(usb_cdcacm.c.o)
 .data.Device_Property
                0x20000c94       0x30 C:\Users\hp\AppData\Local\Temp\arduino\cores\23c3f8b5ebc389b616464b47bbe0ea13\core.a(usb_cdcacm.c.o)
                0x20000c94                Device_Property
 .data.String_Descriptor
                0x20000cc4       0x18 C:\Users\hp\AppData\Local\Temp\arduino\cores\23c3f8b5ebc389b616464b47bbe0ea13\core.a(usb_cdcacm.c.o)
 .data.line_coding
                0x20000cdc        0x7 C:\Users\hp\AppData\Local\Temp\arduino\cores\23c3f8b5ebc389b616464b47bbe0ea13\core.a(usb_cdcacm.c.o)
 *fill*         0x20000ce3        0x1 
 .data.User_Standard_Requests
                0x20000ce4       0x24 C:\Users\hp\AppData\Local\Temp\arduino\cores\23c3f8b5ebc389b616464b47bbe0ea13\core.a(usb_cdcacm.c.o)
                0x20000ce4                User_Standard_Requests
 .data.Device_Descriptor
                0x20000d08        0x8 C:\Users\hp\AppData\Local\Temp\arduino\cores\23c3f8b5ebc389b616464b47bbe0ea13\core.a(usb_cdcacm.c.o)
 .data.Device_Table
                0x20000d10        0x2 C:\Users\hp\AppData\Local\Temp\arduino\cores\23c3f8b5ebc389b616464b47bbe0ea13\core.a(usb_cdcacm.c.o)
                0x20000d10                Device_Table
 *fill*         0x20000d12        0x2 
 .data.impure_data
                0x20000d14       0x60 c:/users/hp/appdata/local/arduino15/packages/arduino/tools/arm-none-eabi-gcc/4.8.3-2014q1/bin/../lib/gcc/arm-none-eabi/4.8.3/../../../../arm-none-eabi/lib/armv7-m\libc_s.a(lib_a-impure.o)
                0x20000d78                . = ALIGN (0x8)
 *fill*         0x20000d74        0x4 
                0x20000d78                __data_end__ = .

.jcr            0x20000d78        0x0 load address 0x08006d48
 .jcr           0x20000d78        0x0 c:/users/hp/appdata/local/arduino15/packages/arduino/tools/arm-none-eabi-gcc/4.8.3-2014q1/bin/../lib/gcc/arm-none-eabi/4.8.3/armv7-m/crtbegin.o

.igot.plt       0x20000d78        0x0 load address 0x08006d48
 .igot.plt      0x00000000        0x0 c:/users/hp/appdata/local/arduino15/packages/arduino/tools/arm-none-eabi-gcc/4.8.3-2014q1/bin/../lib/gcc/arm-none-eabi/4.8.3/armv7-m/crtbegin.o

.rodata         0x08006d48      0x60c
 *(.rodata .rodata.* .gnu.linkonce.r.*)
 .rodata._ZL17reportDescription
                0x08006d48       0x54 C:\Users\hp\AppData\Local\Temp\arduino\sketches\BF235838F9AD6845FAC0745D755FB0CD\sketch\Usb_keyboard_v0.0.ino.cpp.o
 .rodata._ZL13desc_Keyboard
                0x08006d9c        0x8 C:\Users\hp\AppData\Local\Temp\arduino\sketches\BF235838F9AD6845FAC0745D755FB0CD\libraries\USBComposite\HIDReports.cpp.o
 .rodata._ZL13desc_Consumer
                0x08006da4        0x8 C:\Users\hp\AppData\Local\Temp\arduino\sketches\BF235838F9AD6845FAC0745D755FB0CD\libraries\USBComposite\HIDReports.cpp.o
 .rodata._ZL12ascii_to_hid
                0x08006dac       0x80 C:\Users\hp\AppData\Local\Temp\arduino\sketches\BF235838F9AD6845FAC0745D755FB0CD\libraries\USBComposite\Keyboard.cpp.o
 *fill*         0x08006e2c        0x4 
 .rodata._ZTV11HIDKeyboard
                0x08006e30       0x20 C:\Users\hp\AppData\Local\Temp\arduino\sketches\BF235838F9AD6845FAC0745D755FB0CD\libraries\USBComposite\Keyboard.cpp.o
                0x08006e30                vtable for HIDKeyboard
 .rodata.DEFAULT_PRODUCT
                0x08006e50        0x6 C:\Users\hp\AppData\Local\Temp\arduino\sketches\BF235838F9AD6845FAC0745D755FB0CD\libraries\USBComposite\usb_generic.c.o
                0x08006e50                DEFAULT_PRODUCT
 .rodata.Base_Header
                0x08006e56        0x9 C:\Users\hp\AppData\Local\Temp\arduino\sketches\BF235838F9AD6845FAC0745D755FB0CD\libraries\USBComposite\usb_generic.c.o
 *fill*         0x08006e5f        0x1 
 .rodata.my_User_Standard_Requests
                0x08006e60       0x24 C:\Users\hp\AppData\Local\Temp\arduino\sketches\BF235838F9AD6845FAC0745D755FB0CD\libraries\USBComposite\usb_generic.c.o
 .rodata.DEFAULT_MANUFACTURER
                0x08006e84        0x9 C:\Users\hp\AppData\Local\Temp\arduino\sketches\BF235838F9AD6845FAC0745D755FB0CD\libraries\USBComposite\usb_generic.c.o
                0x08006e84                DEFAULT_MANUFACTURER
 *fill*         0x08006e8d        0x3 
 .rodata.my_Device_Property
                0x08006e90       0x30 C:\Users\hp\AppData\Local\Temp\arduino\sketches\BF235838F9AD6845FAC0745D755FB0CD\libraries\USBComposite\usb_generic.c.o
 .rodata.usb_LangID
                0x08006ec0        0x4 C:\Users\hp\AppData\Local\Temp\arduino\sketches\BF235838F9AD6845FAC0745D755FB0CD\libraries\USBComposite\usb_generic.c.o
 .rodata.hidPartConfigData
                0x08006ec4       0x19 C:\Users\hp\AppData\Local\Temp\arduino\sketches\BF235838F9AD6845FAC0745D755FB0CD\libraries\USBComposite\usb_hid.c.o
 *fill*         0x08006edd        0x3 
 .rodata.PIN_MAP
                0x08006ee0      0x310 C:\Users\hp\AppData\Local\Temp\arduino\sketches\BF235838F9AD6845FAC0745D755FB0CD\core\board.cpp.o
                0x08006ee0                PIN_MAP
 .rodata._ZTV14HardwareSerial
                0x080071f0       0x28 C:\Users\hp\AppData\Local\Temp\arduino\cores\23c3f8b5ebc389b616464b47bbe0ea13\core.a(HardwareSerial.cpp.o)
                0x080071f0                vtable for HardwareSerial
 .rodata._ZTV5Print
                0x08007218       0x18 C:\Users\hp\AppData\Local\Temp\arduino\cores\23c3f8b5ebc389b616464b47bbe0ea13\core.a(Print.cpp.o)
                0x08007218                vtable for Print
 .rodata.GPIOA  0x08007230        0x4 C:\Users\hp\AppData\Local\Temp\arduino\cores\23c3f8b5ebc389b616464b47bbe0ea13\core.a(gpio_f1.c.o)
                0x08007230                GPIOA
 .rodata.GPIOB  0x08007234        0x4 C:\Users\hp\AppData\Local\Temp\arduino\cores\23c3f8b5ebc389b616464b47bbe0ea13\core.a(gpio_f1.c.o)
                0x08007234                GPIOB
 .rodata.rcc_dev_table
                0x08007238       0x5c C:\Users\hp\AppData\Local\Temp\arduino\cores\23c3f8b5ebc389b616464b47bbe0ea13\core.a(rcc_f1.c.o)
                0x08007238                rcc_dev_table
 .rodata.masks.4420
                0x08007294       0x14 C:\Users\hp\AppData\Local\Temp\arduino\cores\23c3f8b5ebc389b616464b47bbe0ea13\core.a(rcc_f1.c.o)
 .rodata.usbVcomDescriptor_iProduct
                0x080072a8        0xc C:\Users\hp\AppData\Local\Temp\arduino\cores\23c3f8b5ebc389b616464b47bbe0ea13\core.a(usb_cdcacm.c.o)
 .rodata.usbVcomDescriptor_iManufacturer
                0x080072b4       0x12 C:\Users\hp\AppData\Local\Temp\arduino\cores\23c3f8b5ebc389b616464b47bbe0ea13\core.a(usb_cdcacm.c.o)
 .rodata.usbVcomDescriptor_Device
                0x080072c6       0x12 C:\Users\hp\AppData\Local\Temp\arduino\cores\23c3f8b5ebc389b616464b47bbe0ea13\core.a(usb_cdcacm.c.o)
 .rodata.usbVcomDescriptor_Config
                0x080072d8       0x43 C:\Users\hp\AppData\Local\Temp\arduino\cores\23c3f8b5ebc389b616464b47bbe0ea13\core.a(usb_cdcacm.c.o)
 .rodata.usbVcomDescriptor_LangID
                0x0800731b        0x4 C:\Users\hp\AppData\Local\Temp\arduino\cores\23c3f8b5ebc389b616464b47bbe0ea13\core.a(usb_cdcacm.c.o)
 *fill*         0x0800731f        0x1 
 .rodata._ZTV9USBSerial
                0x08007320       0x28 C:\Users\hp\AppData\Local\Temp\arduino\cores\23c3f8b5ebc389b616464b47bbe0ea13\core.a(usb_serial.cpp.o)
                0x08007320                vtable for USBSerial
 .rodata.str1.1
                0x08007348        0x2 c:/users/hp/appdata/local/arduino15/packages/arduino/tools/arm-none-eabi-gcc/4.8.3-2014q1/bin/../lib/gcc/arm-none-eabi/4.8.3/../../../../arm-none-eabi/lib/armv7-m\libc_s.a(lib_a-impure.o)
 *fill*         0x0800734a        0x2 
 .rodata._global_impure_ptr
                0x0800734c        0x4 c:/users/hp/appdata/local/arduino15/packages/arduino/tools/arm-none-eabi-gcc/4.8.3-2014q1/bin/../lib/gcc/arm-none-eabi/4.8.3/../../../../arm-none-eabi/lib/armv7-m\libc_s.a(lib_a-impure.o)
                0x0800734c                _global_impure_ptr
 *(.USER_FLASH)
                0x08007350                . = ALIGN (0x4)
                0x08007350                _lm_rom_img_cfgp = .
                0x08007350        0x4 LONG 0x8005fd0 LOADADDR (.data)
                0x200015d0                _lm_heap_start = DEFINED (_lm_heap_start)?_lm_heap_start:_end
                0x20005000                _lm_heap_end = DEFINED (_lm_heap_end)?_lm_heap_end:__msp_init

.rel.dyn        0x08007354        0x0
 .rel.iplt      0x00000000        0x0 c:/users/hp/appdata/local/arduino15/packages/arduino/tools/arm-none-eabi-gcc/4.8.3-2014q1/bin/../lib/gcc/arm-none-eabi/4.8.3/armv7-m/crtbegin.o

.bss            0x20000d78      0x858
                0x20000d78                . = ALIGN (0x8)
                0x20000d78                __bss_start__ = .
 *(.bss .bss.* .gnu.linkonce.b.*)
 .bss           0x20000d78       0x1c c:/users/hp/appdata/local/arduino15/packages/arduino/tools/arm-none-eabi-gcc/4.8.3-2014q1/bin/../lib/gcc/arm-none-eabi/4.8.3/armv7-m/crtbegin.o
 .bss.mod_alt_r
                0x20000d94        0x4 C:\Users\hp\AppData\Local\Temp\arduino\sketches\BF235838F9AD6845FAC0745D755FB0CD\sketch\Usb_keyboard_v0.0.ino.cpp.o
                0x20000d94                mod_alt_r
 .bss.Consumer  0x20000d98       0x44 C:\Users\hp\AppData\Local\Temp\arduino\sketches\BF235838F9AD6845FAC0745D755FB0CD\sketch\Usb_keyboard_v0.0.ino.cpp.o
                0x20000d98                Consumer
 .bss.slot2     0x20000ddc        0x4 C:\Users\hp\AppData\Local\Temp\arduino\sketches\BF235838F9AD6845FAC0745D755FB0CD\sketch\Usb_keyboard_v0.0.ino.cpp.o
                0x20000ddc                slot2
 .bss.slot3     0x20000de0        0x4 C:\Users\hp\AppData\Local\Temp\arduino\sketches\BF235838F9AD6845FAC0745D755FB0CD\sketch\Usb_keyboard_v0.0.ino.cpp.o
                0x20000de0                slot3
 .bss.mod_gui   0x20000de4        0x4 C:\Users\hp\AppData\Local\Temp\arduino\sketches\BF235838F9AD6845FAC0745D755FB0CD\sketch\Usb_keyboard_v0.0.ino.cpp.o
                0x20000de4                mod_gui
 .bss.slot1     0x20000de8        0x4 C:\Users\hp\AppData\Local\Temp\arduino\sketches\BF235838F9AD6845FAC0745D755FB0CD\sketch\Usb_keyboard_v0.0.ino.cpp.o
                0x20000de8                slot1
 .bss.mod_shift_l
                0x20000dec        0x4 C:\Users\hp\AppData\Local\Temp\arduino\sketches\BF235838F9AD6845FAC0745D755FB0CD\sketch\Usb_keyboard_v0.0.ino.cpp.o
                0x20000dec                mod_shift_l
 .bss.mod_shift_r
                0x20000df0        0x4 C:\Users\hp\AppData\Local\Temp\arduino\sketches\BF235838F9AD6845FAC0745D755FB0CD\sketch\Usb_keyboard_v0.0.ino.cpp.o
                0x20000df0                mod_shift_r
 .bss.slot4     0x20000df4        0x4 C:\Users\hp\AppData\Local\Temp\arduino\sketches\BF235838F9AD6845FAC0745D755FB0CD\sketch\Usb_keyboard_v0.0.ino.cpp.o
                0x20000df4                slot4
 .bss.slot5     0x20000df8        0x4 C:\Users\hp\AppData\Local\Temp\arduino\sketches\BF235838F9AD6845FAC0745D755FB0CD\sketch\Usb_keyboard_v0.0.ino.cpp.o
                0x20000df8                slot5
 .bss.slot6     0x20000dfc        0x4 C:\Users\hp\AppData\Local\Temp\arduino\sketches\BF235838F9AD6845FAC0745D755FB0CD\sketch\Usb_keyboard_v0.0.ino.cpp.o
                0x20000dfc                slot6
 .bss.HID       0x20000e00       0x1c C:\Users\hp\AppData\Local\Temp\arduino\sketches\BF235838F9AD6845FAC0745D755FB0CD\sketch\Usb_keyboard_v0.0.ino.cpp.o
                0x20000e00                HID
 .bss.slots_full
                0x20000e1c        0x1 C:\Users\hp\AppData\Local\Temp\arduino\sketches\BF235838F9AD6845FAC0745D755FB0CD\sketch\Usb_keyboard_v0.0.ino.cpp.o
                0x20000e1c                slots_full
 *fill*         0x20000e1d        0x3 
 .bss.mod_ctrl_l
                0x20000e20        0x4 C:\Users\hp\AppData\Local\Temp\arduino\sketches\BF235838F9AD6845FAC0745D755FB0CD\sketch\Usb_keyboard_v0.0.ino.cpp.o
                0x20000e20                mod_ctrl_l
 .bss.mod_ctrl_r
                0x20000e24        0x4 C:\Users\hp\AppData\Local\Temp\arduino\sketches\BF235838F9AD6845FAC0745D755FB0CD\sketch\Usb_keyboard_v0.0.ino.cpp.o
                0x20000e24                mod_ctrl_r
 .bss.Keyboard  0x20000e28       0x64 C:\Users\hp\AppData\Local\Temp\arduino\sketches\BF235838F9AD6845FAC0745D755FB0CD\sketch\Usb_keyboard_v0.0.ino.cpp.o
                0x20000e28                Keyboard
 .bss.num_lock  0x20000e8c        0x1 C:\Users\hp\AppData\Local\Temp\arduino\sketches\BF235838F9AD6845FAC0745D755FB0CD\sketch\Usb_keyboard_v0.0.ino.cpp.o
                0x20000e8c                num_lock
 *fill*         0x20000e8d        0x3 
 .bss.mod_alt_l
                0x20000e90        0x4 C:\Users\hp\AppData\Local\Temp\arduino\sketches\BF235838F9AD6845FAC0745D755FB0CD\sketch\Usb_keyboard_v0.0.ino.cpp.o
                0x20000e90                mod_alt_l
 .bss.USBComposite
                0x20000e94       0x78 C:\Users\hp\AppData\Local\Temp\arduino\sketches\BF235838F9AD6845FAC0745D755FB0CD\libraries\USBComposite\USBComposite.cpp.o
                0x20000e94                USBComposite
 .bss.control_tx_chunk_list
                0x20000f0c        0x4 C:\Users\hp\AppData\Local\Temp\arduino\sketches\BF235838F9AD6845FAC0745D755FB0CD\libraries\USBComposite\usb_generic.c.o
 .bss.ep_int_out
                0x20000f10       0x1c C:\Users\hp\AppData\Local\Temp\arduino\sketches\BF235838F9AD6845FAC0745D755FB0CD\libraries\USBComposite\usb_generic.c.o
 .bss.minimum_address
                0x20000f2c        0x1 C:\Users\hp\AppData\Local\Temp\arduino\sketches\BF235838F9AD6845FAC0745D755FB0CD\libraries\USBComposite\usb_generic.c.o
 *fill*         0x20000f2d        0x3 
 .bss.numParts  0x20000f30        0x4 C:\Users\hp\AppData\Local\Temp\arduino\sketches\BF235838F9AD6845FAC0745D755FB0CD\libraries\USBComposite\usb_generic.c.o
 .bss.saved_Device_Table
                0x20000f34        0x2 C:\Users\hp\AppData\Local\Temp\arduino\sketches\BF235838F9AD6845FAC0745D755FB0CD\libraries\USBComposite\usb_generic.c.o
 .bss.control_rx_length
                0x20000f36        0x2 C:\Users\hp\AppData\Local\Temp\arduino\sketches\BF235838F9AD6845FAC0745D755FB0CD\libraries\USBComposite\usb_generic.c.o
 .bss.control_tx_done
                0x20000f38        0x4 C:\Users\hp\AppData\Local\Temp\arduino\sketches\BF235838F9AD6845FAC0745D755FB0CD\libraries\USBComposite\usb_generic.c.o
 .bss.usbConfig
                0x20000f3c       0xd1 C:\Users\hp\AppData\Local\Temp\arduino\sketches\BF235838F9AD6845FAC0745D755FB0CD\libraries\USBComposite\usb_generic.c.o
 *fill*         0x2000100d        0x3 
 .bss.saved_User_Standard_Requests
                0x20001010       0x24 C:\Users\hp\AppData\Local\Temp\arduino\sketches\BF235838F9AD6845FAC0745D755FB0CD\libraries\USBComposite\usb_generic.c.o
 .bss.saved_Device_Property
                0x20001034       0x30 C:\Users\hp\AppData\Local\Temp\arduino\sketches\BF235838F9AD6845FAC0745D755FB0CD\libraries\USBComposite\usb_generic.c.o
 .bss.control_tx_chunk_buffer
                0x20001064       0x40 C:\Users\hp\AppData\Local\Temp\arduino\sketches\BF235838F9AD6845FAC0745D755FB0CD\libraries\USBComposite\usb_generic.c.o
 .bss.parts     0x200010a4        0x4 C:\Users\hp\AppData\Local\Temp\arduino\sketches\BF235838F9AD6845FAC0745D755FB0CD\libraries\USBComposite\usb_generic.c.o
 .bss.ep_int_in
                0x200010a8       0x1c C:\Users\hp\AppData\Local\Temp\arduino\sketches\BF235838F9AD6845FAC0745D755FB0CD\libraries\USBComposite\usb_generic.c.o
 .bss.control_tx_buffer
                0x200010c4        0x4 C:\Users\hp\AppData\Local\Temp\arduino\sketches\BF235838F9AD6845FAC0745D755FB0CD\libraries\USBComposite\usb_generic.c.o
 .bss.control_rx_done
                0x200010c8        0x4 C:\Users\hp\AppData\Local\Temp\arduino\sketches\BF235838F9AD6845FAC0745D755FB0CD\libraries\USBComposite\usb_generic.c.o
 .bss.control_tx_length